Archive member included because of file (symbol)

contiki-z1.a(sht11.o)         humiditytemp.co (sht11_init)
contiki-z1.a(rimeaddr.o)      obj_z1/contiki-z1-main.o (rimeaddr_copy)
contiki-z1.a(rime.o)          obj_z1/contiki-z1-main.o (rime_driver)
contiki-z1.a(announcement.o)  contiki-z1.a(rime.o) (announcement_init)
contiki-z1.a(broadcast-annou)
                              contiki-z1.a(rime.o) (broadcast_announcement_init)
contiki-z1.a(broadcast.o)     contiki-z1.a(broadcast-annou) (broadcast_open)
contiki-z1.a(abc.o)           contiki-z1.a(broadcast.o) (abc_open)
contiki-z1.a(chameleon.o)     contiki-z1.a(rime.o) (chameleon_init)
contiki-z1.a(channel.o)       contiki-z1.a(chameleon.o) (channel_init)
contiki-z1.a(chameleon-bitop)
                              contiki-z1.a(chameleon.o) (chameleon_bitopt)
contiki-z1.a(csma.o)          obj_z1/contiki-z1-main.o (csma_driver)
contiki-z1.a(contikimac.o)    obj_z1/contiki-z1-main.o (contikimac_driver)
contiki-z1.a(phase.o)         contiki-z1.a(contikimac.o) (phase_update)
contiki-z1.a(process.o)       obj_z1/adxl345.o (process_alloc_event)
contiki-z1.a(autostart.o)     obj_z1/contiki-z1-main.o (autostart_start)
contiki-z1.a(compower.o)      contiki-z1.a(contikimac.o) (compower_idle_activity)
contiki-z1.a(serial-line.o)   obj_z1/contiki-z1-main.o (serial_line_input_byte)
contiki-z1.a(memb.o)          contiki-z1.a(csma.o) (memb_init)
contiki-z1.a(timer.o)         obj_z1/adxl345.o (timer_set)
contiki-z1.a(list.o)          contiki-z1.a(announcement.o) (list_init)
contiki-z1.a(etimer.o)        obj_z1/contiki-z1-main.o (etimer_process)
contiki-z1.a(ctimer.o)        obj_z1/contiki-z1-main.o (ctimer_init)
contiki-z1.a(energest.o)      obj_z1/contiki-z1-main.o (energest_init)
contiki-z1.a(rtimer.o)        obj_z1/contiki-z1-main.o (rtimer_init)
contiki-z1.a(random.o)        contiki-z1.a(broadcast-annou) (random_rand)
contiki-z1.a(ringbuf.o)       contiki-z1.a(serial-line.o) (ringbuf_init)
contiki-z1.a(nbr-table.o)     contiki-z1.a(phase.o) (nbr_table_register)
contiki-z1.a(packetbuf.o)     contiki-z1.a(contikimac.o) (packetbuf_hdr_remove)
contiki-z1.a(queuebuf.o)      contiki-z1.a(rime.o) (queuebuf_init)
contiki-z1.a(contiki-z1-plat)
                              obj_z1/contiki-z1-main.o (init_platform)
contiki-z1.a(msp430.o)        obj_z1/contiki-z1-main.o (msp430_cpu_init)
contiki-z1.a(leds.o)          obj_z1/contiki-z1-main.o (leds_init)
contiki-z1.a(watchdog.o)      obj_z1/contiki-z1-main.o (watchdog_start)
contiki-z1.a(xmem.o)          obj_z1/contiki-z1-main.o (xmem_init)
contiki-z1.a(spi.o)           contiki-z1.a(xmem.o) (spi_init)
contiki-z1.a(cc2420.o)        obj_z1/contiki-z1-main.o (cc2420_set_channel)
contiki-z1.a(node-id.o)       obj_z1/contiki-z1-main.o (node_id_restore)
contiki-z1.a(button-sensor.o)
                              obj_z1/contiki-z1-main.o (button_sensor)
contiki-z1.a(uart0.o)         obj_z1/contiki-z1-main.o (uart0_active)
contiki-z1.a(uart0-putchar.o)
                              obj_z1/contiki-z1-main.o (putchar)
contiki-z1.a(clock.o)         contiki-z1.a(timer.o) (clock_time)
contiki-z1.a(leds-arch.o)     contiki-z1.a(leds.o) (leds_arch_init)
contiki-z1.a(rtimer-arch.o)   contiki-z1.a(rtimer.o) (rtimer_arch_init)
contiki-z1.a(cc2420-arch.o)   contiki-z1.a(cc2420.o) (cc2420_arch_init)
contiki-z1.a(sensors.o)       contiki-z1.a(button-sensor.o) (sensors_changed)
contiki-z1.a(mac.o)           contiki-z1.a(csma.o) (mac_call_sent_callback)
contiki-z1.a(framer-802154.o)
                              contiki-z1.a(contikimac.o) (framer_802154)
contiki-z1.a(frame802154.o)   contiki-z1.a(framer-802154.o) (frame802154_hdrlen)
/usr/lib/gcc/msp430/4.5.3/mcpu-430x/mmpy-16/libgcc.a(_mulsi3.o)
                              contiki-z1.a(csma.o) (__mulsi3)
/usr/lib/gcc/msp430/4.5.3/mcpu-430x/mmpy-16/libgcc.a(_udivmodhi4.o)
                              contiki-z1.a(phase.o) (__udivmodhi4)
/usr/lib/gcc/msp430/4.5.3/mcpu-430x/mmpy-16/libgcc.a(_divmodhi4.o)
                              contiki-z1.a(nbr-table.o) (__divmodhi4)
/usr/lib/gcc/msp430/4.5.3/mcpu-430x/mmpy-16/libgcc.a(_udivmodsi4.o)
                              obj_z1/contiki-z1-main.o (__udivmodsi4)
/usr/lib/gcc/msp430/4.5.3/mcpu-430x/mmpy-16/libgcc.a(_fixunssfsi.o)
                              humiditytemp.co (__fixunssfsi)
/usr/lib/gcc/msp430/4.5.3/mcpu-430x/mmpy-16/libgcc.a(_addsub_sf.o)
                              humiditytemp.co (__subsf3)
/usr/lib/gcc/msp430/4.5.3/mcpu-430x/mmpy-16/libgcc.a(_mul_sf.o)
                              humiditytemp.co (__mulsf3)
/usr/lib/gcc/msp430/4.5.3/mcpu-430x/mmpy-16/libgcc.a(_ge_sf.o)
                              /usr/lib/gcc/msp430/4.5.3/mcpu-430x/mmpy-16/libgcc.a(_fixunssfsi.o) (__gesf2)
/usr/lib/gcc/msp430/4.5.3/mcpu-430x/mmpy-16/libgcc.a(_sf_to_si.o)
                              /usr/lib/gcc/msp430/4.5.3/mcpu-430x/mmpy-16/libgcc.a(_fixunssfsi.o) (__fixsfsi)
/usr/lib/gcc/msp430/4.5.3/mcpu-430x/mmpy-16/libgcc.a(_thenan_sf.o)
[...]
Memory Configuration

Name             Origin             Length             Attributes
sfr              0x00000000         0x00000010
peripheral_8bit  0x00000010         0x000000f0
peripheral_16bit 0x00000100         0x00000100
infomem          0x00001000         0x00000100
infod            0x00001000         0x00000040
infoc            0x00001040         0x00000040
infob            0x00001080         0x00000040
infoa            0x000010c0         0x00000040
ram              0x00001100         0x00002000         xw
rom              0x00003100         0x0000cebe         xr
vectors          0x0000ffc0         0x00000040
far_rom          0x00010000         0x0000a000
bsl              0x00000000         0x00000000
*default*        0x00000000         0xffffffff

Linker script and memory map

LOAD /usr/lib/gcc/msp430/4.5.3/mcpu-430x/mmpy-16/crt0ivtbl32.o
                0x00000041                __P1SEL2 = 0x41
                0x00000045                __P5SEL2 = 0x45
LOAD humiditytemp.co
LOAD obj_z1/i2cmaster.o
LOAD obj_z1/tmp102.o
LOAD obj_z1/adxl345.o
LOAD obj_z1/sky-sensors.o
LOAD obj_z1/contiki-z1-main.o
LOAD contiki-z1.a
LOAD /usr/lib/gcc/msp430/4.5.3/mcpu-430x/mmpy-16/libgcc.a
LOAD /usr/lib/gcc/msp430/4.5.3/../../../../msp430/lib/mcpu-430x/mmpy-16/libc.a
LOAD /usr/lib/gcc/msp430/4.5.3/mcpu-430x/mmpy-16/libgcc.a
LOAD /usr/lib/gcc/msp430/4.5.3/mcpu-430x/mmpy-16/libcrt0.a
                0x00000000                __IE1 = 0x0
                0x00000002                __IFG1 = 0x2
                0x00000001                __IE2 = 0x1
                0x00000003                __IFG2 = 0x3
                0x00000006                __UC1IE = 0x6
                0x00000007                __UC1IFG = 0x7
                0x000001a0                __ADC12CTL0 = 0x1a0
                0x000001a2                __ADC12CTL1 = 0x1a2
                0x000001a4                __ADC12IFG = 0x1a4
                0x000001a6                __ADC12IE = 0x1a6
                0x000001a8                __ADC12IV = 0x1a8
                0x00000140                __ADC12MEM0 = 0x140
                0x00000142                __ADC12MEM1 = 0x142
                0x00000144                __ADC12MEM2 = 0x144
                0x00000146                __ADC12MEM3 = 0x146
                0x00000148                __ADC12MEM4 = 0x148
                0x0000014a                __ADC12MEM5 = 0x14a
                0x0000014c                __ADC12MEM6 = 0x14c
                0x0000014e                __ADC12MEM7 = 0x14e
                0x00000150                __ADC12MEM8 = 0x150
                0x00000152                __ADC12MEM9 = 0x152
                0x00000154                __ADC12MEM10 = 0x154
                0x00000156                __ADC12MEM11 = 0x156
                0x00000158                __ADC12MEM12 = 0x158
                0x0000015a                __ADC12MEM13 = 0x15a
                0x0000015c                __ADC12MEM14 = 0x15c
                0x0000015e                __ADC12MEM15 = 0x15e
                0x00000080                __ADC12MCTL0 = 0x80
                0x00000081                __ADC12MCTL1 = 0x81
                0x00000082                __ADC12MCTL2 = 0x82
                0x00000083                __ADC12MCTL3 = 0x83
                0x00000084                __ADC12MCTL4 = 0x84
                0x00000085                __ADC12MCTL5 = 0x85
                0x00000086                __ADC12MCTL6 = 0x86
                0x00000087                __ADC12MCTL7 = 0x87
                0x00000088                __ADC12MCTL8 = 0x88
                0x00000089                __ADC12MCTL9 = 0x89
                0x0000008a                __ADC12MCTL10 = 0x8a
                0x0000008b                __ADC12MCTL11 = 0x8b
                0x0000008c                __ADC12MCTL12 = 0x8c
                0x0000008d                __ADC12MCTL13 = 0x8d
                0x0000008e                __ADC12MCTL14 = 0x8e
                0x0000008f                __ADC12MCTL15 = 0x8f
                0x00000056                __DCOCTL = 0x56
                0x00000057                __BCSCTL1 = 0x57
                0x00000058                __BCSCTL2 = 0x58
                0x00000053                __BCSCTL3 = 0x53
                0x00000059                __CACTL1 = 0x59
                0x0000005a                __CACTL2 = 0x5a
                0x0000005b                __CAPD = 0x5b
                0x000001c0                __DAC12_0CTL = 0x1c0
                0x000001c2                __DAC12_1CTL = 0x1c2
                0x000001c8                __DAC12_0DAT = 0x1c8
                0x000001ca                __DAC12_1DAT = 0x1ca
                0x00000122                __DMACTL0 = 0x122
                0x00000124                __DMACTL1 = 0x124
                0x00000126                __DMAIV = 0x126
                0x000001d0                __DMA0CTL = 0x1d0
                0x000001dc                __DMA1CTL = 0x1dc
                0x000001e8                __DMA2CTL = 0x1e8
                0x000001d2                __DMA0SA = 0x1d2
                0x000001d2                __DMA0SAL = 0x1d2
                0x000001d6                __DMA0DA = 0x1d6
                0x000001d6                __DMA0DAL = 0x1d6
                0x000001da                __DMA0SZ = 0x1da
                0x000001de                __DMA1SA = 0x1de
                0x000001de                __DMA1SAL = 0x1de
                0x000001e2                __DMA1DA = 0x1e2
                0x000001e2                __DMA1DAL = 0x1e2
                0x000001e6                __DMA1SZ = 0x1e6
                0x000001ea                __DMA2SA = 0x1ea
                0x000001ea                __DMA2SAL = 0x1ea
                0x000001ee                __DMA2DA = 0x1ee
                0x000001ee                __DMA2DAL = 0x1ee
                0x000001f2                __DMA2SZ = 0x1f2
                0x00000128                __FCTL1 = 0x128
                0x0000012a                __FCTL2 = 0x12a
                0x0000012c                __FCTL3 = 0x12c
                0x000001be                __FCTL4 = 0x1be
                0x00000130                __MPY = 0x130
                0x00000132                __MPYS = 0x132
                0x00000134                __MAC = 0x134
                0x00000136                __MACS = 0x136
                0x00000138                __OP2 = 0x138
                0x0000013a                __RESLO = 0x13a
                0x0000013c                __RESHI = 0x13c
                0x0000013e                __SUMEXT = 0x13e
                0x00000020                __P1IN = 0x20
                0x00000021                __P1OUT = 0x21
                0x00000022                __P1DIR = 0x22
                0x00000023                __P1IFG = 0x23
                0x00000024                __P1IES = 0x24
                0x00000025                __P1IE = 0x25
                0x00000026                __P1SEL = 0x26
                0x00000027                __P1REN = 0x27
                0x00000028                __P2IN = 0x28
                0x00000029                __P2OUT = 0x29
                0x0000002a                __P2DIR = 0x2a
                0x0000002b                __P2IFG = 0x2b
                0x0000002c                __P2IES = 0x2c
                0x0000002d                __P2IE = 0x2d
                0x0000002e                __P2SEL = 0x2e
                0x0000002f                __P2REN = 0x2f
                0x00000018                __P3IN = 0x18
                0x00000019                __P3OUT = 0x19
                0x0000001a                __P3DIR = 0x1a
                0x0000001b                __P3SEL = 0x1b
                0x00000010                __P3REN = 0x10
                0x0000001c                __P4IN = 0x1c
                0x0000001d                __P4OUT = 0x1d
                0x0000001e                __P4DIR = 0x1e
                0x0000001f                __P4SEL = 0x1f
                0x00000011                __P4REN = 0x11
                0x00000030                __P5IN = 0x30
                0x00000031                __P5OUT = 0x31
                0x00000032                __P5DIR = 0x32
                0x00000033                __P5SEL = 0x33
                0x00000012                __P5REN = 0x12
                0x00000034                __P6IN = 0x34
                0x00000035                __P6OUT = 0x35
                0x00000036                __P6DIR = 0x36
                0x00000037                __P6SEL = 0x37
                0x00000013                __P6REN = 0x13
                0x00000038                __P7IN = 0x38
                0x0000003a                __P7OUT = 0x3a
                0x0000003c                __P7DIR = 0x3c
                0x0000003e                __P7SEL = 0x3e
                0x00000014                __P7REN = 0x14
                0x00000039                __P8IN = 0x39
                0x0000003b                __P8OUT = 0x3b
                0x0000003d                __P8DIR = 0x3d
                0x0000003f                __P8SEL = 0x3f
                0x00000015                __P8REN = 0x15
                0x00000038                __PAIN = 0x38
                0x0000003a                __PAOUT = 0x3a
                0x0000003c                __PADIR = 0x3c
                0x0000003e                __PASEL = 0x3e
                0x00000014                __PAREN = 0x14
                0x00000055                __SVSCTL = 0x55
                0x0000012e                __TAIV = 0x12e
                0x00000160                __TACTL = 0x160
                0x00000162                __TACCTL0 = 0x162
                0x00000164                __TACCTL1 = 0x164
                0x00000166                __TACCTL2 = 0x166
                0x00000170                __TAR = 0x170
                0x00000172                __TACCR0 = 0x172
                0x00000174                __TACCR1 = 0x174
                0x00000176                __TACCR2 = 0x176
                0x0000011e                __TBIV = 0x11e
                0x00000180                __TBCTL = 0x180
                0x00000182                __TBCCTL0 = 0x182
                0x00000184                __TBCCTL1 = 0x184
                0x00000186                __TBCCTL2 = 0x186
                0x00000188                __TBCCTL3 = 0x188
                0x0000018a                __TBCCTL4 = 0x18a
                0x0000018c                __TBCCTL5 = 0x18c
                0x0000018e                __TBCCTL6 = 0x18e
                0x00000190                __TBR = 0x190
                0x00000192                __TBCCR0 = 0x192
                0x00000194                __TBCCR1 = 0x194
                0x00000196                __TBCCR2 = 0x196
                0x00000198                __TBCCR3 = 0x198
                0x0000019a                __TBCCR4 = 0x19a
                0x0000019c                __TBCCR5 = 0x19c
                0x0000019e                __TBCCR6 = 0x19e
                0x00000060                __UCA0CTL0 = 0x60
                0x00000061                __UCA0CTL1 = 0x61
                0x00000062                __UCA0BR0 = 0x62
                0x00000063                __UCA0BR1 = 0x63
                0x00000064                __UCA0MCTL = 0x64
                0x00000065                __UCA0STAT = 0x65
                0x00000066                __UCA0RXBUF = 0x66
                0x00000067                __UCA0TXBUF = 0x67
                0x0000005d                __UCA0ABCTL = 0x5d
                0x0000005e                __UCA0IRTCTL = 0x5e
                0x0000005f                __UCA0IRRCTL = 0x5f
                0x00000068                __UCB0CTL0 = 0x68
                0x00000069                __UCB0CTL1 = 0x69
                0x0000006a                __UCB0BR0 = 0x6a
                0x0000006b                __UCB0BR1 = 0x6b
                0x0000006c                __UCB0I2CIE = 0x6c
                0x0000006d                __UCB0STAT = 0x6d
                0x0000006e                __UCB0RXBUF = 0x6e
                0x0000006f                __UCB0TXBUF = 0x6f
                0x00000118                __UCB0I2COA = 0x118
                0x0000011a                __UCB0I2CSA = 0x11a
                0x000000d0                __UCA1CTL0 = 0xd0
                0x000000d1                __UCA1CTL1 = 0xd1
                0x000000d2                __UCA1BR0 = 0xd2
                0x000000d3                __UCA1BR1 = 0xd3
                0x000000d4                __UCA1MCTL = 0xd4
                0x000000d5                __UCA1STAT = 0xd5
                0x000000d6                __UCA1RXBUF = 0xd6
                0x000000d7                __UCA1TXBUF = 0xd7
                0x000000cd                __UCA1ABCTL = 0xcd
                0x000000ce                __UCA1IRTCTL = 0xce
                0x000000cf                __UCA1IRRCTL = 0xcf
                0x000000d8                __UCB1CTL0 = 0xd8
                0x000000d9                __UCB1CTL1 = 0xd9
                0x000000da                __UCB1BR0 = 0xda
                0x000000db                __UCB1BR1 = 0xdb
                0x000000dc                __UCB1I2CIE = 0xdc
                0x000000dd                __UCB1STAT = 0xdd
                0x000000de                __UCB1RXBUF = 0xde
                0x000000df                __UCB1TXBUF = 0xdf
                0x0000017c                __UCB1I2COA = 0x17c
                0x0000017e                __UCB1I2CSA = 0x17e
                0x00000120                __WDTCTL = 0x120
                0x000010c0                __TLV_CHECKSUM = 0x10c0
                0x000010f6                __TLV_DCO_30_TAG = 0x10f6
                0x000010f7                __TLV_DCO_30_LEN = 0x10f7
                0x000010da                __TLV_ADC12_1_TAG = 0x10da
                0x000010db                __TLV_ADC12_1_LEN = 0x10db
                0x000010f8                __CALDCO_16MHZ = 0x10f8
                0x000010f9                __CALBC1_16MHZ = 0x10f9
                0x000010fa                __CALDCO_12MHZ = 0x10fa
                0x000010fb                __CALBC1_12MHZ = 0x10fb
                0x000010fc                __CALDCO_8MHZ = 0x10fc
                0x000010fd                __CALBC1_8MHZ = 0x10fd
                0x000010fe                __CALDCO_1MHZ = 0x10fe
                0x000010ff                __CALBC1_1MHZ = 0x10ff

.hash
 *(.hash)

.dynsym
 *(.dynsym)

.dynstr
 *(.dynstr)

.gnu.version
 *(.gnu.version)

.gnu.version_d
 *(.gnu.version_d)

.gnu.version_r
 *(.gnu.version_r)

.rel.init
 *(.rel.init)

.rela.init
 *(.rela.init)

.rel.text
 *(.rel.text)
 *(.rel.text.*)
 *(.rel.gnu.linkonce.t*)

.rela.text
 *(.rela.text)
 *(.rela.text.*)
 *(.rela.gnu.linkonce.t*)

.rel.fini
 *(.rel.fini)

.rela.fini
 *(.rela.fini)

.rel.rodata
 *(.rel.rodata)
 *(.rel.rodata.*)
 *(.rel.gnu.linkonce.r*)

.rela.rodata
 *(.rela.rodata)
 *(.rela.rodata.*)
 *(.rela.gnu.linkonce.r*)

.rel.data
 *(.rel.data)
 *(.rel.data.*)
 *(.rel.gnu.linkonce.d*)

.rela.data
 *(.rela.data)
 *(.rela.data.*)
 *(.rela.gnu.linkonce.d*)

.rel.ctors
 *(.rel.ctors)

.rela.ctors
 *(.rela.ctors)

.rel.dtors
 *(.rel.dtors)

.rela.dtors
 *(.rela.dtors)

.rel.got
 *(.rel.got)

.rela.got
 *(.rela.got)

.rel.bss
 *(.rel.bss)

.rela.bss
 *(.rela.bss)

.rel.plt
 *(.rel.plt)

.rela.plt
 *(.rela.plt)

.text           0x00003100     0x6e08
                0x00003100                . = ALIGN (0x2)
 *(.init)
 *(.init0)
 .init0         0x00003100        0x0 /usr/lib/gcc/msp430/4.5.3/mcpu-430x/mmpy-16/libcrt0.a(_reset_vector__.o)
                0x00003100                _reset_vector__
 *(.init1)
 *(.init2)
 .init2         0x00003100        0x4 /usr/lib/gcc/msp430/4.5.3/mcpu-430x/mmpy-16/libcrt0.a(__init_stack.o)
                0x00003100                __init_stack
 *(.init3)
 .init3         0x00003104        0xa /usr/lib/gcc/msp430/4.5.3/mcpu-430x/mmpy-16/libcrt0.a(__low_level_init.o)
                0x00003104                __low_level_init
 *(.init4)
 .init4         0x0000310e       0x16 /usr/lib/gcc/msp430/4.5.3/mcpu-430x/mmpy-16/libcrt0.a(_copy_data.o)
                0x0000310e                __do_copy_data
 .init4         0x00003124       0x14 /usr/lib/gcc/msp430/4.5.3/mcpu-430x/mmpy-16/libcrt0.a(_clear_bss.o)
                0x00003124                __do_clear_bss
 *(.init5)
 *(.init6)
 *(.init7)
 *(.init8)
 *(.init9)
 .init9         0x00003138      0x308 obj_z1/contiki-z1-main.o
                0x00003138                main
 *(.fini9)
 .fini9         0x00003440        0x0 /usr/lib/gcc/msp430/4.5.3/mcpu-430x/mmpy-16/libcrt0.a(__stop_progExec__.o)
                0x00003440                __stop_progExec__
 *(.fini8)
 *(.fini7)
 *(.fini6)
 *(.fini5)
 *(.fini4)
 *(.fini3)
 *(.fini2)
 *(.fini1)
 *(.fini0)
 .fini0         0x00003440        0x6 /usr/lib/gcc/msp430/4.5.3/mcpu-430x/mmpy-16/libcrt0.a(_endless_loop__.o)
                0x00003440                _endless_loop__
 *(.fini)
                0x00003446                . = ALIGN (0x2)
                0x00003446                __ctors_start = .
 *(.ctors)
                0x00003446                __ctors_end = .
                0x00003446                __dtors_start = .
 *(.dtors)
                0x00003446                __dtors_end = .
                0x00003446                . = ALIGN (0x2)
 *(.text)
 .text          0x00003446        0x4 /usr/lib/gcc/msp430/4.5.3/mcpu-430x/mmpy-16/crt0ivtbl32.o
                0x00003446                __isr_14
                0x00003446                __isr_4
                0x00003446                __isr_29
                0x00003446                __isr_11
                0x00003446                __isr_5
                0x00003446                __isr_2
                0x00003446                __isr_10
                0x00003446                __isr_7
                0x00003446                __isr_0
                0x00003446                __isr_28
                0x00003446                __isr_8
                0x00003446                __isr_20
                0x00003446                __isr_3
                0x00003446                __isr_12
                0x00003446                __isr_13
                0x00003446                __isr_27
                0x00003446                __isr_9
                0x00003446                __isr_30
                0x00003446                __isr_6
                0x00003446                __isr_22
                0x00003446                __isr_1
                0x00003446                __isr_15
                0x00003446                __isr_21
 .text          0x0000344a      0x14c humiditytemp.co
                0x00003592                autostart_processes
 .text          0x00003596      0x1a2 obj_z1/i2cmaster.o
                0x00003596                i2c_receiveinit
                0x000035cc                i2c_transmitinit
                0x000035fc                i2c_receive_n
                0x00003640                i2c_busy
                0x0000364a                i2c_enable
                0x0000366e                i2c_disable
                0x00003688                i2c_transmit_n
                0x0000369c                __isr_16
                0x0000369c                i2c_tx_interrupt
                0x00003720                i2c_rx_interrupt
                0x00003720                __isr_17
 .text          0x00003738      0x164 obj_z1/tmp102.o
                0x00003738                tmp102_init
                0x00003766                tmp102_write_reg
                0x0000379e                tmp102_read_reg
                0x000037fe                tmp102_read_temp_raw
                0x00003806                tmp102_read_temp_x100
                0x00003870                tmp102_read_temp_simple
 .text          0x0000389c      0x350 obj_z1/adxl345.o
                0x0000389c                accm_write_reg
                0x000038ca                accm_write_stream
                0x000038f8                accm_read_reg
                0x000039a4                accm_read_stream
                0x000039fa                accm_read_axis
                0x00003a20                accm_set_grange
                0x00003a44                accm_init
                0x00003ad4                accm_set_irq
                0x00003b00                port1_isr
                0x00003b00                __isr_18
 .text          0x00003bec      0x132 obj_z1/sky-sensors.o
                0x00003bec                sky_sensors_status
                0x00003c28                sky_sensors_configure
 .text          0x00003d1e       0xda obj_z1/contiki-z1-main.o
                0x00003d1e                uip_log
 .text          0x00003df8      0x268 contiki-z1.a(sht11.o)
                0x00003fc6                sht11_init
                0x00003fe4                sht11_off
                0x00003ff8                sht11_temp
                0x00004002                sht11_humidity
                0x0000400c                sht11_sreg
 .text          0x00004060       0x26 contiki-z1.a(rimeaddr.o)
                0x00004060                rimeaddr_copy
                0x00004066                rimeaddr_cmp
                0x00004078                rimeaddr_set_node_addr
                0x00004084                rimeaddr_null
 .text          0x00004086       0xf0 contiki-z1.a(rime.o)
                0x00004132                rime_sniffer_add
                0x0000413e                rime_sniffer_remove
                0x0000414a                rime_output
                0x00004170                rime_driver
 .text          0x00004176      0x124 contiki-z1.a(announcement.o)
                0x00004176                announcement_init
                0x00004180                announcement_register
                0x000041be                announcement_remove
                0x000041ca                announcement_remove_value
                0x000041ec                announcement_set_value
                0x00004214                announcement_bump
                0x00004236                announcement_listen
                0x00004242                announcement_register_listen_callback
                0x00004248                announcement_register_observer_callback
                0x0000424e                announcement_list
                0x00004258                announcement_heard
 .text          0x0000429a      0x1fc contiki-z1.a(broadcast-annou)
                0x0000441e                broadcast_announcement_init
                0x00004466                broadcast_announcement_stop
                0x00004488                broadcast_announcement_beacon_interval
 .text          0x00004496       0x88 contiki-z1.a(broadcast.o)
                0x000044cc                broadcast_open
                0x000044f6                broadcast_close
                0x000044fc                broadcast_send
 .text          0x0000451e       0x52 contiki-z1.a(abc.o)
                0x0000451e                abc_open
                0x00004544                abc_close
                0x0000454a                abc_send
                0x00004550                abc_input
                0x0000455e                abc_sent
 .text          0x00004570       0x38 contiki-z1.a(chameleon.o)
                0x00004570                chameleon_init
                0x00004576                chameleon_parse
                0x00004586                chameleon_create
                0x000045a2                chameleon_hdrsize
 .text          0x000045a8       0x6a contiki-z1.a(channel.o)
                0x000045a8                channel_init
                0x000045b2                channel_open
                0x000045c2                channel_close
                0x000045ce                channel_lookup
                0x000045ee                channel_set_attributes
 .text          0x00004612      0x36c contiki-z1.a(chameleon-bitop)
                0x00004628                get_bits_in_byte
                0x00004658                get_bits
                0x000047e0                set_bits_in_byte
                0x00004806                set_bits
                0x0000496e                chameleon_bitopt
 .text          0x0000497e      0x38c contiki-z1.a(csma.o)
                0x00004cfc                csma_driver
 .text          0x00004d0a      0x7b6 contiki-z1.a(contikimac.o)
                0x000054a0                contikimac_debug_print
                0x000054b0                contikimac_driver
 .text          0x000054c0      0x1fa contiki-z1.a(phase.o)
                0x00005504                phase_update
                0x00005594                phase_wait
                0x000056a6                phase_init
 .text          0x000056ba      0x2ac contiki-z1.a(process.o)
                0x000057ca                process_alloc_event
                0x000057d8                process_exit
                0x000057e2                process_init
                0x000057fe                process_run
                0x0000589a                process_nevents
                0x000058a6                process_post
                0x000058fa                process_post_synch
                0x0000590c                process_start
                0x0000593e                process_poll
                0x00005958                process_is_running
 .text          0x00005966       0x2e contiki-z1.a(autostart.o)
                0x00005966                autostart_start
                0x0000597e                autostart_exit
 .text          0x00005994       0xc8 contiki-z1.a(compower.o)
                0x00005994                compower_init
                0x000059a6                compower_accumulate
                0x00005a18                compower_clear
                0x00005a2a                compower_attrconv
                0x00005a3a                compower_accumulate_attrs
 .text          0x00005a5c      0x116 contiki-z1.a(serial-line.o)
                0x00005b02                serial_line_input_byte
                0x00005b48                serial_line_init
 .text          0x00005b72       0xdc contiki-z1.a(memb.o)
                0x00005b72                memb_init
                0x00005ba8                memb_alloc
                0x00005be6                memb_free
                0x00005c20                memb_inmemb
 .text          0x00005c4e       0x94 contiki-z1.a(timer.o)
                0x00005c4e                timer_set
                0x00005c6a                timer_reset
                0x00005c78                timer_restart
                0x00005c8c                timer_expired
                0x00005cba                timer_remaining
 .text          0x00005ce2       0xfc contiki-z1.a(list.o)
                0x00005ce2                list_init
                0x00005ce8                list_head
                0x00005cec                list_copy
                0x00005cf2                list_tail
                0x00005d06                list_chop
                0x00005d30                list_pop
                0x00005d3e                list_remove
                0x00005d6c                list_push
                0x00005d86                list_add
                0x00005db0                list_length
                0x00005dc0                list_insert
                0x00005dd6                list_item_next
 .text          0x00005dde      0x276 contiki-z1.a(etimer.o)
                0x00005e56                etimer_request_poll
                0x00005f6e                etimer_set
                0x00005f80                etimer_reset
                0x00005f92                etimer_restart
                0x00005fa4                etimer_adjust
                0x00005fbe                etimer_expired
                0x00005fcc                etimer_expiration_time
                0x00005fe0                etimer_start_time
                0x00005fe8                etimer_pending
                0x00005ff6                etimer_next_expiration_time
                0x0000600c                etimer_stop
 .text          0x00006054      0x1f4 contiki-z1.a(ctimer.o)
                0x000060f8                ctimer_init
                0x00006110                ctimer_set
                0x0000616a                ctimer_reset
                0x000061a4                ctimer_restart
                0x000061de                ctimer_stop
                0x00006206                ctimer_expired
 .text          0x00006248       0xcc contiki-z1.a(energest.o)
                0x00006248                energest_init
                0x00006272                energest_type_time
                0x000062b6                energest_leveldevice_leveltime
                0x000062bc                energest_type_set
                0x000062ca                energest_flush
 .text          0x00006314       0x50 contiki-z1.a(rtimer.o)
                0x00006314                rtimer_init
                0x0000631a                rtimer_set
                0x0000633e                rtimer_run_next
 .text          0x00006364        0xc contiki-z1.a(random.o)
                0x00006364                random_init
                0x0000636a                random_rand
 .text          0x00006370       0x9c contiki-z1.a(ringbuf.o)
                0x00006370                ringbuf_init
                0x00006384                ringbuf_put
                0x000063c0                ringbuf_get
                0x000063f2                ringbuf_size
                0x000063fa                ringbuf_elements
 .text          0x0000640c      0x40c contiki-z1.a(nbr-table.o)
                0x0000659e                nbr_table_register
                0x000065c4                nbr_table_next
                0x000065fa                nbr_table_head
                0x00006630                nbr_table_add_lladdr
                0x0000676e                nbr_table_get_from_lladdr
                0x000067ba                nbr_table_remove
                0x000067ec                nbr_table_lock
                0x000067fc                nbr_table_unlock
                0x0000680c                nbr_table_get_lladdr
 .text          0x00006818      0x23c contiki-z1.a(packetbuf.o)
                0x00006818                packetbuf_clear_hdr
                0x00006820                packetbuf_copyto_hdr
                0x0000683c                packetbuf_copyto
                0x0000688e                packetbuf_hdr_remove
                0x00006894                packetbuf_hdrreduce
                0x000068ae                packetbuf_set_datalen
                0x000068b4                packetbuf_dataptr
                0x000068be                packetbuf_hdrptr
                0x000068c8                packetbuf_is_reference
                0x000068d6                packetbuf_compact
                0x0000691e                packetbuf_reference_ptr
                0x00006924                packetbuf_datalen
                0x0000692a                packetbuf_hdrlen
                0x00006934                packetbuf_totlen
                0x00006944                packetbuf_hdralloc
                0x00006972                packetbuf_attr_clear
                0x000069a0                packetbuf_clear
                0x000069c0                packetbuf_reference
                0x000069da                packetbuf_copyfrom
                0x00006a08                packetbuf_attr_copyto
                0x00006a28                packetbuf_attr_copyfrom
 .text          0x00006a54      0x1ba contiki-z1.a(queuebuf.o)
                0x00006a54                queuebuf_init
                0x00006a6e                queuebuf_new_from_packetbuf
                0x00006aee                queuebuf_update_attr_from_packetbuf
                0x00006b00                queuebuf_free
                0x00006b46                queuebuf_to_packetbuf
                0x00006bb6                queuebuf_dataptr
                0x00006bea                queuebuf_datalen
                0x00006bf0                queuebuf_addr
                0x00006bfe                queuebuf_attr
                0x00006c0c                queuebuf_debug_print
 .text          0x00006c0e        0xc contiki-z1.a(contiki-z1-plat)
                0x00006c0e                init_platform
 .text          0x00006c1a       0xde contiki-z1.a(msp430.o)
                0x00006c1a                msp430_init_dco
                0x00006c44                msp430_quick_synch_dco
                0x00006cca                msp430_cpu_init
                0x00006cf0                splhigh_
 .text          0x00006cf8      0x17e contiki-z1.a(leds.o)
                0x00006e04                leds_init
                0x00006e12                leds_get
                0x00006e18                leds_on
                0x00006e2c                leds_off
                0x00006e40                leds_invert
                0x00006e4a                leds_toggle
                0x00006e50                leds_blink
 .text          0x00006e76       0x5c contiki-z1.a(watchdog.o)
                0x00006e76                __isr_26
                0x00006e76                watchdog_interrupt
                0x00006e7c                watchdog_start
                0x00006e90                watchdog_periodic
                0x00006ea2                watchdog_stop
                0x00006eb8                watchdog_init
                0x00006ecc                watchdog_reboot
 .text          0x00006ed2      0x3b6 contiki-z1.a(xmem.o)
                0x00006f4a                xmem_init
                0x00006f68                xmem_pread
                0x0000704a                xmem_pwrite
                0x000071be                xmem_erase
 .text          0x00007288       0x38 contiki-z1.a(spi.o)
                0x00007288                spi_init
 .text          0x000072c0      0xad2 contiki-z1.a(cc2420.o)
                0x000075da                cc2420_on
                0x000075fc                cc2420_off
                0x00007828                cc2420_get_channel
                0x0000782e                cc2420_set_channel
                0x000078a8                cc2420_set_pan_addr
                0x000079f4                cc2420_init
                0x00007ac8                cc2420_interrupt
                0x00007ae8                cc2420_set_txpower
                0x00007af6                cc2420_get_txpower
                0x00007cd0                cc2420_rssi
                0x00007d34                cc2420_cca_valid
                0x00007d5a                cc2420_set_cca_threshold
                0x00007d7e                cc2420_driver
 .text          0x00007d92       0x96 contiki-z1.a(node-id.o)
                0x00007d92                node_id_restore
                0x00007dde                node_id_burn
 .text          0x00007e28      0x128 contiki-z1.a(button-sensor.o)
                0x00007eae                irq_p2
                0x00007eae                __isr_19
                0x00007f48                button_sensor
 .text          0x00007f50       0xf2 contiki-z1.a(uart0.o)
                0x00007f50                uart0_active
                0x00007f5c                uart0_set_input
                0x00007f62                uart0_writeb
                0x00007f7a                uart0_init
                0x00007fc0                __isr_23
                0x00007fc0                uart0_rx_interrupt
 .text          0x00008042        0xe contiki-z1.a(uart0-putchar.o)
                0x00008042                putchar
 .text          0x00008050      0x1dc contiki-z1.a(clock.o)
                0x00008050                __isr_24
                0x00008050                timera1
                0x0000813e                clock_time
                0x00008158                clock_set
                0x0000816e                clock_fine_max
                0x00008174                clock_fine
                0x0000817e                clock_init
                0x000081a6                clock_delay
                0x000081b2                clock_wait
                0x000081e8                clock_set_seconds
                0x00008204                clock_seconds
                0x0000821e                clock_counter
 .text          0x0000822c       0x76 contiki-z1.a(leds-arch.o)
                0x0000822c                leds_arch_init
                0x0000823a                leds_arch_get
                0x00008268                leds_arch_set
 .text          0x000082a2       0x98 contiki-z1.a(rtimer-arch.o)
                0x000082a2                rtimer_arch_init
                0x000082b0                rtimer_arch_now
                0x000082be                __isr_25
                0x000082be                timera0
                0x00008334                rtimer_arch_schedule
 .text          0x0000833a       0x1a contiki-z1.a(cc2420-arch.o)
                0x0000833a                cc2420_arch_init
 .text          0x00008354      0x164 contiki-z1.a(sensors.o)
                0x00008438                sensors_first
                0x0000843e                sensors_next
                0x0000844c                sensors_changed
                0x00008460                sensors_find
 .text          0x000084b8       0x14 contiki-z1.a(mac.o)
                0x000084b8                mac_call_sent_callback
 .text          0x000084cc      0x1b2 contiki-z1.a(framer-802154.o)
                0x0000867a                framer_802154
 .text          0x0000867e      0x3d2 contiki-z1.a(frame802154.o)
                0x00008716                frame802154_hdrlen
                0x00008744                frame802154_create
                0x000088b0                frame802154_parse
 .text          0x00008a50        0x0 /usr/lib/gcc/msp430/4.5.3/mcpu-430x/mmpy-16/libgcc.a(_mulsi3.o)
 .text          0x00008a50        0x0 /usr/lib/gcc/msp430/4.5.3/mcpu-430x/mmpy-16/libgcc.a(_udivmodhi4.o)
 .text          0x00008a50        0x0 /usr/lib/gcc/msp430/4.5.3/mcpu-430x/mmpy-16/libgcc.a(_divmodhi4.o)
 .text          0x00008a50        0x0 /usr/lib/gcc/msp430/4.5.3/mcpu-430x/mmpy-16/libgcc.a(_udivmodsi4.o)
 .text          0x00008a50       0x42 /usr/lib/gcc/msp430/4.5.3/mcpu-430x/mmpy-16/libgcc.a(_fixunssfsi.o)
                0x00008a50                __fixunssfsi
 .text          0x00008a92      0x352 /usr/lib/gcc/msp430/4.5.3/mcpu-430x/mmpy-16/libgcc.a(_addsub_sf.o)
                0x00008d40                __addsf3
                0x00008d90                __subsf3
 .text          0x00008de4      0x1fe /usr/lib/gcc/msp430/4.5.3/mcpu-430x/mmpy-16/libgcc.a(_mul_sf.o)
                0x00008de4                __mulsf3
 .text          0x00008fe2       0x58 /usr/lib/gcc/msp430/4.5.3/mcpu-430x/mmpy-16/libgcc.a(_ge_sf.o)
                0x00008fe2                __gesf2
 .text          0x0000903a       0x8a /usr/lib/gcc/msp430/4.5.3/mcpu-430x/mmpy-16/libgcc.a(_sf_to_si.o)
                0x0000903a                __fixsfsi
 .text          0x000090c4        0x8 /usr/lib/gcc/msp430/4.5.3/mcpu-430x/mmpy-16/libgcc.a(_thenan_sf.o)
                0x000090c4                __thenan_sf
 .text          0x000090cc       0xd8 /usr/lib/gcc/msp430/4.5.3/mcpu-430x/mmpy-16/libgcc.a(_usi_to_sf.o)
                0x000090cc                __floatunsisf
 .text          0x000091a4       0x58 /usr/lib/gcc/msp430/4.5.3/mcpu-430x/mmpy-16/libgcc.a(_clzsi2.o)
                0x000091a4                __clzsi2
 .text          0x000091fc      0x1d6 /usr/lib/gcc/msp430/4.5.3/mcpu-430x/mmpy-16/libgcc.a(_pack_sf.o)
                0x000091fc                __pack_f
 .text          0x000093d2      0x132 /usr/lib/gcc/msp430/4.5.3/mcpu-430x/mmpy-16/libgcc.a(_unpack_sf.o)
                0x000093d2                __unpack_f
 .text          0x00009504       0xa2 /usr/lib/gcc/msp430/4.5.3/mcpu-430x/mmpy-16/libgcc.a(_fpcmp_parts_sf.o)
                0x00009504                __fpcmp_parts_f
 .text          0x000095a6      0x100 /usr/lib/gcc/msp430/4.5.3/mcpu-430x/mmpy-16/libgcc.a(_clz.o)
                0x000095a6                __clz_tab
 .text          0x000096a6       0x30 /usr/lib/gcc/msp430/4.5.3/../../../../msp430/lib/mcpu-430x/mmpy-16/libc.a(strncmp.o)
                0x000096a6                strncmp
 .text          0x000096d6       0x34 /usr/lib/gcc/msp430/4.5.3/../../../../msp430/lib/mcpu-430x/mmpy-16/libc.a(memcmp.o)
                0x000096d6                memcmp
 .text          0x0000970a      0x104 /usr/lib/gcc/msp430/4.5.3/../../../../msp430/lib/mcpu-430x/mmpy-16/libc.a(memcpy.o)
                0x0000970a                memcpy
 .text          0x0000980e       0x66 /usr/lib/gcc/msp430/4.5.3/../../../../msp430/lib/mcpu-430x/mmpy-16/libc.a(memset.o)
                0x0000980e                memset
 .text          0x00009874       0x20 /usr/lib/gcc/msp430/4.5.3/../../../../msp430/lib/mcpu-430x/mmpy-16/libc.a(printf.o)
                0x00009874                printf
                0x00009886                vprintf
 .text          0x00009894      0x476 /usr/lib/gcc/msp430/4.5.3/../../../../msp430/lib/mcpu-430x/mmpy-16/libc.a(vuprintf.o)
                0x000099a0                vuprintf
 .text          0x00009d0a       0x2c /usr/lib/gcc/msp430/4.5.3/../../../../msp430/lib/mcpu-430x/mmpy-16/libc.a(puts.o)
                0x00009d0a                puts
 .text          0x00009d36      0x134 /usr/lib/gcc/msp430/4.5.3/../../../../msp430/lib/mcpu-430x/mmpy-16/libc.a(rand.o)
                0x00009d36                rand_r
                0x00009dca                rand
                0x00009e60                srand
 .text          0x00009e6a        0x0 /usr/lib/gcc/msp430/4.5.3/mcpu-430x/mmpy-16/libcrt0.a(_reset_vector__.o)
 .text          0x00009e6a        0x0 /usr/lib/gcc/msp430/4.5.3/mcpu-430x/mmpy-16/libcrt0.a(__init_stack.o)
 .text          0x00009e6a        0x0 /usr/lib/gcc/msp430/4.5.3/mcpu-430x/mmpy-16/libcrt0.a(__low_level_init.o)
 .text          0x00009e6a        0x0 /usr/lib/gcc/msp430/4.5.3/mcpu-430x/mmpy-16/libcrt0.a(_copy_data.o)
 .text          0x00009e6a        0x0 /usr/lib/gcc/msp430/4.5.3/mcpu-430x/mmpy-16/libcrt0.a(_clear_bss.o)
 .text          0x00009e6a        0x0 /usr/lib/gcc/msp430/4.5.3/mcpu-430x/mmpy-16/libcrt0.a(__stop_progExec__.o)
 .text          0x00009e6a        0x0 /usr/lib/gcc/msp430/4.5.3/mcpu-430x/mmpy-16/libcrt0.a(_endless_loop__.o)
 .text          0x00009e6a        0x0 /usr/lib/gcc/msp430/4.5.3/mcpu-430x/mmpy-16/libcrt0.a(_unexpected_.o)
                0x00009e6a                . = ALIGN (0x2)
 *(.text.*)
 .text.crt0     0x00009e6a        0x0 /usr/lib/gcc/msp430/4.5.3/mcpu-430x/mmpy-16/crt0ivtbl32.o
 .text.libgcc   0x00009e6a       0x20 /usr/lib/gcc/msp430/4.5.3/mcpu-430x/mmpy-16/libgcc.a(_mulsi3.o)
                0x00009e6a                __mulsi3
 .text.libgcc   0x00009e8a       0x1c /usr/lib/gcc/msp430/4.5.3/mcpu-430x/mmpy-16/libgcc.a(_udivmodhi4.o)
                0x00009e8a                __udivmodhi4
 .text.libgcc   0x00009ea6       0x36 /usr/lib/gcc/msp430/4.5.3/mcpu-430x/mmpy-16/libgcc.a(_divmodhi4.o)
                0x00009ea6                __divmodhi4
 .text.libgcc   0x00009edc       0x2a /usr/lib/gcc/msp430/4.5.3/mcpu-430x/mmpy-16/libgcc.a(_udivmodsi4.o)
                0x00009edc                __udivmodsi4
 .text.crt0     0x00009f06        0x2 /usr/lib/gcc/msp430/4.5.3/mcpu-430x/mmpy-16/libcrt0.a(_unexpected_.o)
                0x00009f06                _unexpected_

.rodata         0x00009f08        0x0
                0x00009f08                . = ALIGN (0x2)
 *(.rodata .rodata.* .gnu.linkonce.r.*)
                0x00009f08                . = ALIGN (0x2)
                0x00009f08                _etext = .

.data           0x00001100       0xae load address 0x00009f08
                0x00001100                . = ALIGN (0x2)
                0x00001100                PROVIDE (__data_start, .)
 *(.data)
 .data          0x00001100        0x0 /usr/lib/gcc/msp430/4.5.3/mcpu-430x/mmpy-16/crt0ivtbl32.o
 .data          0x00001100        0xa humiditytemp.co
                0x00001100                humidity_temp_process
 .data          0x0000110a        0x0 obj_z1/i2cmaster.o
 .data          0x0000110a        0x0 obj_z1/tmp102.o
 .data          0x0000110a       0x20 obj_z1/adxl345.o
                0x0000110a                accmeter_process
 .data          0x0000112a        0x0 obj_z1/sky-sensors.o
 .data          0x0000112a        0x4 obj_z1/contiki-z1-main.o
                0x0000112a                sensors
 .data          0x0000112e        0x0 contiki-z1.a(sht11.o)
 .data          0x0000112e        0x0 contiki-z1.a(rimeaddr.o)
 .data          0x0000112e        0x0 contiki-z1.a(rime.o)
 .data          0x0000112e        0x0 contiki-z1.a(announcement.o)
 .data          0x0000112e        0x0 contiki-z1.a(broadcast-annou)
 .data          0x0000112e        0x0 contiki-z1.a(broadcast.o)
 .data          0x0000112e        0x0 contiki-z1.a(abc.o)
 .data          0x0000112e        0x0 contiki-z1.a(chameleon.o)
 .data          0x0000112e        0x0 contiki-z1.a(channel.o)
 .data          0x0000112e        0x0 contiki-z1.a(chameleon-bitop)
 .data          0x0000112e       0x18 contiki-z1.a(csma.o)
 .data          0x00001146        0x0 contiki-z1.a(contikimac.o)
 .data          0x00001146       0x10 contiki-z1.a(phase.o)
 .data          0x00001156        0x0 contiki-z1.a(process.o)
 .data          0x00001156        0x0 contiki-z1.a(autostart.o)
 .data          0x00001156        0x0 contiki-z1.a(compower.o)
 .data          0x00001156        0xa contiki-z1.a(serial-line.o)
                0x00001156                serial_line_process
 .data          0x00001160        0x0 contiki-z1.a(memb.o)
 .data          0x00001160        0x0 contiki-z1.a(timer.o)
 .data          0x00001160        0x0 contiki-z1.a(list.o)
 .data          0x00001160        0xa contiki-z1.a(etimer.o)
                0x00001160                etimer_process
 .data          0x0000116a        0xa contiki-z1.a(ctimer.o)
                0x0000116a                ctimer_process
 .data          0x00001174        0x0 contiki-z1.a(energest.o)
 .data          0x00001174        0x0 contiki-z1.a(rtimer.o)
 .data          0x00001174        0x0 contiki-z1.a(random.o)
 .data          0x00001174        0x0 contiki-z1.a(ringbuf.o)
 .data          0x00001174        0x8 contiki-z1.a(nbr-table.o)
 .data          0x0000117c        0x0 contiki-z1.a(packetbuf.o)
 .data          0x0000117c       0x18 contiki-z1.a(queuebuf.o)
 .data          0x00001194        0x0 contiki-z1.a(contiki-z1-plat)
 .data          0x00001194        0x2 contiki-z1.a(msp430.o)
 .data          0x00001196        0x0 contiki-z1.a(leds.o)
 .data          0x00001196        0x0 contiki-z1.a(watchdog.o)
 .data          0x00001196        0x0 contiki-z1.a(xmem.o)
 .data          0x00001196        0x0 contiki-z1.a(spi.o)
 .data          0x00001196        0xa contiki-z1.a(cc2420.o)
                0x00001196                cc2420_process
 .data          0x000011a0        0x0 contiki-z1.a(node-id.o)
 .data          0x000011a0        0x0 contiki-z1.a(button-sensor.o)
 .data          0x000011a0        0x0 contiki-z1.a(uart0.o)
 .data          0x000011a0        0x0 contiki-z1.a(uart0-putchar.o)
 .data          0x000011a0        0x0 contiki-z1.a(clock.o)
 .data          0x000011a0        0x0 contiki-z1.a(leds-arch.o)
 .data          0x000011a0        0x0 contiki-z1.a(rtimer-arch.o)
 .data          0x000011a0        0x0 contiki-z1.a(cc2420-arch.o)
 .data          0x000011a0        0xa contiki-z1.a(sensors.o)
                0x000011a0                sensors_process
 .data          0x000011aa        0x0 contiki-z1.a(mac.o)
 .data          0x000011aa        0x0 contiki-z1.a(framer-802154.o)
 .data          0x000011aa        0x0 contiki-z1.a(frame802154.o)
 .data          0x000011aa        0x0 /usr/lib/gcc/msp430/4.5.3/mcpu-430x/mmpy-16/libgcc.a(_mulsi3.o)
 .data          0x000011aa        0x0 /usr/lib/gcc/msp430/4.5.3/mcpu-430x/mmpy-16/libgcc.a(_udivmodhi4.o)
 .data          0x000011aa        0x0 /usr/lib/gcc/msp430/4.5.3/mcpu-430x/mmpy-16/libgcc.a(_divmodhi4.o)
 .data          0x000011aa        0x0 /usr/lib/gcc/msp430/4.5.3/mcpu-430x/mmpy-16/libgcc.a(_udivmodsi4.o)
 .data          0x000011aa        0x0 /usr/lib/gcc/msp430/4.5.3/mcpu-430x/mmpy-16/libgcc.a(_fixunssfsi.o)
 .data          0x000011aa        0x0 /usr/lib/gcc/msp430/4.5.3/mcpu-430x/mmpy-16/libgcc.a(_addsub_sf.o)
 .data          0x000011aa        0x0 /usr/lib/gcc/msp430/4.5.3/mcpu-430x/mmpy-16/libgcc.a(_mul_sf.o)
 .data          0x000011aa        0x0 /usr/lib/gcc/msp430/4.5.3/mcpu-430x/mmpy-16/libgcc.a(_ge_sf.o)
 .data          0x000011aa        0x0 /usr/lib/gcc/msp430/4.5.3/mcpu-430x/mmpy-16/libgcc.a(_sf_to_si.o)
 .data          0x000011aa        0x0 /usr/lib/gcc/msp430/4.5.3/mcpu-430x/mmpy-16/libgcc.a(_thenan_sf.o)
 .data          0x000011aa        0x0 /usr/lib/gcc/msp430/4.5.3/mcpu-430x/mmpy-16/libgcc.a(_usi_to_sf.o)
 .data          0x000011aa        0x0 /usr/lib/gcc/msp430/4.5.3/mcpu-430x/mmpy-16/libgcc.a(_clzsi2.o)
 .data          0x000011aa        0x0 /usr/lib/gcc/msp430/4.5.3/mcpu-430x/mmpy-16/libgcc.a(_pack_sf.o)
 .data          0x000011aa        0x0 /usr/lib/gcc/msp430/4.5.3/mcpu-430x/mmpy-16/libgcc.a(_unpack_sf.o)
 .data          0x000011aa        0x0 /usr/lib/gcc/msp430/4.5.3/mcpu-430x/mmpy-16/libgcc.a(_fpcmp_parts_sf.o)
 .data          0x000011aa        0x0 /usr/lib/gcc/msp430/4.5.3/mcpu-430x/mmpy-16/libgcc.a(_clz.o)
 .data          0x000011aa        0x0 /usr/lib/gcc/msp430/4.5.3/../../../../msp430/lib/mcpu-430x/mmpy-16/libc.a(strncmp.o)
 .data          0x000011aa        0x0 /usr/lib/gcc/msp430/4.5.3/../../../../msp430/lib/mcpu-430x/mmpy-16/libc.a(memcmp.o)
 .data          0x000011aa        0x0 /usr/lib/gcc/msp430/4.5.3/../../../../msp430/lib/mcpu-430x/mmpy-16/libc.a(memcpy.o)
 .data          0x000011aa        0x0 /usr/lib/gcc/msp430/4.5.3/../../../../msp430/lib/mcpu-430x/mmpy-16/libc.a(memset.o)
 .data          0x000011aa        0x0 /usr/lib/gcc/msp430/4.5.3/../../../../msp430/lib/mcpu-430x/mmpy-16/libc.a(printf.o)
 .data          0x000011aa        0x0 /usr/lib/gcc/msp430/4.5.3/../../../../msp430/lib/mcpu-430x/mmpy-16/libc.a(vuprintf.o)
 .data          0x000011aa        0x0 /usr/lib/gcc/msp430/4.5.3/../../../../msp430/lib/mcpu-430x/mmpy-16/libc.a(puts.o)
 .data          0x000011aa        0x4 /usr/lib/gcc/msp430/4.5.3/../../../../msp430/lib/mcpu-430x/mmpy-16/libc.a(rand.o)
 .data          0x000011ae        0x0 /usr/lib/gcc/msp430/4.5.3/mcpu-430x/mmpy-16/libcrt0.a(_reset_vector__.o)
 .data          0x000011ae        0x0 /usr/lib/gcc/msp430/4.5.3/mcpu-430x/mmpy-16/libcrt0.a(__init_stack.o)
 .data          0x000011ae        0x0 /usr/lib/gcc/msp430/4.5.3/mcpu-430x/mmpy-16/libcrt0.a(__low_level_init.o)
 .data          0x000011ae        0x0 /usr/lib/gcc/msp430/4.5.3/mcpu-430x/mmpy-16/libcrt0.a(_copy_data.o)
 .data          0x000011ae        0x0 /usr/lib/gcc/msp430/4.5.3/mcpu-430x/mmpy-16/libcrt0.a(_clear_bss.o)
 .data          0x000011ae        0x0 /usr/lib/gcc/msp430/4.5.3/mcpu-430x/mmpy-16/libcrt0.a(__stop_progExec__.o)
 .data          0x000011ae        0x0 /usr/lib/gcc/msp430/4.5.3/mcpu-430x/mmpy-16/libcrt0.a(_endless_loop__.o)
 .data          0x000011ae        0x0 /usr/lib/gcc/msp430/4.5.3/mcpu-430x/mmpy-16/libcrt0.a(_unexpected_.o)
 *(SORT(.data.*))
                0x000011ae                . = ALIGN (0x2)
 *(.gnu.linkonce.d*)
                0x000011ae                . = ALIGN (0x2)
                0x000011ae                _edata = .
                0x00009f08                PROVIDE (__data_load_start, LOADADDR (.data))
                0x000000ae                PROVIDE (__data_size, SIZEOF (.data))

.bss            0x000011ae      0xcbd load address 0x00009fb6
                0x000011ae                PROVIDE (__bss_start, .)
 *(.bss)
 .bss           0x000011ae        0x0 /usr/lib/gcc/msp430/4.5.3/mcpu-430x/mmpy-16/crt0ivtbl32.o
 .bss           0x000011ae        0xe humiditytemp.co
 .bss           0x000011bc        0x2 obj_z1/i2cmaster.o
 .bss           0x000011be        0x2 obj_z1/tmp102.o
 .bss           0x000011c0       0x16 obj_z1/adxl345.o
 .bss           0x000011d6        0x4 obj_z1/sky-sensors.o
 .bss           0x000011da        0x4 obj_z1/contiki-z1-main.o
 .bss           0x000011de        0x0 contiki-z1.a(sht11.o)
 .bss           0x000011de        0x0 contiki-z1.a(rimeaddr.o)
 .bss           0x000011de        0x2 contiki-z1.a(rime.o)
 .bss           0x000011e0        0x6 contiki-z1.a(announcement.o)
 .bss           0x000011e6       0x46 contiki-z1.a(broadcast-annou)
 .bss           0x0000122c        0x0 contiki-z1.a(broadcast.o)
 .bss           0x0000122c        0x0 contiki-z1.a(abc.o)
 .bss           0x0000122c        0x0 contiki-z1.a(chameleon.o)
 .bss           0x0000122c        0x2 contiki-z1.a(channel.o)
 .bss           0x0000122e        0x0 contiki-z1.a(chameleon-bitop)
 .bss           0x0000122e       0xb6 contiki-z1.a(csma.o)
 .bss           0x000012e4       0x78 contiki-z1.a(contikimac.o)
 .bss           0x0000135c      0x148 contiki-z1.a(phase.o)
 .bss           0x000014a4       0x42 contiki-z1.a(process.o)
                0x000014a4                process_list
                0x000014a6                process_current
 .bss           0x000014e6        0x0 contiki-z1.a(autostart.o)
 .bss           0x000014e6        0x8 contiki-z1.a(compower.o)
 .bss           0x000014ee      0x10a contiki-z1.a(serial-line.o)
 .bss           0x000015f8        0x0 contiki-z1.a(memb.o)
 .bss           0x000015f8        0x0 contiki-z1.a(timer.o)
 .bss           0x000015f8        0x0 contiki-z1.a(list.o)
 .bss           0x000015f8        0x6 contiki-z1.a(etimer.o)
 .bss           0x000015fe        0x4 contiki-z1.a(ctimer.o)
 .bss           0x00001602        0x0 contiki-z1.a(energest.o)
 .bss           0x00001602        0x2 contiki-z1.a(rtimer.o)
 .bss           0x00001604        0x0 contiki-z1.a(random.o)
 .bss           0x00001604        0x0 contiki-z1.a(ringbuf.o)
 .bss           0x00001604       0x4c contiki-z1.a(nbr-table.o)
 .bss           0x00001650       0xba contiki-z1.a(packetbuf.o)
 .bss           0x0000170a      0x65e contiki-z1.a(queuebuf.o)
 .bss           0x00001d68        0x0 contiki-z1.a(contiki-z1-plat)
 .bss           0x00001d68        0x0 contiki-z1.a(msp430.o)
 .bss           0x00001d68        0x2 contiki-z1.a(leds.o)
 .bss           0x00001d6a        0x2 contiki-z1.a(watchdog.o)
 .bss           0x00001d6c        0x0 contiki-z1.a(xmem.o)
 .bss           0x00001d6c        0x2 contiki-z1.a(spi.o)
                0x00001d6c                spi_busy
 .bss           0x00001d6e        0xa contiki-z1.a(cc2420.o)
 .bss           0x00001d78        0x2 contiki-z1.a(node-id.o)
                0x00001d78                node_id
 .bss           0x00001d7a        0x8 contiki-z1.a(button-sensor.o)
 .bss           0x00001d82        0x4 contiki-z1.a(uart0.o)
 .bss           0x00001d86        0x0 contiki-z1.a(uart0-putchar.o)
 .bss           0x00001d86        0xa contiki-z1.a(clock.o)
 .bss           0x00001d90        0x0 contiki-z1.a(leds-arch.o)
 .bss           0x00001d90        0x0 contiki-z1.a(rtimer-arch.o)
 .bss           0x00001d90        0x0 contiki-z1.a(cc2420-arch.o)
 .bss           0x00001d90        0x6 contiki-z1.a(sensors.o)
 .bss           0x00001d96        0x0 contiki-z1.a(mac.o)
 .bss           0x00001d96        0x2 contiki-z1.a(framer-802154.o)
 .bss           0x00001d98        0x0 contiki-z1.a(frame802154.o)
 .bss           0x00001d98        0x0 /usr/lib/gcc/msp430/4.5.3/mcpu-430x/mmpy-16/libgcc.a(_mulsi3.o)
 .bss           0x00001d98        0x0 /usr/lib/gcc/msp430/4.5.3/mcpu-430x/mmpy-16/libgcc.a(_udivmodhi4.o)
 .bss           0x00001d98        0x0 /usr/lib/gcc/msp430/4.5.3/mcpu-430x/mmpy-16/libgcc.a(_divmodhi4.o)
 .bss           0x00001d98        0x0 /usr/lib/gcc/msp430/4.5.3/mcpu-430x/mmpy-16/libgcc.a(_udivmodsi4.o)
 .bss           0x00001d98        0x0 /usr/lib/gcc/msp430/4.5.3/mcpu-430x/mmpy-16/libgcc.a(_fixunssfsi.o)
 .bss           0x00001d98        0x0 /usr/lib/gcc/msp430/4.5.3/mcpu-430x/mmpy-16/libgcc.a(_addsub_sf.o)
 .bss           0x00001d98        0x0 /usr/lib/gcc/msp430/4.5.3/mcpu-430x/mmpy-16/libgcc.a(_mul_sf.o)
 .bss           0x00001d98        0x0 /usr/lib/gcc/msp430/4.5.3/mcpu-430x/mmpy-16/libgcc.a(_ge_sf.o)
 .bss           0x00001d98        0x0 /usr/lib/gcc/msp430/4.5.3/mcpu-430x/mmpy-16/libgcc.a(_sf_to_si.o)
 .bss           0x00001d98        0x0 /usr/lib/gcc/msp430/4.5.3/mcpu-430x/mmpy-16/libgcc.a(_thenan_sf.o)
 .bss           0x00001d98        0x0 /usr/lib/gcc/msp430/4.5.3/mcpu-430x/mmpy-16/libgcc.a(_usi_to_sf.o)
 .bss           0x00001d98        0x0 /usr/lib/gcc/msp430/4.5.3/mcpu-430x/mmpy-16/libgcc.a(_clzsi2.o)
 .bss           0x00001d98        0x0 /usr/lib/gcc/msp430/4.5.3/mcpu-430x/mmpy-16/libgcc.a(_pack_sf.o)
 .bss           0x00001d98        0x0 /usr/lib/gcc/msp430/4.5.3/mcpu-430x/mmpy-16/libgcc.a(_unpack_sf.o)
 .bss           0x00001d98        0x0 /usr/lib/gcc/msp430/4.5.3/mcpu-430x/mmpy-16/libgcc.a(_fpcmp_parts_sf.o)
 .bss           0x00001d98        0x0 /usr/lib/gcc/msp430/4.5.3/mcpu-430x/mmpy-16/libgcc.a(_clz.o)
 .bss           0x00001d98        0x0 /usr/lib/gcc/msp430/4.5.3/../../../../msp430/lib/mcpu-430x/mmpy-16/libc.a(strncmp.o)
 .bss           0x00001d98        0x0 /usr/lib/gcc/msp430/4.5.3/../../../../msp430/lib/mcpu-430x/mmpy-16/libc.a(memcmp.o)
 .bss           0x00001d98        0x0 /usr/lib/gcc/msp430/4.5.3/../../../../msp430/lib/mcpu-430x/mmpy-16/libc.a(memcpy.o)
 .bss           0x00001d98        0x0 /usr/lib/gcc/msp430/4.5.3/../../../../msp430/lib/mcpu-430x/mmpy-16/libc.a(memset.o)
 .bss           0x00001d98        0x0 /usr/lib/gcc/msp430/4.5.3/../../../../msp430/lib/mcpu-430x/mmpy-16/libc.a(printf.o)
 .bss           0x00001d98        0x0 /usr/lib/gcc/msp430/4.5.3/../../../../msp430/lib/mcpu-430x/mmpy-16/libc.a(vuprintf.o)
 .bss           0x00001d98        0x0 /usr/lib/gcc/msp430/4.5.3/../../../../msp430/lib/mcpu-430x/mmpy-16/libc.a(puts.o)
 .bss           0x00001d98        0x0 /usr/lib/gcc/msp430/4.5.3/../../../../msp430/lib/mcpu-430x/mmpy-16/libc.a(rand.o)
 .bss           0x00001d98        0x0 /usr/lib/gcc/msp430/4.5.3/mcpu-430x/mmpy-16/libcrt0.a(_reset_vector__.o)
 .bss           0x00001d98        0x0 /usr/lib/gcc/msp430/4.5.3/mcpu-430x/mmpy-16/libcrt0.a(__init_stack.o)
 .bss           0x00001d98        0x0 /usr/lib/gcc/msp430/4.5.3/mcpu-430x/mmpy-16/libcrt0.a(__low_level_init.o)
 .bss           0x00001d98        0x0 /usr/lib/gcc/msp430/4.5.3/mcpu-430x/mmpy-16/libcrt0.a(_copy_data.o)
 .bss           0x00001d98        0x0 /usr/lib/gcc/msp430/4.5.3/mcpu-430x/mmpy-16/libcrt0.a(_clear_bss.o)
 .bss           0x00001d98        0x0 /usr/lib/gcc/msp430/4.5.3/mcpu-430x/mmpy-16/libcrt0.a(__stop_progExec__.o)
 .bss           0x00001d98        0x0 /usr/lib/gcc/msp430/4.5.3/mcpu-430x/mmpy-16/libcrt0.a(_endless_loop__.o)
 .bss           0x00001d98        0x0 /usr/lib/gcc/msp430/4.5.3/mcpu-430x/mmpy-16/libcrt0.a(_unexpected_.o)
 *(SORT(.bss.*))
 *(COMMON)
 COMMON         0x00001d98       0x10 obj_z1/i2cmaster.o
                0x00001d98                transmit_data1
                0x00001d99                rx_byte_ctr
                0x00001d9a                tx_buf_ptr
                0x00001d9c                tx_byte_ctr
                0x00001d9e                i
                0x00001da0                receive_data
                0x00001da2                rx_buf
                0x00001da4                transmit_data2
                0x00001da6                rx_buf_ptr
 COMMON         0x00001da8        0x7 obj_z1/adxl345.o
                0x00001da8                accm_int2_cb
                0x00001daa                int2_event
                0x00001dac                accm_int1_cb
                0x00001dae                int1_event
 *fill*         0x00001daf        0x1 00
 COMMON         0x00001db0        0x2 obj_z1/contiki-z1-main.o
                0x00001db0                sensors_flags
 COMMON         0x00001db2        0x2 contiki-z1.a(rimeaddr.o)
                0x00001db2                rimeaddr_node_addr
 COMMON         0x00001db4        0x1 contiki-z1.a(process.o)
                0x00001db4                process_maxevents
 *fill*         0x00001db5        0x1 00
 COMMON         0x00001db6        0x8 contiki-z1.a(compower.o)
                0x00001db6                compower_idle_activity
 COMMON         0x00001dbe        0x1 contiki-z1.a(serial-line.o)
                0x00001dbe                serial_line_event_message
 *fill*         0x00001dbf        0x1 00
 COMMON         0x00001dc0       0x56 contiki-z1.a(energest.o)
                0x00001dc0                energest_total_time
                0x00001df0                energest_total_count
                0x00001df2                energest_current_mode
                0x00001dfe                energest_current_time
 COMMON         0x00001e16       0x38 contiki-z1.a(packetbuf.o)
                0x00001e16                packetbuf_addrs
                0x00001e1e                packetbuf_attrs
 COMMON         0x00001e4e       0x14 contiki-z1.a(cc2420.o)
                0x00001e4e                cc2420_last_rssi
                0x00001e50                cc2420_packets_read
                0x00001e52                cc2420_packets_seen
                0x00001e54                cc2420_sfd_start_time
                0x00001e56                cc2420_time_of_departure
                0x00001e58                cc2420_time_of_arrival
                0x00001e5a                cc2420_last_correlation
                0x00001e5c                cc2420_authority_level_of_sender
                0x00001e5e                cc2420_sfd_counter
                0x00001e60                cc2420_sfd_end_time
 COMMON         0x00001e62        0x8 contiki-z1.a(node-id.o)
                0x00001e62                node_mac
 COMMON         0x00001e6a        0x1 contiki-z1.a(sensors.o)
                0x00001e6a                sensors_event
                0x00001e6b                PROVIDE (__bss_end, .)
                0x00001e6b                _end = .
                0x00000cbd                PROVIDE (__bss_size, SIZEOF (.bss))

.noinit         0x00001e6b        0x0 load address 0x00009fb6
                0x00001e6b                PROVIDE (__noinit_start, .)
 *(.noinit)
 *(.noinit.*)
 *(COMMON)
                0x00001e6b                PROVIDE (__noinit_end, .)
                0x00001e6b                _end = .

.infomem        0x00001000        0x0
 *(.infomem)
                0x00001000                . = ALIGN (0x2)
 *(.infomem.*)

.infomemnobits  0x00001000        0x0
                0x00001000                . = ALIGN (0x2)
 *(.infomemnobits)
                0x00001000                . = ALIGN (0x2)
 *(.infomemnobits.*)

.vectors        0x0000ffc0       0x40
                0x0000ffc0                PROVIDE (__vectors_start, .)
 *(.vectors*)
 .vectors       0x0000ffc0       0x40 /usr/lib/gcc/msp430/4.5.3/mcpu-430x/mmpy-16/crt0ivtbl32.o
                0x0000ffc0                __ivtbl_32
                0x00010000                _vectors_end = .

.fartext        0x00010000        0x0
                0x00010000                . = ALIGN (0x2)
 *(.fartext)
                0x00010000                . = ALIGN (0x2)
 *(.fartext.*)
                0x00010000                _efartext = .

.profiler
 *(.profiler)

.stab
 *(.stab)

.stabstr
 *(.stabstr)

.stab.excl
 *(.stab.excl)

.stab.exclstr
 *(.stab.exclstr)

.stab.index
 *(.stab.index)

.stab.indexstr
 *(.stab.indexstr)

.comment
 *(.comment)

.debug
 *(.debug)

.line
 *(.line)

.debug_srcinfo
 *(.debug_srcinfo)

.debug_sfnames
 *(.debug_sfnames)

.debug_aranges  0x00000000      0x230
 *(.debug_aranges)
 .debug_aranges
                0x00000000       0x14 /usr/lib/gcc/msp430/4.5.3/mcpu-430x/mmpy-16/libgcc.a(_mulsi3.o)
 .debug_aranges
                0x00000014       0x14 /usr/lib/gcc/msp430/4.5.3/mcpu-430x/mmpy-16/libgcc.a(_udivmodhi4.o)
 .debug_aranges
                0x00000028       0x14 /usr/lib/gcc/msp430/4.5.3/mcpu-430x/mmpy-16/libgcc.a(_divmodhi4.o)
 .debug_aranges
                0x0000003c       0x14 /usr/lib/gcc/msp430/4.5.3/mcpu-430x/mmpy-16/libgcc.a(_udivmodsi4.o)
 .debug_aranges
                0x00000050       0x14 /usr/lib/gcc/msp430/4.5.3/mcpu-430x/mmpy-16/libgcc.a(_fixunssfsi.o)
 .debug_aranges
                0x00000064       0x14 /usr/lib/gcc/msp430/4.5.3/mcpu-430x/mmpy-16/libgcc.a(_addsub_sf.o)
 .debug_aranges
                0x00000078       0x14 /usr/lib/gcc/msp430/4.5.3/mcpu-430x/mmpy-16/libgcc.a(_mul_sf.o)
 .debug_aranges
                0x0000008c       0x14 /usr/lib/gcc/msp430/4.5.3/mcpu-430x/mmpy-16/libgcc.a(_ge_sf.o)
 .debug_aranges
                0x000000a0       0x14 /usr/lib/gcc/msp430/4.5.3/mcpu-430x/mmpy-16/libgcc.a(_sf_to_si.o)
 .debug_aranges
                0x000000b4       0x14 /usr/lib/gcc/msp430/4.5.3/mcpu-430x/mmpy-16/libgcc.a(_usi_to_sf.o)
 .debug_aranges
                0x000000c8       0x14 /usr/lib/gcc/msp430/4.5.3/mcpu-430x/mmpy-16/libgcc.a(_clzsi2.o)
 .debug_aranges
                0x000000dc       0x14 /usr/lib/gcc/msp430/4.5.3/mcpu-430x/mmpy-16/libgcc.a(_pack_sf.o)
 .debug_aranges
                0x000000f0       0x14 /usr/lib/gcc/msp430/4.5.3/mcpu-430x/mmpy-16/libgcc.a(_unpack_sf.o)
 .debug_aranges
                0x00000104       0x14 /usr/lib/gcc/msp430/4.5.3/mcpu-430x/mmpy-16/libgcc.a(_fpcmp_parts_sf.o)
 .debug_aranges
                0x00000118       0x14 /usr/lib/gcc/msp430/4.5.3/../../../../msp430/lib/mcpu-430x/mmpy-16/libc.a(strncmp.o)
 .debug_aranges
                0x0000012c       0x14 /usr/lib/gcc/msp430/4.5.3/../../../../msp430/lib/mcpu-430x/mmpy-16/libc.a(memcmp.o)
 .debug_aranges
                0x00000140       0x14 /usr/lib/gcc/msp430/4.5.3/../../../../msp430/lib/mcpu-430x/mmpy-16/libc.a(memcpy.o)
 .debug_aranges
                0x00000154       0x14 /usr/lib/gcc/msp430/4.5.3/../../../../msp430/lib/mcpu-430x/mmpy-16/libc.a(memset.o)
 .debug_aranges
                0x00000168       0x14 /usr/lib/gcc/msp430/4.5.3/../../../../msp430/lib/mcpu-430x/mmpy-16/libc.a(printf.o)
 .debug_aranges
                0x0000017c       0x14 /usr/lib/gcc/msp430/4.5.3/../../../../msp430/lib/mcpu-430x/mmpy-16/libc.a(vuprintf.o)
 .debug_aranges
                0x00000190       0x14 /usr/lib/gcc/msp430/4.5.3/../../../../msp430/lib/mcpu-430x/mmpy-16/libc.a(puts.o)
 .debug_aranges
                0x000001a4       0x14 /usr/lib/gcc/msp430/4.5.3/../../../../msp430/lib/mcpu-430x/mmpy-16/libc.a(rand.o)
 .debug_aranges
                0x000001b8       0x14 /usr/lib/gcc/msp430/4.5.3/mcpu-430x/mmpy-16/libcrt0.a(__init_stack.o)
 .debug_aranges
                0x000001cc       0x14 /usr/lib/gcc/msp430/4.5.3/mcpu-430x/mmpy-16/libcrt0.a(__low_level_init.o)
 .debug_aranges
                0x000001e0       0x14 /usr/lib/gcc/msp430/4.5.3/mcpu-430x/mmpy-16/libcrt0.a(_copy_data.o)
 .debug_aranges
                0x000001f4       0x14 /usr/lib/gcc/msp430/4.5.3/mcpu-430x/mmpy-16/libcrt0.a(_clear_bss.o)
 .debug_aranges
                0x00000208       0x14 /usr/lib/gcc/msp430/4.5.3/mcpu-430x/mmpy-16/libcrt0.a(_endless_loop__.o)
 .debug_aranges
                0x0000021c       0x14 /usr/lib/gcc/msp430/4.5.3/mcpu-430x/mmpy-16/libcrt0.a(_unexpected_.o)

.debug_pubnames
                0x00000000      0x29f
 *(.debug_pubnames)
 .debug_pubnames
                0x00000000       0x23 /usr/lib/gcc/msp430/4.5.3/mcpu-430x/mmpy-16/libgcc.a(_fixunssfsi.o)
 .debug_pubnames
                0x00000023       0x2c /usr/lib/gcc/msp430/4.5.3/mcpu-430x/mmpy-16/libgcc.a(_addsub_sf.o)
 .debug_pubnames
                0x0000004f       0x1f /usr/lib/gcc/msp430/4.5.3/mcpu-430x/mmpy-16/libgcc.a(_mul_sf.o)
 .debug_pubnames
                0x0000006e       0x1e /usr/lib/gcc/msp430/4.5.3/mcpu-430x/mmpy-16/libgcc.a(_ge_sf.o)
 .debug_pubnames
                0x0000008c       0x20 /usr/lib/gcc/msp430/4.5.3/mcpu-430x/mmpy-16/libgcc.a(_sf_to_si.o)
 .debug_pubnames
                0x000000ac       0x22 /usr/lib/gcc/msp430/4.5.3/mcpu-430x/mmpy-16/libgcc.a(_thenan_sf.o)
 .debug_pubnames
                0x000000ce       0x24 /usr/lib/gcc/msp430/4.5.3/mcpu-430x/mmpy-16/libgcc.a(_usi_to_sf.o)
 .debug_pubnames
                0x000000f2       0x1f /usr/lib/gcc/msp430/4.5.3/mcpu-430x/mmpy-16/libgcc.a(_clzsi2.o)
 .debug_pubnames
                0x00000111       0x1f /usr/lib/gcc/msp430/4.5.3/mcpu-430x/mmpy-16/libgcc.a(_pack_sf.o)
 .debug_pubnames
                0x00000130       0x21 /usr/lib/gcc/msp430/4.5.3/mcpu-430x/mmpy-16/libgcc.a(_unpack_sf.o)
 .debug_pubnames
                0x00000151       0x26 /usr/lib/gcc/msp430/4.5.3/mcpu-430x/mmpy-16/libgcc.a(_fpcmp_parts_sf.o)
 .debug_pubnames
                0x00000177       0x20 /usr/lib/gcc/msp430/4.5.3/mcpu-430x/mmpy-16/libgcc.a(_clz.o)
 .debug_pubnames
                0x00000197       0x1e /usr/lib/gcc/msp430/4.5.3/../../../../msp430/lib/mcpu-430x/mmpy-16/libc.a(strncmp.o)
 .debug_pubnames
                0x000001b5       0x1d /usr/lib/gcc/msp430/4.5.3/../../../../msp430/lib/mcpu-430x/mmpy-16/libc.a(memcmp.o)
 .debug_pubnames
                0x000001d2       0x1d /usr/lib/gcc/msp430/4.5.3/../../../../msp430/lib/mcpu-430x/mmpy-16/libc.a(memcpy.o)
 .debug_pubnames
                0x000001ef       0x1d /usr/lib/gcc/msp430/4.5.3/../../../../msp430/lib/mcpu-430x/mmpy-16/libc.a(memset.o)
 .debug_pubnames
                0x0000020c       0x29 /usr/lib/gcc/msp430/4.5.3/../../../../msp430/lib/mcpu-430x/mmpy-16/libc.a(printf.o)
 .debug_pubnames
                0x00000235       0x1f /usr/lib/gcc/msp430/4.5.3/../../../../msp430/lib/mcpu-430x/mmpy-16/libc.a(vuprintf.o)
 .debug_pubnames
                0x00000254       0x1b /usr/lib/gcc/msp430/4.5.3/../../../../msp430/lib/mcpu-430x/mmpy-16/libc.a(puts.o)
 .debug_pubnames
                0x0000026f       0x30 /usr/lib/gcc/msp430/4.5.3/../../../../msp430/lib/mcpu-430x/mmpy-16/libc.a(rand.o)

.debug_info     0x00000000     0x2bdd
 *(.debug_info)
 .debug_info    0x00000000       0xe1 /usr/lib/gcc/msp430/4.5.3/mcpu-430x/mmpy-16/libgcc.a(_mulsi3.o)
 .debug_info    0x000000e1       0xe1 /usr/lib/gcc/msp430/4.5.3/mcpu-430x/mmpy-16/libgcc.a(_udivmodhi4.o)
 .debug_info    0x000001c2       0xe1 /usr/lib/gcc/msp430/4.5.3/mcpu-430x/mmpy-16/libgcc.a(_divmodhi4.o)
 .debug_info    0x000002a3       0xe1 /usr/lib/gcc/msp430/4.5.3/mcpu-430x/mmpy-16/libgcc.a(_udivmodsi4.o)
 .debug_info    0x00000384       0xae /usr/lib/gcc/msp430/4.5.3/mcpu-430x/mmpy-16/libgcc.a(_fixunssfsi.o)
 .debug_info    0x00000432      0x432 /usr/lib/gcc/msp430/4.5.3/mcpu-430x/mmpy-16/libgcc.a(_addsub_sf.o)
 .debug_info    0x00000864      0x3d6 /usr/lib/gcc/msp430/4.5.3/mcpu-430x/mmpy-16/libgcc.a(_mul_sf.o)
 .debug_info    0x00000c3a      0x27b /usr/lib/gcc/msp430/4.5.3/mcpu-430x/mmpy-16/libgcc.a(_ge_sf.o)
 .debug_info    0x00000eb5      0x296 /usr/lib/gcc/msp430/4.5.3/mcpu-430x/mmpy-16/libgcc.a(_sf_to_si.o)
 .debug_info    0x0000114b      0x151 /usr/lib/gcc/msp430/4.5.3/mcpu-430x/mmpy-16/libgcc.a(_thenan_sf.o)
 .debug_info    0x0000129c      0x217 /usr/lib/gcc/msp430/4.5.3/mcpu-430x/mmpy-16/libgcc.a(_usi_to_sf.o)
 .debug_info    0x000014b3      0x115 /usr/lib/gcc/msp430/4.5.3/mcpu-430x/mmpy-16/libgcc.a(_clzsi2.o)
 .debug_info    0x000015c8      0x2c2 /usr/lib/gcc/msp430/4.5.3/mcpu-430x/mmpy-16/libgcc.a(_pack_sf.o)
 .debug_info    0x0000188a      0x24d /usr/lib/gcc/msp430/4.5.3/mcpu-430x/mmpy-16/libgcc.a(_unpack_sf.o)
 .debug_info    0x00001ad7      0x1e2 /usr/lib/gcc/msp430/4.5.3/mcpu-430x/mmpy-16/libgcc.a(_fpcmp_parts_sf.o)
 .debug_info    0x00001cb9       0x99 /usr/lib/gcc/msp430/4.5.3/mcpu-430x/mmpy-16/libgcc.a(_clz.o)
 .debug_info    0x00001d52       0xbd /usr/lib/gcc/msp430/4.5.3/../../../../msp430/lib/mcpu-430x/mmpy-16/libc.a(strncmp.o)
 .debug_info    0x00001e0f       0xe2 /usr/lib/gcc/msp430/4.5.3/../../../../msp430/lib/mcpu-430x/mmpy-16/libc.a(memcmp.o)
 .debug_info    0x00001ef1      0x113 /usr/lib/gcc/msp430/4.5.3/../../../../msp430/lib/mcpu-430x/mmpy-16/libc.a(memcpy.o)
 .debug_info    0x00002004       0xfe /usr/lib/gcc/msp430/4.5.3/../../../../msp430/lib/mcpu-430x/mmpy-16/libc.a(memset.o)
 .debug_info    0x00002102      0x103 /usr/lib/gcc/msp430/4.5.3/../../../../msp430/lib/mcpu-430x/mmpy-16/libc.a(printf.o)
 .debug_info    0x00002205      0x3b5 /usr/lib/gcc/msp430/4.5.3/../../../../msp430/lib/mcpu-430x/mmpy-16/libc.a(vuprintf.o)
 .debug_info    0x000025ba       0x96 /usr/lib/gcc/msp430/4.5.3/../../../../msp430/lib/mcpu-430x/mmpy-16/libc.a(puts.o)
 .debug_info    0x00002650      0x137 /usr/lib/gcc/msp430/4.5.3/../../../../msp430/lib/mcpu-430x/mmpy-16/libc.a(rand.o)
 .debug_info    0x00002787       0xb9 /usr/lib/gcc/msp430/4.5.3/mcpu-430x/mmpy-16/libcrt0.a(__init_stack.o)
 .debug_info    0x00002840       0xb9 /usr/lib/gcc/msp430/4.5.3/mcpu-430x/mmpy-16/libcrt0.a(__low_level_init.o)
 .debug_info    0x000028f9       0xb9 /usr/lib/gcc/msp430/4.5.3/mcpu-430x/mmpy-16/libcrt0.a(_copy_data.o)
 .debug_info    0x000029b2       0xb9 /usr/lib/gcc/msp430/4.5.3/mcpu-430x/mmpy-16/libcrt0.a(_clear_bss.o)
 .debug_info    0x00002a6b       0xb9 /usr/lib/gcc/msp430/4.5.3/mcpu-430x/mmpy-16/libcrt0.a(_endless_loop__.o)
 .debug_info    0x00002b24       0xb9 /usr/lib/gcc/msp430/4.5.3/mcpu-430x/mmpy-16/libcrt0.a(_unexpected_.o)
 *(.gnu.linkonce.wi.*)

.debug_abbrev   0x00000000     0x1479
 *(.debug_abbrev)
 .debug_abbrev  0x00000000       0x14 /usr/lib/gcc/msp430/4.5.3/mcpu-430x/mmpy-16/libgcc.a(_mulsi3.o)
 .debug_abbrev  0x00000014       0x14 /usr/lib/gcc/msp430/4.5.3/mcpu-430x/mmpy-16/libgcc.a(_udivmodhi4.o)
 .debug_abbrev  0x00000028       0x14 /usr/lib/gcc/msp430/4.5.3/mcpu-430x/mmpy-16/libgcc.a(_divmodhi4.o)
 .debug_abbrev  0x0000003c       0x14 /usr/lib/gcc/msp430/4.5.3/mcpu-430x/mmpy-16/libgcc.a(_udivmodsi4.o)
 .debug_abbrev  0x00000050       0x5d /usr/lib/gcc/msp430/4.5.3/mcpu-430x/mmpy-16/libgcc.a(_fixunssfsi.o)
 .debug_abbrev  0x000000ad      0x1ab /usr/lib/gcc/msp430/4.5.3/mcpu-430x/mmpy-16/libgcc.a(_addsub_sf.o)
 .debug_abbrev  0x00000258      0x1d9 /usr/lib/gcc/msp430/4.5.3/mcpu-430x/mmpy-16/libgcc.a(_mul_sf.o)
 .debug_abbrev  0x00000431      0x151 /usr/lib/gcc/msp430/4.5.3/mcpu-430x/mmpy-16/libgcc.a(_ge_sf.o)
 .debug_abbrev  0x00000582      0x160 /usr/lib/gcc/msp430/4.5.3/mcpu-430x/mmpy-16/libgcc.a(_sf_to_si.o)
 .debug_abbrev  0x000006e2       0xcb /usr/lib/gcc/msp430/4.5.3/mcpu-430x/mmpy-16/libgcc.a(_thenan_sf.o)
 .debug_abbrev  0x000007ad      0x16d /usr/lib/gcc/msp430/4.5.3/mcpu-430x/mmpy-16/libgcc.a(_usi_to_sf.o)
 .debug_abbrev  0x0000091a       0xbd /usr/lib/gcc/msp430/4.5.3/mcpu-430x/mmpy-16/libgcc.a(_clzsi2.o)
 .debug_abbrev  0x000009d7      0x183 /usr/lib/gcc/msp430/4.5.3/mcpu-430x/mmpy-16/libgcc.a(_pack_sf.o)
 .debug_abbrev  0x00000b5a      0x14b /usr/lib/gcc/msp430/4.5.3/mcpu-430x/mmpy-16/libgcc.a(_unpack_sf.o)
 .debug_abbrev  0x00000ca5      0x10b /usr/lib/gcc/msp430/4.5.3/mcpu-430x/mmpy-16/libgcc.a(_fpcmp_parts_sf.o)
 .debug_abbrev  0x00000db0       0x61 /usr/lib/gcc/msp430/4.5.3/mcpu-430x/mmpy-16/libgcc.a(_clz.o)
 .debug_abbrev  0x00000e11       0x6d /usr/lib/gcc/msp430/4.5.3/../../../../msp430/lib/mcpu-430x/mmpy-16/libc.a(strncmp.o)
 .debug_abbrev  0x00000e7e       0x8a /usr/lib/gcc/msp430/4.5.3/../../../../msp430/lib/mcpu-430x/mmpy-16/libc.a(memcmp.o)
 .debug_abbrev  0x00000f08       0x97 /usr/lib/gcc/msp430/4.5.3/../../../../msp430/lib/mcpu-430x/mmpy-16/libc.a(memcpy.o)
 .debug_abbrev  0x00000f9f       0x8d /usr/lib/gcc/msp430/4.5.3/../../../../msp430/lib/mcpu-430x/mmpy-16/libc.a(memset.o)
 .debug_abbrev  0x0000102c       0xce /usr/lib/gcc/msp430/4.5.3/../../../../msp430/lib/mcpu-430x/mmpy-16/libc.a(printf.o)
 .debug_abbrev  0x000010fa      0x1cb /usr/lib/gcc/msp430/4.5.3/../../../../msp430/lib/mcpu-430x/mmpy-16/libc.a(vuprintf.o)
 .debug_abbrev  0x000012c5       0x60 /usr/lib/gcc/msp430/4.5.3/../../../../msp430/lib/mcpu-430x/mmpy-16/libc.a(puts.o)
 .debug_abbrev  0x00001325       0xdc /usr/lib/gcc/msp430/4.5.3/../../../../msp430/lib/mcpu-430x/mmpy-16/libc.a(rand.o)
 .debug_abbrev  0x00001401       0x14 /usr/lib/gcc/msp430/4.5.3/mcpu-430x/mmpy-16/libcrt0.a(__init_stack.o)
 .debug_abbrev  0x00001415       0x14 /usr/lib/gcc/msp430/4.5.3/mcpu-430x/mmpy-16/libcrt0.a(__low_level_init.o)
 .debug_abbrev  0x00001429       0x14 /usr/lib/gcc/msp430/4.5.3/mcpu-430x/mmpy-16/libcrt0.a(_copy_data.o)
 .debug_abbrev  0x0000143d       0x14 /usr/lib/gcc/msp430/4.5.3/mcpu-430x/mmpy-16/libcrt0.a(_clear_bss.o)
 .debug_abbrev  0x00001451       0x14 /usr/lib/gcc/msp430/4.5.3/mcpu-430x/mmpy-16/libcrt0.a(_endless_loop__.o)
 .debug_abbrev  0x00001465       0x14 /usr/lib/gcc/msp430/4.5.3/mcpu-430x/mmpy-16/libcrt0.a(_unexpected_.o)

.debug_line     0x00000000     0x14da
 *(.debug_line)
 .debug_line    0x00000000       0x9d /usr/lib/gcc/msp430/4.5.3/mcpu-430x/mmpy-16/libgcc.a(_mulsi3.o)
 .debug_line    0x0000009d       0x9a /usr/lib/gcc/msp430/4.5.3/mcpu-430x/mmpy-16/libgcc.a(_udivmodhi4.o)
 .debug_line    0x00000137       0xa5 /usr/lib/gcc/msp430/4.5.3/mcpu-430x/mmpy-16/libgcc.a(_divmodhi4.o)
 .debug_line    0x000001dc       0xa1 /usr/lib/gcc/msp430/4.5.3/mcpu-430x/mmpy-16/libgcc.a(_udivmodsi4.o)
 .debug_line    0x0000027d       0x94 /usr/lib/gcc/msp430/4.5.3/mcpu-430x/mmpy-16/libgcc.a(_fixunssfsi.o)
 .debug_line    0x00000311      0x147 /usr/lib/gcc/msp430/4.5.3/mcpu-430x/mmpy-16/libgcc.a(_addsub_sf.o)
 .debug_line    0x00000458      0x140 /usr/lib/gcc/msp430/4.5.3/mcpu-430x/mmpy-16/libgcc.a(_mul_sf.o)
 .debug_line    0x00000598       0xb4 /usr/lib/gcc/msp430/4.5.3/mcpu-430x/mmpy-16/libgcc.a(_ge_sf.o)
 .debug_line    0x0000064c       0xc6 /usr/lib/gcc/msp430/4.5.3/mcpu-430x/mmpy-16/libgcc.a(_sf_to_si.o)
 .debug_line    0x00000712       0x97 /usr/lib/gcc/msp430/4.5.3/mcpu-430x/mmpy-16/libgcc.a(_thenan_sf.o)
 .debug_line    0x000007a9       0xc7 /usr/lib/gcc/msp430/4.5.3/mcpu-430x/mmpy-16/libgcc.a(_usi_to_sf.o)
 .debug_line    0x00000870       0xbd /usr/lib/gcc/msp430/4.5.3/mcpu-430x/mmpy-16/libgcc.a(_clzsi2.o)
 .debug_line    0x0000092d      0x100 /usr/lib/gcc/msp430/4.5.3/mcpu-430x/mmpy-16/libgcc.a(_pack_sf.o)
 .debug_line    0x00000a2d       0xdc /usr/lib/gcc/msp430/4.5.3/mcpu-430x/mmpy-16/libgcc.a(_unpack_sf.o)
 .debug_line    0x00000b09       0xeb /usr/lib/gcc/msp430/4.5.3/mcpu-430x/mmpy-16/libgcc.a(_fpcmp_parts_sf.o)
 .debug_line    0x00000bf4       0x80 /usr/lib/gcc/msp430/4.5.3/mcpu-430x/mmpy-16/libgcc.a(_clz.o)
 .debug_line    0x00000c74       0x76 /usr/lib/gcc/msp430/4.5.3/../../../../msp430/lib/mcpu-430x/mmpy-16/libc.a(strncmp.o)
 .debug_line    0x00000cea       0x7c /usr/lib/gcc/msp430/4.5.3/../../../../msp430/lib/mcpu-430x/mmpy-16/libc.a(memcmp.o)
 .debug_line    0x00000d66       0xf3 /usr/lib/gcc/msp430/4.5.3/../../../../msp430/lib/mcpu-430x/mmpy-16/libc.a(memcpy.o)
 .debug_line    0x00000e59       0xbd /usr/lib/gcc/msp430/4.5.3/../../../../msp430/lib/mcpu-430x/mmpy-16/libc.a(memset.o)
 .debug_line    0x00000f16       0x72 /usr/lib/gcc/msp430/4.5.3/../../../../msp430/lib/mcpu-430x/mmpy-16/libc.a(printf.o)
 .debug_line    0x00000f88      0x198 /usr/lib/gcc/msp430/4.5.3/../../../../msp430/lib/mcpu-430x/mmpy-16/libc.a(vuprintf.o)
 .debug_line    0x00001120       0x4d /usr/lib/gcc/msp430/4.5.3/../../../../msp430/lib/mcpu-430x/mmpy-16/libc.a(puts.o)
 .debug_line    0x0000116d       0x52 /usr/lib/gcc/msp430/4.5.3/../../../../msp430/lib/mcpu-430x/mmpy-16/libc.a(rand.o)
 .debug_line    0x000011bf       0x82 /usr/lib/gcc/msp430/4.5.3/mcpu-430x/mmpy-16/libcrt0.a(__init_stack.o)
 .debug_line    0x00001241       0x84 /usr/lib/gcc/msp430/4.5.3/mcpu-430x/mmpy-16/libcrt0.a(__low_level_init.o)
 .debug_line    0x000012c5       0x88 /usr/lib/gcc/msp430/4.5.3/mcpu-430x/mmpy-16/libcrt0.a(_copy_data.o)
 .debug_line    0x0000134d       0x88 /usr/lib/gcc/msp430/4.5.3/mcpu-430x/mmpy-16/libcrt0.a(_clear_bss.o)
 .debug_line    0x000013d5       0x83 /usr/lib/gcc/msp430/4.5.3/mcpu-430x/mmpy-16/libcrt0.a(_endless_loop__.o)
 .debug_line    0x00001458       0x82 /usr/lib/gcc/msp430/4.5.3/mcpu-430x/mmpy-16/libcrt0.a(_unexpected_.o)

.debug_frame    0x00000000      0x3fa
 *(.debug_frame)
 .debug_frame   0x00000000       0x28 /usr/lib/gcc/msp430/4.5.3/mcpu-430x/mmpy-16/libgcc.a(_fixunssfsi.o)
 .debug_frame   0x00000028       0x7e /usr/lib/gcc/msp430/4.5.3/mcpu-430x/mmpy-16/libgcc.a(_addsub_sf.o)
 .debug_frame   0x000000a6       0x4a /usr/lib/gcc/msp430/4.5.3/mcpu-430x/mmpy-16/libgcc.a(_mul_sf.o)
 .debug_frame   0x000000f0       0x2c /usr/lib/gcc/msp430/4.5.3/mcpu-430x/mmpy-16/libgcc.a(_ge_sf.o)
 .debug_frame   0x0000011c       0x22 /usr/lib/gcc/msp430/4.5.3/mcpu-430x/mmpy-16/libgcc.a(_sf_to_si.o)
 .debug_frame   0x0000013e       0x3a /usr/lib/gcc/msp430/4.5.3/mcpu-430x/mmpy-16/libgcc.a(_usi_to_sf.o)
 .debug_frame   0x00000178       0x24 /usr/lib/gcc/msp430/4.5.3/mcpu-430x/mmpy-16/libgcc.a(_clzsi2.o)
 .debug_frame   0x0000019c       0x3c /usr/lib/gcc/msp430/4.5.3/mcpu-430x/mmpy-16/libgcc.a(_pack_sf.o)
 .debug_frame   0x000001d8       0x2e /usr/lib/gcc/msp430/4.5.3/mcpu-430x/mmpy-16/libgcc.a(_unpack_sf.o)
 .debug_frame   0x00000206       0x24 /usr/lib/gcc/msp430/4.5.3/mcpu-430x/mmpy-16/libgcc.a(_fpcmp_parts_sf.o)
 .debug_frame   0x0000022a       0x24 /usr/lib/gcc/msp430/4.5.3/../../../../msp430/lib/mcpu-430x/mmpy-16/libc.a(strncmp.o)
 .debug_frame   0x0000024e       0x28 /usr/lib/gcc/msp430/4.5.3/../../../../msp430/lib/mcpu-430x/mmpy-16/libc.a(memcmp.o)
 .debug_frame   0x00000276       0x32 /usr/lib/gcc/msp430/4.5.3/../../../../msp430/lib/mcpu-430x/mmpy-16/libc.a(memcpy.o)
 .debug_frame   0x000002a8       0x32 /usr/lib/gcc/msp430/4.5.3/../../../../msp430/lib/mcpu-430x/mmpy-16/libc.a(memset.o)
 .debug_frame   0x000002da       0x2a /usr/lib/gcc/msp430/4.5.3/../../../../msp430/lib/mcpu-430x/mmpy-16/libc.a(printf.o)
 .debug_frame   0x00000304       0x82 /usr/lib/gcc/msp430/4.5.3/../../../../msp430/lib/mcpu-430x/mmpy-16/libc.a(vuprintf.o)
 .debug_frame   0x00000386       0x24 /usr/lib/gcc/msp430/4.5.3/../../../../msp430/lib/mcpu-430x/mmpy-16/libc.a(puts.o)
 .debug_frame   0x000003aa       0x50 /usr/lib/gcc/msp430/4.5.3/../../../../msp430/lib/mcpu-430x/mmpy-16/libc.a(rand.o)

.debug_str      0x00000000      0x5d2
 *(.debug_str)
 .debug_str     0x00000000      0x118 /usr/lib/gcc/msp430/4.5.3/mcpu-430x/mmpy-16/libgcc.a(_fixunssfsi.o)
                                0x159 (size before relaxing)
 .debug_str     0x00000118      0x158 /usr/lib/gcc/msp430/4.5.3/mcpu-430x/mmpy-16/libgcc.a(_addsub_sf.o)
                                0x239 (size before relaxing)
 .debug_str     0x00000270       0x27 /usr/lib/gcc/msp430/4.5.3/mcpu-430x/mmpy-16/libgcc.a(_mul_sf.o)
                                0x1f2 (size before relaxing)
 .debug_str     0x00000297        0x8 /usr/lib/gcc/msp430/4.5.3/mcpu-430x/mmpy-16/libgcc.a(_ge_sf.o)
                                0x1c0 (size before relaxing)
 .debug_str     0x0000029f        0xa /usr/lib/gcc/msp430/4.5.3/mcpu-430x/mmpy-16/libgcc.a(_sf_to_si.o)
                                0x1c9 (size before relaxing)
 .debug_str     0x00000000      0x16b /usr/lib/gcc/msp430/4.5.3/mcpu-430x/mmpy-16/libgcc.a(_thenan_sf.o)
 .debug_str     0x000002a9       0x2a /usr/lib/gcc/msp430/4.5.3/mcpu-430x/mmpy-16/libgcc.a(_usi_to_sf.o)
                                0x1ab (size before relaxing)
 .debug_str     0x000002d3       0x17 /usr/lib/gcc/msp430/4.5.3/mcpu-430x/mmpy-16/libgcc.a(_clzsi2.o)
                                0x165 (size before relaxing)
 .debug_str     0x000002ea       0x10 /usr/lib/gcc/msp430/4.5.3/mcpu-430x/mmpy-16/libgcc.a(_pack_sf.o)
                                0x1c8 (size before relaxing)
 .debug_str     0x000002fa        0xb /usr/lib/gcc/msp430/4.5.3/mcpu-430x/mmpy-16/libgcc.a(_unpack_sf.o)
                                0x1aa (size before relaxing)
 .debug_str     0x00000305       0x10 /usr/lib/gcc/msp430/4.5.3/mcpu-430x/mmpy-16/libgcc.a(_fpcmp_parts_sf.o)
                                0x18e (size before relaxing)
 .debug_str     0x00000000      0x148 /usr/lib/gcc/msp430/4.5.3/mcpu-430x/mmpy-16/libgcc.a(_clz.o)
 .debug_str     0x00000315       0x5c /usr/lib/gcc/msp430/4.5.3/../../../../msp430/lib/mcpu-430x/mmpy-16/libc.a(strncmp.o)
                                 0xd4 (size before relaxing)
 .debug_str     0x00000371       0x19 /usr/lib/gcc/msp430/4.5.3/../../../../msp430/lib/mcpu-430x/mmpy-16/libc.a(memcmp.o)
                                 0xd2 (size before relaxing)
 .debug_str     0x0000038a       0x34 /usr/lib/gcc/msp430/4.5.3/../../../../msp430/lib/mcpu-430x/mmpy-16/libc.a(memcpy.o)
                                 0xed (size before relaxing)
 .debug_str     0x000003be       0x26 /usr/lib/gcc/msp430/4.5.3/../../../../msp430/lib/mcpu-430x/mmpy-16/libc.a(memset.o)
                                 0xeb (size before relaxing)
 .debug_str     0x000003e4       0x40 /usr/lib/gcc/msp430/4.5.3/../../../../msp430/lib/mcpu-430x/mmpy-16/libc.a(printf.o)
                                0x101 (size before relaxing)
 .debug_str     0x00000424      0x16a /usr/lib/gcc/msp430/4.5.3/../../../../msp430/lib/mcpu-430x/mmpy-16/libc.a(vuprintf.o)
                                0x25d (size before relaxing)
 .debug_str     0x0000058e       0x15 /usr/lib/gcc/msp430/4.5.3/../../../../msp430/lib/mcpu-430x/mmpy-16/libc.a(puts.o)
                                 0xc7 (size before relaxing)
 .debug_str     0x000005a3       0x2f /usr/lib/gcc/msp430/4.5.3/../../../../msp430/lib/mcpu-430x/mmpy-16/libc.a(rand.o)
                                 0xe6 (size before relaxing)

.debug_loc      0x00000000     0x12cb
 *(.debug_loc)
 .debug_loc     0x00000000       0x44 /usr/lib/gcc/msp430/4.5.3/mcpu-430x/mmpy-16/libgcc.a(_fixunssfsi.o)
 .debug_loc     0x00000044      0x315 /usr/lib/gcc/msp430/4.5.3/mcpu-430x/mmpy-16/libgcc.a(_addsub_sf.o)
 .debug_loc     0x00000359      0x266 /usr/lib/gcc/msp430/4.5.3/mcpu-430x/mmpy-16/libgcc.a(_mul_sf.o)
 .debug_loc     0x000005bf       0x4c /usr/lib/gcc/msp430/4.5.3/mcpu-430x/mmpy-16/libgcc.a(_ge_sf.o)
 .debug_loc     0x0000060b       0x3c /usr/lib/gcc/msp430/4.5.3/mcpu-430x/mmpy-16/libgcc.a(_sf_to_si.o)
 .debug_loc     0x00000647       0xc6 /usr/lib/gcc/msp430/4.5.3/mcpu-430x/mmpy-16/libgcc.a(_usi_to_sf.o)
 .debug_loc     0x0000070d       0x58 /usr/lib/gcc/msp430/4.5.3/mcpu-430x/mmpy-16/libgcc.a(_clzsi2.o)
 .debug_loc     0x00000765      0x18a /usr/lib/gcc/msp430/4.5.3/mcpu-430x/mmpy-16/libgcc.a(_pack_sf.o)
 .debug_loc     0x000008ef       0xc5 /usr/lib/gcc/msp430/4.5.3/mcpu-430x/mmpy-16/libgcc.a(_unpack_sf.o)
 .debug_loc     0x000009b4       0x5b /usr/lib/gcc/msp430/4.5.3/mcpu-430x/mmpy-16/libgcc.a(_fpcmp_parts_sf.o)
 .debug_loc     0x00000a0f       0x63 /usr/lib/gcc/msp430/4.5.3/../../../../msp430/lib/mcpu-430x/mmpy-16/libc.a(strncmp.o)
 .debug_loc     0x00000a72       0x59 /usr/lib/gcc/msp430/4.5.3/../../../../msp430/lib/mcpu-430x/mmpy-16/libc.a(memcmp.o)
 .debug_loc     0x00000acb      0x1d6 /usr/lib/gcc/msp430/4.5.3/../../../../msp430/lib/mcpu-430x/mmpy-16/libc.a(memcpy.o)
 .debug_loc     0x00000ca1       0xeb /usr/lib/gcc/msp430/4.5.3/../../../../msp430/lib/mcpu-430x/mmpy-16/libc.a(memset.o)
 .debug_loc     0x00000d8c       0x24 /usr/lib/gcc/msp430/4.5.3/../../../../msp430/lib/mcpu-430x/mmpy-16/libc.a(printf.o)
 .debug_loc     0x00000db0      0x49c /usr/lib/gcc/msp430/4.5.3/../../../../msp430/lib/mcpu-430x/mmpy-16/libc.a(vuprintf.o)
 .debug_loc     0x0000124c       0x2d /usr/lib/gcc/msp430/4.5.3/../../../../msp430/lib/mcpu-430x/mmpy-16/libc.a(puts.o)
 .debug_loc     0x00001279       0x52 /usr/lib/gcc/msp430/4.5.3/../../../../msp430/lib/mcpu-430x/mmpy-16/libc.a(rand.o)

.debug_macinfo
 *(.debug_macinfo)

.debug_pubtypes
                0x00000000      0x63e
 *(.debug_pubtypes)
 .debug_pubtypes
                0x00000000       0x34 /usr/lib/gcc/msp430/4.5.3/mcpu-430x/mmpy-16/libgcc.a(_fixunssfsi.o)
 .debug_pubtypes
                0x00000034       0x9d /usr/lib/gcc/msp430/4.5.3/mcpu-430x/mmpy-16/libgcc.a(_addsub_sf.o)
 .debug_pubtypes
                0x000000d1       0x86 /usr/lib/gcc/msp430/4.5.3/mcpu-430x/mmpy-16/libgcc.a(_mul_sf.o)
 .debug_pubtypes
                0x00000157       0x91 /usr/lib/gcc/msp430/4.5.3/mcpu-430x/mmpy-16/libgcc.a(_ge_sf.o)
 .debug_pubtypes
                0x000001e8       0x91 /usr/lib/gcc/msp430/4.5.3/mcpu-430x/mmpy-16/libgcc.a(_sf_to_si.o)
 .debug_pubtypes
                0x00000279       0x5b /usr/lib/gcc/msp430/4.5.3/mcpu-430x/mmpy-16/libgcc.a(_thenan_sf.o)
 .debug_pubtypes
                0x000002d4       0x73 /usr/lib/gcc/msp430/4.5.3/mcpu-430x/mmpy-16/libgcc.a(_usi_to_sf.o)
 .debug_pubtypes
                0x00000347       0x35 /usr/lib/gcc/msp430/4.5.3/mcpu-430x/mmpy-16/libgcc.a(_clzsi2.o)
 .debug_pubtypes
                0x0000037c       0x86 /usr/lib/gcc/msp430/4.5.3/mcpu-430x/mmpy-16/libgcc.a(_pack_sf.o)
 .debug_pubtypes
                0x00000402       0x86 /usr/lib/gcc/msp430/4.5.3/mcpu-430x/mmpy-16/libgcc.a(_unpack_sf.o)
 .debug_pubtypes
                0x00000488       0x5b /usr/lib/gcc/msp430/4.5.3/mcpu-430x/mmpy-16/libgcc.a(_fpcmp_parts_sf.o)
 .debug_pubtypes
                0x000004e3       0x1e /usr/lib/gcc/msp430/4.5.3/mcpu-430x/mmpy-16/libgcc.a(_clz.o)
 .debug_pubtypes
                0x00000501       0x1d /usr/lib/gcc/msp430/4.5.3/../../../../msp430/lib/mcpu-430x/mmpy-16/libc.a(strncmp.o)
 .debug_pubtypes
                0x0000051e       0x1d /usr/lib/gcc/msp430/4.5.3/../../../../msp430/lib/mcpu-430x/mmpy-16/libc.a(memcmp.o)
 .debug_pubtypes
                0x0000053b       0x26 /usr/lib/gcc/msp430/4.5.3/../../../../msp430/lib/mcpu-430x/mmpy-16/libc.a(memcpy.o)
 .debug_pubtypes
                0x00000561       0x32 /usr/lib/gcc/msp430/4.5.3/../../../../msp430/lib/mcpu-430x/mmpy-16/libc.a(memset.o)
 .debug_pubtypes
                0x00000593       0x31 /usr/lib/gcc/msp430/4.5.3/../../../../msp430/lib/mcpu-430x/mmpy-16/libc.a(printf.o)
 .debug_pubtypes
                0x000005c4       0x56 /usr/lib/gcc/msp430/4.5.3/../../../../msp430/lib/mcpu-430x/mmpy-16/libc.a(vuprintf.o)
 .debug_pubtypes
                0x0000061a       0x12 /usr/lib/gcc/msp430/4.5.3/../../../../msp430/lib/mcpu-430x/mmpy-16/libc.a(puts.o)
 .debug_pubtypes
                0x0000062c       0x12 /usr/lib/gcc/msp430/4.5.3/../../../../msp430/lib/mcpu-430x/mmpy-16/libc.a(rand.o)

.debug_ranges   0x00000000       0x78
 *(.debug_ranges)
 .debug_ranges  0x00000000       0x14 /usr/lib/gcc/msp430/4.5.3/mcpu-430x/mmpy-16/libgcc.a(_addsub_sf.o)
 .debug_ranges  0x00000014       0x28 /usr/lib/gcc/msp430/4.5.3/mcpu-430x/mmpy-16/libgcc.a(_mul_sf.o)
 .debug_ranges  0x0000003c        0xc /usr/lib/gcc/msp430/4.5.3/mcpu-430x/mmpy-16/libgcc.a(_usi_to_sf.o)
 .debug_ranges  0x00000048        0xc /usr/lib/gcc/msp430/4.5.3/mcpu-430x/mmpy-16/libgcc.a(_clzsi2.o)
 .debug_ranges  0x00000054       0x18 /usr/lib/gcc/msp430/4.5.3/mcpu-430x/mmpy-16/libgcc.a(_pack_sf.o)
 .debug_ranges  0x0000006c        0xc /usr/lib/gcc/msp430/4.5.3/../../../../msp430/lib/mcpu-430x/mmpy-16/libc.a(vuprintf.o)
                0x00003100                PROVIDE (__stack, (ORIGIN (ram) + 0x2000))
                0x00009f08                PROVIDE (__data_start_rom, _etext)
                0x00009fb6                PROVIDE (__data_end_rom, (_etext + SIZEOF (.data)))
OUTPUT(humiditytemp.z1 elf32-msp430)
