Archive member included because of file (symbol)

contiki-z1.a(rimeaddr.o)      obj_z1/contiki-z1-main.o (rimeaddr_copy)
contiki-z1.a(csma.o)          border-router.co (csma_driver)
contiki-z1.a(contikimac.o)    obj_z1/contiki-z1-main.o (contikimac_driver)
contiki-z1.a(phase.o)         contiki-z1.a(contikimac.o) (phase_update)
contiki-z1.a(rpl-dag.o)       border-router.co (rpl_set_prefix)
contiki-z1.a(rpl-icmp6.o)     contiki-z1.a(rpl-dag.o) (dao_output)
contiki-z1.a(rpl-timers.o)    contiki-z1.a(rpl-dag.o) (rpl_reset_dio_timer)
contiki-z1.a(rpl-mrhof.o)     contiki-z1.a(rpl-dag.o) (rpl_mrhof)
contiki-z1.a(process.o)       border-router.co (process_current)
contiki-z1.a(autostart.o)     obj_z1/contiki-z1-main.o (autostart_start)
contiki-z1.a(memb.o)          obj_z1/httpd-simple.o (memb_init)
contiki-z1.a(timer.o)         obj_z1/httpd-simple.o (timer_set)
contiki-z1.a(list.o)          contiki-z1.a(csma.o) (list_init)
contiki-z1.a(etimer.o)        obj_z1/contiki-z1-main.o (etimer_process)
contiki-z1.a(ctimer.o)        obj_z1/contiki-z1-main.o (ctimer_init)
contiki-z1.a(energest.o)      obj_z1/contiki-z1-main.o (energest_init)
contiki-z1.a(rtimer.o)        obj_z1/contiki-z1-main.o (rtimer_init)
contiki-z1.a(stimer.o)        contiki-z1.a(rpl-icmp6.o) (stimer_set)
contiki-z1.a(random.o)        contiki-z1.a(csma.o) (random_rand)
contiki-z1.a(nbr-table.o)     contiki-z1.a(phase.o) (nbr_table_register)
contiki-z1.a(packetbuf.o)     contiki-z1.a(contikimac.o) (packetbuf_hdr_remove)
contiki-z1.a(psock.o)         border-router.co (psock_send)
contiki-z1.a(queuebuf.o)      obj_z1/contiki-z1-main.o (queuebuf_init)
contiki-z1.a(sicslowpan.o)    obj_z1/contiki-z1-main.o (sicslowpan_driver)
contiki-z1.a(tcpip.o)         contiki-z1.a(sicslowpan.o) (tcpip_set_outputfunc)
contiki-z1.a(uip-debug.o)     border-router.co (uip_debug_ipaddr_print)
contiki-z1.a(uip-ds6-route.o)
                              border-router.co (uip_ds6_route_nexthop)
contiki-z1.a(uip-ds6-nbr.o)   border-router.co (ds6_neighbors)
contiki-z1.a(uip-ds6.o)       contiki-z1.a(tcpip.o) (uip_ds6_is_addr_onlink)
contiki-z1.a(uip-icmp6.o)     contiki-z1.a(rpl-icmp6.o) (uip_icmp6_send)
contiki-z1.a(uip-nd6.o)       contiki-z1.a(tcpip.o) (uip_nd6_ns_output)
contiki-z1.a(uip6.o)          border-router.co (uip_aligned_buf)
contiki-z1.a(contiki-z1-plat)
                              obj_z1/contiki-z1-main.o (init_platform)
contiki-z1.a(msp430.o)        obj_z1/contiki-z1-main.o (msp430_cpu_init)
contiki-z1.a(leds.o)          obj_z1/contiki-z1-main.o (leds_init)
contiki-z1.a(watchdog.o)      obj_z1/contiki-z1-main.o (watchdog_start)
contiki-z1.a(xmem.o)          obj_z1/contiki-z1-main.o (xmem_init)
contiki-z1.a(spi.o)           contiki-z1.a(xmem.o) (spi_init)
contiki-z1.a(cc2420.o)        obj_z1/contiki-z1-main.o (cc2420_set_channel)
contiki-z1.a(cc2420-arch.o)   contiki-z1.a(cc2420.o) (cc2420_arch_init)
contiki-z1.a(node-id.o)       obj_z1/contiki-z1-main.o (node_id_restore)
contiki-z1.a(sensors.o)       border-router.co (sensors_event)
contiki-z1.a(button-sensor.o)
                              border-router.co (button_sensor)
contiki-z1.a(uart0.o)         obj_z1/contiki-z1-main.o (uart0_active)
contiki-z1.a(slip.o)          obj_z1/slip-bridge.o (slip_process)
contiki-z1.a(slip_uart0.o)    obj_z1/slip-bridge.o (slip_arch_writeb)
contiki-z1.a(adxl345.o)       obj_z1/contiki-z1-main.o (accm_init)
contiki-z1.a(clock.o)         contiki-z1.a(timer.o) (clock_time)
contiki-z1.a(leds-arch.o)     contiki-z1.a(leds.o) (leds_arch_init)
contiki-z1.a(rtimer-arch.o)   contiki-z1.a(rtimer.o) (rtimer_arch_init)
contiki-z1.a(mac.o)           contiki-z1.a(csma.o) (mac_call_sent_callback)
contiki-z1.a(framer-802154.o)
                              contiki-z1.a(contikimac.o) (framer_802154)
contiki-z1.a(rpl.o)           contiki-z1.a(rpl-timers.o) (rpl_purge_routes)
contiki-z1.a(rpl-ext-header.)
                              contiki-z1.a(uip6.o) (rpl_verify_header)
contiki-z1.a(i2cmaster.o)     contiki-z1.a(adxl345.o) (i2c_receiveinit)
contiki-z1.a(frame802154.o)   contiki-z1.a(framer-802154.o) (frame802154_hdrlen)
/usr/lib/gcc/msp430/4.5.3/mcpu-430x/mmpy-16/libgcc.a(_mulsi3.o)
                              contiki-z1.a(csma.o) (__mulsi3)
/usr/lib/gcc/msp430/4.5.3/mcpu-430x/mmpy-16/libgcc.a(_udivmodhi4.o)
                              contiki-z1.a(phase.o) (__udivmodhi4)
/usr/lib/gcc/msp430/4.5.3/mcpu-430x/mmpy-16/libgcc.a(_divmodhi4.o)
                              contiki-z1.a(nbr-table.o) (__divmodhi4)
/usr/lib/gcc/msp430/4.5.3/mcpu-430x/mmpy-16/libgcc.a(_udivmodsi4.o)
                              obj_z1/contiki-z1-main.o (__udivmodsi4)
/usr/lib/gcc/msp430/4.5.3/../../../../msp430/lib/mcpu-430x/mmpy-16/libc.a(strncmp.o)
                              obj_z1/httpd-simple.o (strncmp)
/usr/lib/gcc/msp430/4.5.3/../../../../msp430/lib/mcpu-430x/mmpy-16/libc.a(memcmp.o)
                              obj_z1/slip-bridge.o (memcmp)
[...]
Memory Configuration

Name             Origin             Length             Attributes
sfr              0x00000000         0x00000010
peripheral_8bit  0x00000010         0x000000f0
peripheral_16bit 0x00000100         0x00000100
infomem          0x00001000         0x00000100
infod            0x00001000         0x00000040
infoc            0x00001040         0x00000040
infob            0x00001080         0x00000040
infoa            0x000010c0         0x00000040
ram              0x00001100         0x00002000         xw
rom              0x00003100         0x0000cebe         xr
vectors          0x0000ffc0         0x00000040
far_rom          0x00010000         0x0000a000
bsl              0x00000000         0x00000000
*default*        0x00000000         0xffffffff

Linker script and memory map

LOAD /usr/lib/gcc/msp430/4.5.3/mcpu-430x/mmpy-16/crt0ivtbl32.o
                0x00000041                __P1SEL2 = 0x41
                0x00000045                __P5SEL2 = 0x45
LOAD border-router.co
LOAD obj_z1/slip-bridge.o
LOAD obj_z1/httpd-simple.o
LOAD obj_z1/contiki-z1-main.o
LOAD contiki-z1.a
LOAD /usr/lib/gcc/msp430/4.5.3/mcpu-430x/mmpy-16/libgcc.a
LOAD /usr/lib/gcc/msp430/4.5.3/../../../../msp430/lib/mcpu-430x/mmpy-16/libc.a
LOAD /usr/lib/gcc/msp430/4.5.3/mcpu-430x/mmpy-16/libgcc.a
LOAD /usr/lib/gcc/msp430/4.5.3/mcpu-430x/mmpy-16/libcrt0.a
                0x00000000                __IE1 = 0x0
                0x00000002                __IFG1 = 0x2
                0x00000001                __IE2 = 0x1
                0x00000003                __IFG2 = 0x3
                0x00000006                __UC1IE = 0x6
                0x00000007                __UC1IFG = 0x7
                0x000001a0                __ADC12CTL0 = 0x1a0
                0x000001a2                __ADC12CTL1 = 0x1a2
                0x000001a4                __ADC12IFG = 0x1a4
                0x000001a6                __ADC12IE = 0x1a6
                0x000001a8                __ADC12IV = 0x1a8
                0x00000140                __ADC12MEM0 = 0x140
                0x00000142                __ADC12MEM1 = 0x142
                0x00000144                __ADC12MEM2 = 0x144
                0x00000146                __ADC12MEM3 = 0x146
                0x00000148                __ADC12MEM4 = 0x148
                0x0000014a                __ADC12MEM5 = 0x14a
                0x0000014c                __ADC12MEM6 = 0x14c
                0x0000014e                __ADC12MEM7 = 0x14e
                0x00000150                __ADC12MEM8 = 0x150
                0x00000152                __ADC12MEM9 = 0x152
                0x00000154                __ADC12MEM10 = 0x154
                0x00000156                __ADC12MEM11 = 0x156
                0x00000158                __ADC12MEM12 = 0x158
                0x0000015a                __ADC12MEM13 = 0x15a
                0x0000015c                __ADC12MEM14 = 0x15c
                0x0000015e                __ADC12MEM15 = 0x15e
                0x00000080                __ADC12MCTL0 = 0x80
                0x00000081                __ADC12MCTL1 = 0x81
                0x00000082                __ADC12MCTL2 = 0x82
                0x00000083                __ADC12MCTL3 = 0x83
                0x00000084                __ADC12MCTL4 = 0x84
                0x00000085                __ADC12MCTL5 = 0x85
                0x00000086                __ADC12MCTL6 = 0x86
                0x00000087                __ADC12MCTL7 = 0x87
                0x00000088                __ADC12MCTL8 = 0x88
                0x00000089                __ADC12MCTL9 = 0x89
                0x0000008a                __ADC12MCTL10 = 0x8a
                0x0000008b                __ADC12MCTL11 = 0x8b
                0x0000008c                __ADC12MCTL12 = 0x8c
                0x0000008d                __ADC12MCTL13 = 0x8d
                0x0000008e                __ADC12MCTL14 = 0x8e
                0x0000008f                __ADC12MCTL15 = 0x8f
                0x00000056                __DCOCTL = 0x56
                0x00000057                __BCSCTL1 = 0x57
                0x00000058                __BCSCTL2 = 0x58
                0x00000053                __BCSCTL3 = 0x53
                0x00000059                __CACTL1 = 0x59
                0x0000005a                __CACTL2 = 0x5a
                0x0000005b                __CAPD = 0x5b
                0x000001c0                __DAC12_0CTL = 0x1c0
                0x000001c2                __DAC12_1CTL = 0x1c2
                0x000001c8                __DAC12_0DAT = 0x1c8
                0x000001ca                __DAC12_1DAT = 0x1ca
                0x00000122                __DMACTL0 = 0x122
                0x00000124                __DMACTL1 = 0x124
                0x00000126                __DMAIV = 0x126
                0x000001d0                __DMA0CTL = 0x1d0
                0x000001dc                __DMA1CTL = 0x1dc
                0x000001e8                __DMA2CTL = 0x1e8
                0x000001d2                __DMA0SA = 0x1d2
                0x000001d2                __DMA0SAL = 0x1d2
                0x000001d6                __DMA0DA = 0x1d6
                0x000001d6                __DMA0DAL = 0x1d6
                0x000001da                __DMA0SZ = 0x1da
                0x000001de                __DMA1SA = 0x1de
                0x000001de                __DMA1SAL = 0x1de
                0x000001e2                __DMA1DA = 0x1e2
                0x000001e2                __DMA1DAL = 0x1e2
                0x000001e6                __DMA1SZ = 0x1e6
                0x000001ea                __DMA2SA = 0x1ea
                0x000001ea                __DMA2SAL = 0x1ea
                0x000001ee                __DMA2DA = 0x1ee
                0x000001ee                __DMA2DAL = 0x1ee
                0x000001f2                __DMA2SZ = 0x1f2
                0x00000128                __FCTL1 = 0x128
                0x0000012a                __FCTL2 = 0x12a
                0x0000012c                __FCTL3 = 0x12c
                0x000001be                __FCTL4 = 0x1be
                0x00000130                __MPY = 0x130
                0x00000132                __MPYS = 0x132
                0x00000134                __MAC = 0x134
                0x00000136                __MACS = 0x136
                0x00000138                __OP2 = 0x138
                0x0000013a                __RESLO = 0x13a
                0x0000013c                __RESHI = 0x13c
                0x0000013e                __SUMEXT = 0x13e
                0x00000020                __P1IN = 0x20
                0x00000021                __P1OUT = 0x21
                0x00000022                __P1DIR = 0x22
                0x00000023                __P1IFG = 0x23
                0x00000024                __P1IES = 0x24
                0x00000025                __P1IE = 0x25
                0x00000026                __P1SEL = 0x26
                0x00000027                __P1REN = 0x27
                0x00000028                __P2IN = 0x28
                0x00000029                __P2OUT = 0x29
                0x0000002a                __P2DIR = 0x2a
                0x0000002b                __P2IFG = 0x2b
                0x0000002c                __P2IES = 0x2c
                0x0000002d                __P2IE = 0x2d
                0x0000002e                __P2SEL = 0x2e
                0x0000002f                __P2REN = 0x2f
                0x00000018                __P3IN = 0x18
                0x00000019                __P3OUT = 0x19
                0x0000001a                __P3DIR = 0x1a
                0x0000001b                __P3SEL = 0x1b
                0x00000010                __P3REN = 0x10
                0x0000001c                __P4IN = 0x1c
                0x0000001d                __P4OUT = 0x1d
                0x0000001e                __P4DIR = 0x1e
                0x0000001f                __P4SEL = 0x1f
                0x00000011                __P4REN = 0x11
                0x00000030                __P5IN = 0x30
                0x00000031                __P5OUT = 0x31
                0x00000032                __P5DIR = 0x32
                0x00000033                __P5SEL = 0x33
                0x00000012                __P5REN = 0x12
                0x00000034                __P6IN = 0x34
                0x00000035                __P6OUT = 0x35
                0x00000036                __P6DIR = 0x36
                0x00000037                __P6SEL = 0x37
                0x00000013                __P6REN = 0x13
                0x00000038                __P7IN = 0x38
                0x0000003a                __P7OUT = 0x3a
                0x0000003c                __P7DIR = 0x3c
                0x0000003e                __P7SEL = 0x3e
                0x00000014                __P7REN = 0x14
                0x00000039                __P8IN = 0x39
                0x0000003b                __P8OUT = 0x3b
                0x0000003d                __P8DIR = 0x3d
                0x0000003f                __P8SEL = 0x3f
                0x00000015                __P8REN = 0x15
                0x00000038                __PAIN = 0x38
                0x0000003a                __PAOUT = 0x3a
                0x0000003c                __PADIR = 0x3c
                0x0000003e                __PASEL = 0x3e
                0x00000014                __PAREN = 0x14
                0x00000055                __SVSCTL = 0x55
                0x0000012e                __TAIV = 0x12e
                0x00000160                __TACTL = 0x160
                0x00000162                __TACCTL0 = 0x162
                0x00000164                __TACCTL1 = 0x164
                0x00000166                __TACCTL2 = 0x166
                0x00000170                __TAR = 0x170
                0x00000172                __TACCR0 = 0x172
                0x00000174                __TACCR1 = 0x174
                0x00000176                __TACCR2 = 0x176
                0x0000011e                __TBIV = 0x11e
                0x00000180                __TBCTL = 0x180
                0x00000182                __TBCCTL0 = 0x182
                0x00000184                __TBCCTL1 = 0x184
                0x00000186                __TBCCTL2 = 0x186
                0x00000188                __TBCCTL3 = 0x188
                0x0000018a                __TBCCTL4 = 0x18a
                0x0000018c                __TBCCTL5 = 0x18c
                0x0000018e                __TBCCTL6 = 0x18e
                0x00000190                __TBR = 0x190
                0x00000192                __TBCCR0 = 0x192
                0x00000194                __TBCCR1 = 0x194
                0x00000196                __TBCCR2 = 0x196
                0x00000198                __TBCCR3 = 0x198
                0x0000019a                __TBCCR4 = 0x19a
                0x0000019c                __TBCCR5 = 0x19c
                0x0000019e                __TBCCR6 = 0x19e
                0x00000060                __UCA0CTL0 = 0x60
                0x00000061                __UCA0CTL1 = 0x61
                0x00000062                __UCA0BR0 = 0x62
                0x00000063                __UCA0BR1 = 0x63
                0x00000064                __UCA0MCTL = 0x64
                0x00000065                __UCA0STAT = 0x65
                0x00000066                __UCA0RXBUF = 0x66
                0x00000067                __UCA0TXBUF = 0x67
                0x0000005d                __UCA0ABCTL = 0x5d
                0x0000005e                __UCA0IRTCTL = 0x5e
                0x0000005f                __UCA0IRRCTL = 0x5f
                0x00000068                __UCB0CTL0 = 0x68
                0x00000069                __UCB0CTL1 = 0x69
                0x0000006a                __UCB0BR0 = 0x6a
                0x0000006b                __UCB0BR1 = 0x6b
                0x0000006c                __UCB0I2CIE = 0x6c
                0x0000006d                __UCB0STAT = 0x6d
                0x0000006e                __UCB0RXBUF = 0x6e
                0x0000006f                __UCB0TXBUF = 0x6f
                0x00000118                __UCB0I2COA = 0x118
                0x0000011a                __UCB0I2CSA = 0x11a
                0x000000d0                __UCA1CTL0 = 0xd0
                0x000000d1                __UCA1CTL1 = 0xd1
                0x000000d2                __UCA1BR0 = 0xd2
                0x000000d3                __UCA1BR1 = 0xd3
                0x000000d4                __UCA1MCTL = 0xd4
                0x000000d5                __UCA1STAT = 0xd5
                0x000000d6                __UCA1RXBUF = 0xd6
                0x000000d7                __UCA1TXBUF = 0xd7
                0x000000cd                __UCA1ABCTL = 0xcd
                0x000000ce                __UCA1IRTCTL = 0xce
                0x000000cf                __UCA1IRRCTL = 0xcf
                0x000000d8                __UCB1CTL0 = 0xd8
                0x000000d9                __UCB1CTL1 = 0xd9
                0x000000da                __UCB1BR0 = 0xda
                0x000000db                __UCB1BR1 = 0xdb
                0x000000dc                __UCB1I2CIE = 0xdc
                0x000000dd                __UCB1STAT = 0xdd
                0x000000de                __UCB1RXBUF = 0xde
                0x000000df                __UCB1TXBUF = 0xdf
                0x0000017c                __UCB1I2COA = 0x17c
                0x0000017e                __UCB1I2CSA = 0x17e
                0x00000120                __WDTCTL = 0x120
                0x000010c0                __TLV_CHECKSUM = 0x10c0
                0x000010f6                __TLV_DCO_30_TAG = 0x10f6
                0x000010f7                __TLV_DCO_30_LEN = 0x10f7
                0x000010da                __TLV_ADC12_1_TAG = 0x10da
                0x000010db                __TLV_ADC12_1_LEN = 0x10db
                0x000010f8                __CALDCO_16MHZ = 0x10f8
                0x000010f9                __CALBC1_16MHZ = 0x10f9
                0x000010fa                __CALDCO_12MHZ = 0x10fa
                0x000010fb                __CALBC1_12MHZ = 0x10fb
                0x000010fc                __CALDCO_8MHZ = 0x10fc
                0x000010fd                __CALBC1_8MHZ = 0x10fd
                0x000010fe                __CALDCO_1MHZ = 0x10fe
                0x000010ff                __CALBC1_1MHZ = 0x10ff

.hash
 *(.hash)

.dynsym
 *(.dynsym)

.dynstr
 *(.dynstr)

.gnu.version
 *(.gnu.version)

.gnu.version_d
 *(.gnu.version_d)

.gnu.version_r
 *(.gnu.version_r)

.rel.init
 *(.rel.init)

.rela.init
 *(.rela.init)

.rel.text
 *(.rel.text)
 *(.rel.text.*)
 *(.rel.gnu.linkonce.t*)

.rela.text
 *(.rela.text)
 *(.rela.text.*)
 *(.rela.gnu.linkonce.t*)

.rel.fini
 *(.rel.fini)

.rela.fini
 *(.rela.fini)

.rel.rodata
 *(.rel.rodata)
 *(.rel.rodata.*)
 *(.rel.gnu.linkonce.r*)

.rela.rodata
 *(.rela.rodata)
 *(.rela.rodata.*)
 *(.rela.gnu.linkonce.r*)

.rel.data
 *(.rel.data)
 *(.rel.data.*)
 *(.rel.gnu.linkonce.d*)

.rela.data
 *(.rela.data)
 *(.rela.data.*)
 *(.rela.gnu.linkonce.d*)

.rel.ctors
 *(.rel.ctors)

.rela.ctors
 *(.rela.ctors)

.rel.dtors
 *(.rel.dtors)

.rela.dtors
 *(.rela.dtors)

.rel.got
 *(.rel.got)

.rela.got
 *(.rela.got)

.rel.bss
 *(.rel.bss)

.rela.bss
 *(.rela.bss)

.rel.plt
 *(.rel.plt)

.rela.plt
 *(.rela.plt)

.text           0x00003100     0xba36
                0x00003100                . = ALIGN (0x2)
 *(.init)
 *(.init0)
 .init0         0x00003100        0x0 /usr/lib/gcc/msp430/4.5.3/mcpu-430x/mmpy-16/libcrt0.a(_reset_vector__.o)
                0x00003100                _reset_vector__
 *(.init1)
 *(.init2)
 .init2         0x00003100        0x4 /usr/lib/gcc/msp430/4.5.3/mcpu-430x/mmpy-16/libcrt0.a(__init_stack.o)
                0x00003100                __init_stack
 *(.init3)
 .init3         0x00003104        0xa /usr/lib/gcc/msp430/4.5.3/mcpu-430x/mmpy-16/libcrt0.a(__low_level_init.o)
                0x00003104                __low_level_init
 *(.init4)
 .init4         0x0000310e       0x16 /usr/lib/gcc/msp430/4.5.3/mcpu-430x/mmpy-16/libcrt0.a(_copy_data.o)
                0x0000310e                __do_copy_data
 .init4         0x00003124       0x14 /usr/lib/gcc/msp430/4.5.3/mcpu-430x/mmpy-16/libcrt0.a(_clear_bss.o)
                0x00003124                __do_clear_bss
 *(.init5)
 *(.init6)
 *(.init7)
 *(.init8)
 *(.init9)
 .init9         0x00003138      0x36e obj_z1/contiki-z1-main.o
                0x00003138                main
 *(.fini9)
 .fini9         0x000034a6        0x0 /usr/lib/gcc/msp430/4.5.3/mcpu-430x/mmpy-16/libcrt0.a(__stop_progExec__.o)
                0x000034a6                __stop_progExec__
 *(.fini8)
 *(.fini7)
 *(.fini6)
 *(.fini5)
 *(.fini4)
 *(.fini3)
 *(.fini2)
 *(.fini1)
 *(.fini0)
 .fini0         0x000034a6        0x6 /usr/lib/gcc/msp430/4.5.3/mcpu-430x/mmpy-16/libcrt0.a(_endless_loop__.o)
                0x000034a6                _endless_loop__
 *(.fini)
                0x000034ac                . = ALIGN (0x2)
                0x000034ac                __ctors_start = .
 *(.ctors)
                0x000034ac                __ctors_end = .
                0x000034ac                __dtors_start = .
 *(.dtors)
                0x000034ac                __dtors_end = .
                0x000034ac                . = ALIGN (0x2)
 *(.text)
 .text          0x000034ac        0x4 /usr/lib/gcc/msp430/4.5.3/mcpu-430x/mmpy-16/crt0ivtbl32.o
                0x000034ac                __isr_14
                0x000034ac                __isr_4
                0x000034ac                __isr_29
                0x000034ac                __isr_11
                0x000034ac                __isr_5
                0x000034ac                __isr_2
                0x000034ac                __isr_10
                0x000034ac                __isr_7
                0x000034ac                __isr_0
                0x000034ac                __isr_28
                0x000034ac                __isr_8
                0x000034ac                __isr_20
                0x000034ac                __isr_3
                0x000034ac                __isr_12
                0x000034ac                __isr_13
                0x000034ac                __isr_27
                0x000034ac                __isr_9
                0x000034ac                __isr_30
                0x000034ac                __isr_6
                0x000034ac                __isr_22
                0x000034ac                __isr_1
                0x000034ac                __isr_15
                0x000034ac                __isr_21
 .text          0x000034b0       0xc6 border-router.co
                0x00003570                autostart_processes
 .text          0x00003576       0xa6 obj_z1/slip-bridge.o
                0x00003618                rpl_interface
 .text          0x0000361c      0x139 obj_z1/httpd-simple.o
                0x00003675                http_content_type_html
                0x00003691                http_header_200
                0x000036e7                http_header_404
                0x00003744                http_get
                0x00003749                http_index_html
 .text          0x00003755      0x10b obj_z1/contiki-z1-main.o
 .text          0x00003860        0x8 contiki-z1.a(rimeaddr.o)
                0x00003860                rimeaddr_null
 .text          0x00003868       0x14 contiki-z1.a(csma.o)
                0x0000386e                csma_driver
 .text          0x0000387c       0x1c contiki-z1.a(contikimac.o)
                0x00003888                contikimac_driver
 .text          0x00003898        0xc contiki-z1.a(etimer.o)
 .text          0x000038a4        0xf contiki-z1.a(ctimer.o)
 *fill*         0x000038b3        0x1 00
 .text          0x000038b4       0x24 contiki-z1.a(sicslowpan.o)
                0x000038b4                unc_llconf
                0x000038b8                unc_ctxconf
                0x000038bc                unc_mxconf
                0x000038c0                llprefix
                0x000038ce                sicslowpan_driver
 .text          0x000038d8        0xd contiki-z1.a(tcpip.o)
 .text          0x000038e5       0x1a contiki-z1.a(uip-debug.o)
 *fill*         0x000038ff        0x1 00
 .text          0x00003900       0x20 contiki-z1.a(uip6.o)
 .text          0x00003920       0x22 contiki-z1.a(cc2420.o)
                0x0000392e                cc2420_driver
 .text          0x00003942        0x8 contiki-z1.a(sensors.o)
 .text          0x0000394a       0x10 contiki-z1.a(button-sensor.o)
                0x00003952                button_sensor
 .text          0x0000395a       0x21 contiki-z1.a(slip.o)
 .text          0x0000397b       0x16 contiki-z1.a(adxl345.o)
 *fill*         0x00003991        0x1 00
 .text          0x00003992        0x4 contiki-z1.a(framer-802154.o)
                0x00003992                framer_802154
 .text          0x00003996        0x2 contiki-z1.a(frame802154.o)
 .text          0x00003998       0x30 /usr/lib/gcc/msp430/4.5.3/../../../../msp430/lib/mcpu-430x/mmpy-16/libc.a(strncmp.o)
                0x00003998                strncmp
 .text          0x000039c8       0x34 /usr/lib/gcc/msp430/4.5.3/../../../../msp430/lib/mcpu-430x/mmpy-16/libc.a(memcmp.o)
                0x000039c8                memcmp
 .text          0x000039fc       0x2c /usr/lib/gcc/msp430/4.5.3/../../../../msp430/lib/mcpu-430x/mmpy-16/libc.a(strncpy.o)
                0x000039fc                strncpy
 .text          0x00003a28      0x104 /usr/lib/gcc/msp430/4.5.3/../../../../msp430/lib/mcpu-430x/mmpy-16/libc.a(memcpy.o)
                0x00003a28                memcpy
 .text          0x00003b2c      0x104 /usr/lib/gcc/msp430/4.5.3/../../../../msp430/lib/mcpu-430x/mmpy-16/libc.a(memmove.o)
                0x00003b2c                memmove
 .text          0x00003c30       0x66 /usr/lib/gcc/msp430/4.5.3/../../../../msp430/lib/mcpu-430x/mmpy-16/libc.a(memset.o)
                0x00003c30                memset
 .text          0x00003c96       0x20 /usr/lib/gcc/msp430/4.5.3/../../../../msp430/lib/mcpu-430x/mmpy-16/libc.a(printf.o)
                0x00003c96                printf
                0x00003ca8                vprintf
 .text          0x00003cb6       0xbc /usr/lib/gcc/msp430/4.5.3/../../../../msp430/lib/mcpu-430x/mmpy-16/libc.a(sprintf.o)
                0x00003d14                sprintf
                0x00003d30                snprintf
                0x00003d4a                vsprintf
                0x00003d60                vsnprintf
 .text          0x00003d72      0x476 /usr/lib/gcc/msp430/4.5.3/../../../../msp430/lib/mcpu-430x/mmpy-16/libc.a(vuprintf.o)
                0x00003e7e                vuprintf
 .text          0x000041e8       0x2c /usr/lib/gcc/msp430/4.5.3/../../../../msp430/lib/mcpu-430x/mmpy-16/libc.a(puts.o)
                0x000041e8                puts
 .text          0x00004214      0x134 /usr/lib/gcc/msp430/4.5.3/../../../../msp430/lib/mcpu-430x/mmpy-16/libc.a(rand.o)
                0x00004214                rand_r
                0x000042a8                rand
                0x0000433e                srand
                0x00004348                . = ALIGN (0x2)
 *(.text.*)
 .text.process_thread_webserver_nogui_process
                0x00004348       0x3c border-router.co
 .text.ipaddr_add
                0x00004384       0xcc border-router.co
 .text.generate_routes
                0x00004450      0x28e border-router.co
 .text.httpd_simple_get_script
                0x000046de        0x6 border-router.co
                0x000046de                httpd_simple_get_script
 .text.request_prefix
                0x000046e4       0x1e border-router.co
                0x000046e4                request_prefix
 .text.process_thread_border_router_process
                0x00004702      0x12e border-router.co
 .text.set_prefix_64
                0x00004830       0x48 border-router.co
                0x00004830                set_prefix_64
 .text.output   0x00004878       0x48 obj_z1/slip-bridge.o
 .text.init     0x000048c0       0x1e obj_z1/slip-bridge.o
 .text.slip_input_callback
                0x000048de       0xe2 obj_z1/slip-bridge.o
 .text.putchar  0x000049c0       0x3c obj_z1/slip-bridge.o
                0x000049c0                putchar
 .text.send_headers
                0x000049fc       0x66 obj_z1/httpd-simple.o
 .text.handle_connection
                0x00004a62      0x19e obj_z1/httpd-simple.o
 .text.httpd_appcall
                0x00004c00       0xcc obj_z1/httpd-simple.o
                0x00004c00                httpd_appcall
 .text.httpd_init
                0x00004ccc       0x12 obj_z1/httpd-simple.o
                0x00004ccc                httpd_init
 .text.rimeaddr_copy
                0x00004cde        0x8 contiki-z1.a(rimeaddr.o)
                0x00004cde                rimeaddr_copy
 .text.rimeaddr_cmp
                0x00004ce6       0x12 contiki-z1.a(rimeaddr.o)
                0x00004ce6                rimeaddr_cmp
 .text.rimeaddr_set_node_addr
                0x00004cf8        0xc contiki-z1.a(rimeaddr.o)
                0x00004cf8                rimeaddr_set_node_addr
 .text.input_packet
                0x00004d04        0x6 contiki-z1.a(csma.o)
 .text.on       0x00004d0a        0x6 contiki-z1.a(csma.o)
 .text.off      0x00004d10        0x6 contiki-z1.a(csma.o)
 .text.channel_check_interval
                0x00004d16        0xc contiki-z1.a(csma.o)
 .text.transmit_packet_list
                0x00004d22       0x24 contiki-z1.a(csma.o)
 .text.send_packet
                0x00004d46      0x166 contiki-z1.a(csma.o)
 .text.free_packet
                0x00004eac       0x94 contiki-z1.a(csma.o)
 .text.packet_sent
                0x00004f40      0x12a contiki-z1.a(csma.o)
 .text.init     0x0000506a       0x1a contiki-z1.a(csma.o)
 .text.on       0x00005084       0x16 contiki-z1.a(contikimac.o)
 .text.off      0x0000509a       0x1e contiki-z1.a(contikimac.o)
 .text.powercycle_turn_radio_off
                0x000050b8       0x12 contiki-z1.a(contikimac.o)
 .text.recv_burst_off
                0x000050ca        0xa contiki-z1.a(contikimac.o)
 .text.turn_off
                0x000050d4       0x20 contiki-z1.a(contikimac.o)
 .text.duty_cycle
                0x000050f4        0x6 contiki-z1.a(contikimac.o)
 .text.turn_on  0x000050fa       0x30 contiki-z1.a(contikimac.o)
 .text.schedule_powercycle_fixed
                0x0000512a       0x40 contiki-z1.a(contikimac.o)
 .text.powercycle
                0x0000516a      0x1c0 contiki-z1.a(contikimac.o)
 .text.input_packet
                0x0000532a       0xf0 contiki-z1.a(contikimac.o)
 .text.send_packet
                0x0000541a      0x29e contiki-z1.a(contikimac.o)
 .text.qsend_list
                0x000056b8       0x86 contiki-z1.a(contikimac.o)
 .text.qsend_packet
                0x0000573e       0x28 contiki-z1.a(contikimac.o)
 .text.init     0x00005766       0x2e contiki-z1.a(contikimac.o)
 .text.send_packet
                0x00005794       0x44 contiki-z1.a(phase.o)
 .text.phase_update
                0x000057d8       0x90 contiki-z1.a(phase.o)
                0x000057d8                phase_update
 .text.phase_wait
                0x00005868      0x112 contiki-z1.a(phase.o)
                0x00005868                phase_wait
 .text.phase_init
                0x0000597a       0x14 contiki-z1.a(phase.o)
                0x0000597a                phase_init
 .text.lollipop_greater_than
                0x0000598e       0x44 contiki-z1.a(rpl-dag.o)
 .text.find_parent_any_dag_any_instance
                0x000059d2       0x14 contiki-z1.a(rpl-dag.o)
 .text.rpl_set_preferred_parent
                0x000059e6       0x30 contiki-z1.a(rpl-dag.o)
 .text.set_ip_from_prefix
                0x00005a16       0x3a contiki-z1.a(rpl-dag.o)
 .text.check_prefix
                0x00005a50       0x7c contiki-z1.a(rpl-dag.o)
 .text.rpl_dag_init
                0x00005acc        0xe contiki-z1.a(rpl-dag.o)
                0x00005acc                rpl_dag_init
 .text.rpl_get_parent_ipaddr
                0x00005ada       0x10 contiki-z1.a(rpl-dag.o)
                0x00005ada                rpl_get_parent_ipaddr
 .text.rpl_set_prefix
                0x00005aea       0x90 contiki-z1.a(rpl-dag.o)
                0x00005aea                rpl_set_prefix
 .text.rpl_set_default_route
                0x00005b7a       0x62 contiki-z1.a(rpl-dag.o)
                0x00005b7a                rpl_set_default_route
 .text.rpl_alloc_instance
                0x00005bdc       0x2c contiki-z1.a(rpl-dag.o)
                0x00005bdc                rpl_alloc_instance
 .text.rpl_add_parent
                0x00005c08       0x38 contiki-z1.a(rpl-dag.o)
                0x00005c08                rpl_add_parent
 .text.rpl_find_parent
                0x00005c40       0x1a contiki-z1.a(rpl-dag.o)
                0x00005c40                rpl_find_parent
 .text.rpl_find_parent_any_dag
                0x00005c5a       0x26 contiki-z1.a(rpl-dag.o)
                0x00005c5a                rpl_find_parent_any_dag
 .text.rpl_select_parent
                0x00005c80       0x5c contiki-z1.a(rpl-dag.o)
                0x00005c80                rpl_select_parent
 .text.rpl_select_dag
                0x00005cdc      0x1b4 contiki-z1.a(rpl-dag.o)
                0x00005cdc                rpl_select_dag
 .text.rpl_nullify_parent
                0x00005e90       0x4e contiki-z1.a(rpl-dag.o)
                0x00005e90                rpl_nullify_parent
 .text.rpl_remove_parent
                0x00005ede       0x16 contiki-z1.a(rpl-dag.o)
                0x00005ede                rpl_remove_parent
 .text.remove_parents.clone.2
                0x00005ef4       0x32 contiki-z1.a(rpl-dag.o)
 .text.rpl_free_dag
                0x00005f26       0x36 contiki-z1.a(rpl-dag.o)
                0x00005f26                rpl_free_dag
 .text.rpl_free_instance
                0x00005f5c       0x5c contiki-z1.a(rpl-dag.o)
                0x00005f5c                rpl_free_instance
 .text.rpl_move_parent
                0x00005fb8       0x6e contiki-z1.a(rpl-dag.o)
                0x00005fb8                rpl_move_parent
 .text.rpl_get_any_dag
                0x00006026       0x18 contiki-z1.a(rpl-dag.o)
                0x00006026                rpl_get_any_dag
 .text.rpl_get_instance
                0x0000603e       0x16 contiki-z1.a(rpl-dag.o)
                0x0000603e                rpl_get_instance
 .text.get_dag  0x00006054       0x5c contiki-z1.a(rpl-dag.o)
 .text.rpl_alloc_dag
                0x000060b0       0x6a contiki-z1.a(rpl-dag.o)
                0x000060b0                rpl_alloc_dag
 .text.rpl_set_root
                0x0000611a       0xe8 contiki-z1.a(rpl-dag.o)
                0x0000611a                rpl_set_root
 .text.rpl_repair_root
                0x00006202       0x4c contiki-z1.a(rpl-dag.o)
                0x00006202                rpl_repair_root
 .text.rpl_find_of
                0x0000624e       0x10 contiki-z1.a(rpl-dag.o)
                0x0000624e                rpl_find_of
 .text.rpl_join_instance
                0x0000625e      0x142 contiki-z1.a(rpl-dag.o)
                0x0000625e                rpl_join_instance
 .text.rpl_local_repair
                0x000063a0       0x7a contiki-z1.a(rpl-dag.o)
                0x000063a0                rpl_local_repair
 .text.rpl_process_parent_event
                0x0000641a       0x88 contiki-z1.a(rpl-dag.o)
                0x0000641a                rpl_process_parent_event
 .text.rpl_recalculate_ranks
                0x000064a2       0x42 contiki-z1.a(rpl-dag.o)
                0x000064a2                rpl_recalculate_ranks
 .text.rpl_add_dag
                0x000064e4      0x116 contiki-z1.a(rpl-dag.o)
                0x000064e4                rpl_add_dag
 .text.rpl_process_dio
                0x000065fa      0x272 contiki-z1.a(rpl-dag.o)
                0x000065fa                rpl_process_dio
 .text.get32    0x0000686c       0x46 contiki-z1.a(rpl-icmp6.o)
 .text.set32    0x000068b2       0x3c contiki-z1.a(rpl-icmp6.o)
 .text.get16    0x000068ee        0xe contiki-z1.a(rpl-icmp6.o)
 .text.set16    0x000068fc       0x10 contiki-z1.a(rpl-icmp6.o)
 .text.dis_output
                0x0000690c       0x50 contiki-z1.a(rpl-icmp6.o)
                0x0000690c                dis_output
 .text.dio_output
                0x0000695c      0x29e contiki-z1.a(rpl-icmp6.o)
                0x0000695c                dio_output
 .text.dao_output_target
                0x00006bfa       0xde contiki-z1.a(rpl-icmp6.o)
                0x00006bfa                dao_output_target
 .text.dao_output
                0x00006cd8       0x7a contiki-z1.a(rpl-icmp6.o)
                0x00006cd8                dao_output
 .text.dao_ack_output
                0x00006d52       0x3c contiki-z1.a(rpl-icmp6.o)
                0x00006d52                dao_ack_output
 .text.uip_rpl_input
                0x00006d8e      0x548 contiki-z1.a(rpl-icmp6.o)
                0x00006d8e                uip_rpl_input
 .text.new_dio_interval
                0x000072d6       0xb8 contiki-z1.a(rpl-timers.o)
 .text.handle_dao_timer
                0x0000738e       0x50 contiki-z1.a(rpl-timers.o)
 .text.handle_dio_timer
                0x000073de       0x82 contiki-z1.a(rpl-timers.o)
 .text.handle_periodic_timer
                0x00007460       0x2e contiki-z1.a(rpl-timers.o)
 .text.rpl_reset_periodic_timer
                0x0000748e       0x56 contiki-z1.a(rpl-timers.o)
                0x0000748e                rpl_reset_periodic_timer
 .text.rpl_reset_dio_timer
                0x000074e4       0x18 contiki-z1.a(rpl-timers.o)
                0x000074e4                rpl_reset_dio_timer
 .text.rpl_schedule_dao
                0x000074fc       0x48 contiki-z1.a(rpl-timers.o)
                0x000074fc                rpl_schedule_dao
 .text.reset    0x00007544        0x2 contiki-z1.a(rpl-mrhof.o)
 .text.neighbor_link_callback
                0x00007546       0x7e contiki-z1.a(rpl-mrhof.o)
 .text.calculate_rank
                0x000075c4       0x30 contiki-z1.a(rpl-mrhof.o)
 .text.best_dag
                0x000075f4       0x34 contiki-z1.a(rpl-mrhof.o)
 .text.best_parent
                0x00007628       0x52 contiki-z1.a(rpl-mrhof.o)
 .text.update_metric_container
                0x0000767a        0x6 contiki-z1.a(rpl-mrhof.o)
 .text.call_process
                0x00007680       0x4c contiki-z1.a(process.o)
 .text.exit_process
                0x000076cc       0x94 contiki-z1.a(process.o)
 .text.do_poll  0x00007760       0x30 contiki-z1.a(process.o)
 .text.process_alloc_event
                0x00007790        0xe contiki-z1.a(process.o)
                0x00007790                process_alloc_event
 .text.process_init
                0x0000779e       0x1c contiki-z1.a(process.o)
                0x0000779e                process_init
 .text.process_run
                0x000077ba       0x9c contiki-z1.a(process.o)
                0x000077ba                process_run
 .text.process_nevents
                0x00007856        0xc contiki-z1.a(process.o)
                0x00007856                process_nevents
 .text.process_post
                0x00007862       0x54 contiki-z1.a(process.o)
                0x00007862                process_post
 .text.process_post_synch
                0x000078b6       0x12 contiki-z1.a(process.o)
                0x000078b6                process_post_synch
 .text.process_start
                0x000078c8       0x32 contiki-z1.a(process.o)
                0x000078c8                process_start
 .text.process_poll
                0x000078fa       0x1a contiki-z1.a(process.o)
                0x000078fa                process_poll
 .text.autostart_start
                0x00007914       0x18 contiki-z1.a(autostart.o)
                0x00007914                autostart_start
 .text.memb_init
                0x0000792c       0x36 contiki-z1.a(memb.o)
                0x0000792c                memb_init
 .text.memb_alloc
                0x00007962       0x3e contiki-z1.a(memb.o)
                0x00007962                memb_alloc
 .text.memb_free
                0x000079a0       0x3a contiki-z1.a(memb.o)
                0x000079a0                memb_free
 .text.memb_inmemb
                0x000079da       0x2e contiki-z1.a(memb.o)
                0x000079da                memb_inmemb
 .text.timer_set
                0x00007a08       0x1c contiki-z1.a(timer.o)
                0x00007a08                timer_set
 .text.timer_reset
                0x00007a24        0xe contiki-z1.a(timer.o)
                0x00007a24                timer_reset
 .text.timer_restart
                0x00007a32       0x14 contiki-z1.a(timer.o)
                0x00007a32                timer_restart
 .text.timer_expired
                0x00007a46       0x2e contiki-z1.a(timer.o)
                0x00007a46                timer_expired
 .text.list_init
                0x00007a74        0x6 contiki-z1.a(list.o)
                0x00007a74                list_init
 .text.list_head
                0x00007a7a        0x4 contiki-z1.a(list.o)
                0x00007a7a                list_head
 .text.list_tail
                0x00007a7e       0x14 contiki-z1.a(list.o)
                0x00007a7e                list_tail
 .text.list_remove
                0x00007a92       0x2e contiki-z1.a(list.o)
                0x00007a92                list_remove
 .text.list_push
                0x00007ac0       0x1a contiki-z1.a(list.o)
                0x00007ac0                list_push
 .text.list_add
                0x00007ada       0x2a contiki-z1.a(list.o)
                0x00007ada                list_add
 .text.list_length
                0x00007b04       0x10 contiki-z1.a(list.o)
                0x00007b04                list_length
 .text.list_item_next
                0x00007b14        0x8 contiki-z1.a(list.o)
                0x00007b14                list_item_next
 .text.update_time
                0x00007b1c       0x78 contiki-z1.a(etimer.o)
 .text.etimer_request_poll
                0x00007b94        0xa contiki-z1.a(etimer.o)
                0x00007b94                etimer_request_poll
 .text.process_thread_etimer_process
                0x00007b9e       0xce contiki-z1.a(etimer.o)
 .text.add_timer
                0x00007c6c       0x40 contiki-z1.a(etimer.o)
 .text.etimer_set
                0x00007cac       0x12 contiki-z1.a(etimer.o)
                0x00007cac                etimer_set
 .text.etimer_reset
                0x00007cbe       0x12 contiki-z1.a(etimer.o)
                0x00007cbe                etimer_reset
 .text.etimer_restart
                0x00007cd0       0x12 contiki-z1.a(etimer.o)
                0x00007cd0                etimer_restart
 .text.etimer_expired
                0x00007ce2        0xe contiki-z1.a(etimer.o)
                0x00007ce2                etimer_expired
 .text.etimer_expiration_time
                0x00007cf0       0x14 contiki-z1.a(etimer.o)
                0x00007cf0                etimer_expiration_time
 .text.etimer_pending
                0x00007d04        0xe contiki-z1.a(etimer.o)
                0x00007d04                etimer_pending
 .text.etimer_next_expiration_time
                0x00007d12       0x16 contiki-z1.a(etimer.o)
                0x00007d12                etimer_next_expiration_time
 .text.etimer_stop
                0x00007d28       0x3c contiki-z1.a(etimer.o)
                0x00007d28                etimer_stop
 .text.process_thread_ctimer_process
                0x00007d64       0xa4 contiki-z1.a(ctimer.o)
 .text.ctimer_init
                0x00007e08       0x18 contiki-z1.a(ctimer.o)
                0x00007e08                ctimer_init
 .text.ctimer_set
                0x00007e20       0x5a contiki-z1.a(ctimer.o)
                0x00007e20                ctimer_set
 .text.ctimer_reset
                0x00007e7a       0x3a contiki-z1.a(ctimer.o)
                0x00007e7a                ctimer_reset
 .text.ctimer_stop
                0x00007eb4       0x28 contiki-z1.a(ctimer.o)
                0x00007eb4                ctimer_stop
 .text.energest_init
                0x00007edc       0x2a contiki-z1.a(energest.o)
                0x00007edc                energest_init
 .text.energest_type_time
                0x00007f06       0x44 contiki-z1.a(energest.o)
                0x00007f06                energest_type_time
 .text.energest_type_set
                0x00007f4a        0xe contiki-z1.a(energest.o)
                0x00007f4a                energest_type_set
 .text.energest_flush
                0x00007f58       0x4a contiki-z1.a(energest.o)
                0x00007f58                energest_flush
 .text.rtimer_init
                0x00007fa2        0x6 contiki-z1.a(rtimer.o)
                0x00007fa2                rtimer_init
 .text.rtimer_set
                0x00007fa8       0x24 contiki-z1.a(rtimer.o)
                0x00007fa8                rtimer_set
 .text.rtimer_run_next
                0x00007fcc       0x26 contiki-z1.a(rtimer.o)
                0x00007fcc                rtimer_run_next
 .text.stimer_set
                0x00007ff2       0x1c contiki-z1.a(stimer.o)
                0x00007ff2                stimer_set
 .text.stimer_expired
                0x0000800e       0x42 contiki-z1.a(stimer.o)
                0x0000800e                stimer_expired
 .text.random_rand
                0x00008050        0x6 contiki-z1.a(random.o)
                0x00008050                random_rand
 .text.index_from_key
                0x00008056       0xb4 contiki-z1.a(nbr-table.o)
 .text.item_from_key
                0x0000810a       0x38 contiki-z1.a(nbr-table.o)
 .text.key_from_item
                0x00008142       0x3a contiki-z1.a(nbr-table.o)
 .text.nbr_set_bit
                0x0000817c       0x6e contiki-z1.a(nbr-table.o)
 .text.index_from_lladdr
                0x000081ea       0x42 contiki-z1.a(nbr-table.o)
 .text.nbr_get_bit.clone.0
                0x0000822c       0x40 contiki-z1.a(nbr-table.o)
 .text.nbr_table_register
                0x0000826c       0x26 contiki-z1.a(nbr-table.o)
                0x0000826c                nbr_table_register
 .text.nbr_table_next
                0x00008292       0x36 contiki-z1.a(nbr-table.o)
                0x00008292                nbr_table_next
 .text.nbr_table_head
                0x000082c8       0x36 contiki-z1.a(nbr-table.o)
                0x000082c8                nbr_table_head
 .text.nbr_table_add_lladdr
                0x000082fe      0x13e contiki-z1.a(nbr-table.o)
                0x000082fe                nbr_table_add_lladdr
 .text.nbr_table_get_from_lladdr
                0x0000843c       0x4c contiki-z1.a(nbr-table.o)
                0x0000843c                nbr_table_get_from_lladdr
 .text.nbr_table_remove
                0x00008488       0x32 contiki-z1.a(nbr-table.o)
                0x00008488                nbr_table_remove
 .text.nbr_table_lock
                0x000084ba       0x10 contiki-z1.a(nbr-table.o)
                0x000084ba                nbr_table_lock
 .text.nbr_table_unlock
                0x000084ca       0x10 contiki-z1.a(nbr-table.o)
                0x000084ca                nbr_table_unlock
 .text.nbr_table_get_lladdr
                0x000084da        0xc contiki-z1.a(nbr-table.o)
                0x000084da                nbr_table_get_lladdr
 .text.packetbuf_copyto_hdr
                0x000084e6       0x1c contiki-z1.a(packetbuf.o)
                0x000084e6                packetbuf_copyto_hdr
 .text.packetbuf_copyto
                0x00008502       0x52 contiki-z1.a(packetbuf.o)
                0x00008502                packetbuf_copyto
 .text.packetbuf_hdr_remove
                0x00008554        0x6 contiki-z1.a(packetbuf.o)
                0x00008554                packetbuf_hdr_remove
 .text.packetbuf_hdrreduce
                0x0000855a       0x1a contiki-z1.a(packetbuf.o)
                0x0000855a                packetbuf_hdrreduce
 .text.packetbuf_set_datalen
                0x00008574        0x6 contiki-z1.a(packetbuf.o)
                0x00008574                packetbuf_set_datalen
 .text.packetbuf_dataptr
                0x0000857a        0xa contiki-z1.a(packetbuf.o)
                0x0000857a                packetbuf_dataptr
 .text.packetbuf_hdrptr
                0x00008584        0xa contiki-z1.a(packetbuf.o)
                0x00008584                packetbuf_hdrptr
 .text.packetbuf_is_reference
                0x0000858e        0xe contiki-z1.a(packetbuf.o)
                0x0000858e                packetbuf_is_reference
 .text.packetbuf_compact
                0x0000859c       0x48 contiki-z1.a(packetbuf.o)
                0x0000859c                packetbuf_compact
 .text.packetbuf_reference_ptr
                0x000085e4        0x6 contiki-z1.a(packetbuf.o)
                0x000085e4                packetbuf_reference_ptr
 .text.packetbuf_datalen
                0x000085ea        0x6 contiki-z1.a(packetbuf.o)
                0x000085ea                packetbuf_datalen
 .text.packetbuf_totlen
                0x000085f0       0x10 contiki-z1.a(packetbuf.o)
                0x000085f0                packetbuf_totlen
 .text.packetbuf_hdralloc
                0x00008600       0x2e contiki-z1.a(packetbuf.o)
                0x00008600                packetbuf_hdralloc
 .text.packetbuf_attr_clear
                0x0000862e       0x32 contiki-z1.a(packetbuf.o)
                0x0000862e                packetbuf_attr_clear
 .text.packetbuf_clear
                0x00008660       0x20 contiki-z1.a(packetbuf.o)
                0x00008660                packetbuf_clear
 .text.packetbuf_copyfrom
                0x00008680       0x2e contiki-z1.a(packetbuf.o)
                0x00008680                packetbuf_copyfrom
 .text.packetbuf_attr_copyto
                0x000086ae       0x22 contiki-z1.a(packetbuf.o)
                0x000086ae                packetbuf_attr_copyto
 .text.packetbuf_attr_copyfrom
                0x000086d0       0x24 contiki-z1.a(packetbuf.o)
                0x000086d0                packetbuf_attr_copyfrom
 .text.psock_send
                0x000086f4       0xb0 contiki-z1.a(psock.o)
                0x000086f4                psock_send
 .text.psock_datalen
                0x000087a4        0xc contiki-z1.a(psock.o)
                0x000087a4                psock_datalen
 .text.psock_newdata
                0x000087b0       0x2a contiki-z1.a(psock.o)
                0x000087b0                psock_newdata
 .text.psock_readto
                0x000087da       0xa4 contiki-z1.a(psock.o)
                0x000087da                psock_readto
 .text.psock_init
                0x0000887e       0x22 contiki-z1.a(psock.o)
                0x0000887e                psock_init
 .text.queuebuf_init
                0x000088a0       0x1a contiki-z1.a(queuebuf.o)
                0x000088a0                queuebuf_init
 .text.queuebuf_new_from_packetbuf
                0x000088ba       0x80 contiki-z1.a(queuebuf.o)
                0x000088ba                queuebuf_new_from_packetbuf
 .text.queuebuf_update_attr_from_packetbuf
                0x0000893a       0x12 contiki-z1.a(queuebuf.o)
                0x0000893a                queuebuf_update_attr_from_packetbuf
 .text.queuebuf_free
                0x0000894c       0x46 contiki-z1.a(queuebuf.o)
                0x0000894c                queuebuf_free
 .text.queuebuf_to_packetbuf
                0x00008992       0x70 contiki-z1.a(queuebuf.o)
                0x00008992                queuebuf_to_packetbuf
 .text.queuebuf_attr
                0x00008a02        0xe contiki-z1.a(queuebuf.o)
                0x00008a02                queuebuf_attr
 .text.set_packet_attrs
                0x00008a10       0x44 contiki-z1.a(sicslowpan.o)
 .text.addr_context_lookup_by_number
                0x00008a54       0x36 contiki-z1.a(sicslowpan.o)
 .text.compress_addr_64
                0x00008a8a       0x92 contiki-z1.a(sicslowpan.o)
 .text.uncompress_addr
                0x00008b1c       0xae contiki-z1.a(sicslowpan.o)
 .text.input    0x00008bca      0x646 contiki-z1.a(sicslowpan.o)
 .text.sicslowpan_init
                0x00009210       0x26 contiki-z1.a(sicslowpan.o)
                0x00009210                sicslowpan_init
 .text.addr_context_lookup_by_prefix
                0x00009236       0x4c contiki-z1.a(sicslowpan.o)
 .text.send_packet
                0x00009282       0x1a contiki-z1.a(sicslowpan.o)
 .text.output   0x0000929c      0x6e6 contiki-z1.a(sicslowpan.o)
 .text.packet_sent
                0x00009982       0x22 contiki-z1.a(sicslowpan.o)
 .text.start_periodic_tcp_timer
                0x000099a4       0x16 contiki-z1.a(tcpip.o)
 .text.tcpip_output
                0x000099ba       0x10 contiki-z1.a(tcpip.o)
                0x000099ba                tcpip_output
 .text.tcpip_set_outputfunc
                0x000099ca        0x6 contiki-z1.a(tcpip.o)
                0x000099ca                tcpip_set_outputfunc
 .text.tcp_listen
                0x000099d0       0x3c contiki-z1.a(tcpip.o)
                0x000099d0                tcp_listen
 .text.tcp_attach
                0x00009a0c        0xc contiki-z1.a(tcpip.o)
                0x00009a0c                tcp_attach
 .text.tcpip_input
                0x00009a18       0x16 contiki-z1.a(tcpip.o)
                0x00009a18                tcpip_input
 .text.tcpip_ipv6_output
                0x00009a2e      0x178 contiki-z1.a(tcpip.o)
                0x00009a2e                tcpip_ipv6_output
 .text.process_thread_tcpip_process
                0x00009ba6      0x1dc contiki-z1.a(tcpip.o)
 .text.tcpip_uipcall
                0x00009d82       0x7c contiki-z1.a(tcpip.o)
                0x00009d82                tcpip_uipcall
 .text.uip_debug_ipaddr_print
                0x00009dfe       0x82 contiki-z1.a(uip-debug.o)
                0x00009dfe                uip_debug_ipaddr_print
 .text.call_route_callback
                0x00009e80       0x54 contiki-z1.a(uip-ds6-route.o)
 .text.uip_ds6_route_init
                0x00009ed4       0x2e contiki-z1.a(uip-ds6-route.o)
                0x00009ed4                uip_ds6_route_init
 .text.uip_ds6_route_nexthop
                0x00009f02       0x16 contiki-z1.a(uip-ds6-route.o)
                0x00009f02                uip_ds6_route_nexthop
 .text.uip_ds6_route_head
                0x00009f18       0x26 contiki-z1.a(uip-ds6-route.o)
                0x00009f18                uip_ds6_route_head
 .text.uip_ds6_route_next
                0x00009f3e       0x3a contiki-z1.a(uip-ds6-route.o)
                0x00009f3e                uip_ds6_route_next
 .text.uip_ds6_route_lookup
                0x00009f78       0x5a contiki-z1.a(uip-ds6-route.o)
                0x00009f78                uip_ds6_route_lookup
 .text.uip_ds6_route_add
                0x00009fd2       0xba contiki-z1.a(uip-ds6-route.o)
                0x00009fd2                uip_ds6_route_add
 .text.uip_ds6_route_rm
                0x0000a08c       0x60 contiki-z1.a(uip-ds6-route.o)
                0x0000a08c                uip_ds6_route_rm
 .text.rm_routelist
                0x0000a0ec       0x30 contiki-z1.a(uip-ds6-route.o)
 .text.rm_routelist_callback
                0x0000a11c        0x6 contiki-z1.a(uip-ds6-route.o)
 .text.uip_ds6_defrt_rm
                0x0000a122       0x48 contiki-z1.a(uip-ds6-route.o)
                0x0000a122                uip_ds6_defrt_rm
 .text.uip_ds6_defrt_lookup
                0x0000a16a       0x36 contiki-z1.a(uip-ds6-route.o)
                0x0000a16a                uip_ds6_defrt_lookup
 .text.uip_ds6_defrt_add
                0x0000a1a0       0x74 contiki-z1.a(uip-ds6-route.o)
                0x0000a1a0                uip_ds6_defrt_add
 .text.uip_ds6_defrt_choose
                0x0000a214       0x3a contiki-z1.a(uip-ds6-route.o)
                0x0000a214                uip_ds6_defrt_choose
 .text.uip_ds6_defrt_periodic
                0x0000a24e       0x38 contiki-z1.a(uip-ds6-route.o)
                0x0000a24e                uip_ds6_defrt_periodic
 .text.uip_ds6_nbr_rm
                0x0000a286       0x1a contiki-z1.a(uip-ds6-nbr.o)
                0x0000a286                uip_ds6_nbr_rm
 .text.uip_ds6_neighbors_init
                0x0000a2a0        0xe contiki-z1.a(uip-ds6-nbr.o)
                0x0000a2a0                uip_ds6_neighbors_init
 .text.uip_ds6_nbr_add
                0x0000a2ae       0x60 contiki-z1.a(uip-ds6-nbr.o)
                0x0000a2ae                uip_ds6_nbr_add
 .text.uip_ds6_nbr_get_ll
                0x0000a30e        0xc contiki-z1.a(uip-ds6-nbr.o)
                0x0000a30e                uip_ds6_nbr_get_ll
 .text.uip_ds6_nbr_lookup
                0x0000a31a       0x40 contiki-z1.a(uip-ds6-nbr.o)
                0x0000a31a                uip_ds6_nbr_lookup
 .text.uip_ds6_nbr_ll_lookup
                0x0000a35a        0xc contiki-z1.a(uip-ds6-nbr.o)
                0x0000a35a                uip_ds6_nbr_ll_lookup
 .text.uip_ds6_nbr_ipaddr_from_lladdr
                0x0000a366        0x6 contiki-z1.a(uip-ds6-nbr.o)
                0x0000a366                uip_ds6_nbr_ipaddr_from_lladdr
 .text.uip_ds6_nbr_lladdr_from_ipaddr
                0x0000a36c       0x10 contiki-z1.a(uip-ds6-nbr.o)
                0x0000a36c                uip_ds6_nbr_lladdr_from_ipaddr
 .text.uip_ds6_link_neighbor_callback
                0x0000a37c       0x2a contiki-z1.a(uip-ds6-nbr.o)
                0x0000a37c                uip_ds6_link_neighbor_callback
 .text.uip_ds6_neighbor_periodic
                0x0000a3a6      0x114 contiki-z1.a(uip-ds6-nbr.o)
                0x0000a3a6                uip_ds6_neighbor_periodic
 .text.uip_ds6_list_loop
                0x0000a4ba       0x82 contiki-z1.a(uip-ds6.o)
                0x0000a4ba                uip_ds6_list_loop
 .text.uip_ds6_prefix_add
                0x0000a53c       0x80 contiki-z1.a(uip-ds6.o)
                0x0000a53c                uip_ds6_prefix_add
 .text.uip_ds6_is_addr_onlink
                0x0000a5bc       0x50 contiki-z1.a(uip-ds6.o)
                0x0000a5bc                uip_ds6_is_addr_onlink
 .text.uip_ds6_addr_lookup
                0x0000a60c       0x2a contiki-z1.a(uip-ds6.o)
                0x0000a60c                uip_ds6_addr_lookup
 .text.uip_ds6_get_link_local
                0x0000a636       0x3e contiki-z1.a(uip-ds6.o)
                0x0000a636                uip_ds6_get_link_local
 .text.uip_ds6_maddr_add
                0x0000a674       0x4c contiki-z1.a(uip-ds6.o)
                0x0000a674                uip_ds6_maddr_add
 .text.uip_ds6_addr_add
                0x0000a6c0       0xca contiki-z1.a(uip-ds6.o)
                0x0000a6c0                uip_ds6_addr_add
 .text.uip_ds6_maddr_lookup
                0x0000a78a       0x2a contiki-z1.a(uip-ds6.o)
                0x0000a78a                uip_ds6_maddr_lookup
 .text.uip_ds6_addr_rm
                0x0000a7b4       0x54 contiki-z1.a(uip-ds6.o)
                0x0000a7b4                uip_ds6_addr_rm
 .text.uip_ds6_periodic
                0x0000a808       0x4a contiki-z1.a(uip-ds6.o)
                0x0000a808                uip_ds6_periodic
 .text.uip_ds6_set_addr_iid
                0x0000a852       0x14 contiki-z1.a(uip-ds6.o)
                0x0000a852                uip_ds6_set_addr_iid
 .text.get_match_length
                0x0000a866       0x46 contiki-z1.a(uip-ds6.o)
                0x0000a866                get_match_length
 .text.uip_ds6_select_src
                0x0000a8ac       0xaa contiki-z1.a(uip-ds6.o)
                0x0000a8ac                uip_ds6_select_src
 .text.uip_ds6_compute_reachable_time
                0x0000a956       0x4a contiki-z1.a(uip-ds6.o)
                0x0000a956                uip_ds6_compute_reachable_time
 .text.uip_ds6_init
                0x0000a9a0      0x15a contiki-z1.a(uip-ds6.o)
                0x0000a9a0                uip_ds6_init
 .text.uip_icmp6_echo_request_input
                0x0000aafa      0x122 contiki-z1.a(uip-icmp6.o)
                0x0000aafa                uip_icmp6_echo_request_input
 .text.uip_icmp6_error_output
                0x0000ac1c      0x16a contiki-z1.a(uip-icmp6.o)
                0x0000ac1c                uip_icmp6_error_output
 .text.uip_icmp6_send
                0x0000ad86       0x94 contiki-z1.a(uip-icmp6.o)
                0x0000ad86                uip_icmp6_send
 .text.create_llao
                0x0000ae1a       0x2c contiki-z1.a(uip-nd6.o)
 .text.uip_nd6_ns_input
                0x0000ae46      0x236 contiki-z1.a(uip-nd6.o)
                0x0000ae46                uip_nd6_ns_input
 .text.uip_nd6_ns_output
                0x0000b07c      0x16c contiki-z1.a(uip-nd6.o)
                0x0000b07c                uip_nd6_ns_output
 .text.uip_nd6_na_input
                0x0000b1e8      0x1b8 contiki-z1.a(uip-nd6.o)
                0x0000b1e8                uip_nd6_na_input
 .text.chksum   0x0000b3a0       0x34 contiki-z1.a(uip6.o)
 .text.upper_layer_chksum
                0x0000b3d4       0x54 contiki-z1.a(uip6.o)
 .text.ext_hdr_options_process
                0x0000b428       0xe0 contiki-z1.a(uip6.o)
 .text.uip_add32
                0x0000b508       0x72 contiki-z1.a(uip6.o)
                0x0000b508                uip_add32
 .text.uip_add_rcv_nxt
                0x0000b57a       0x2e contiki-z1.a(uip6.o)
 .text.uip_icmp6chksum
                0x0000b5a8        0xa contiki-z1.a(uip6.o)
                0x0000b5a8                uip_icmp6chksum
 .text.uip_tcpchksum
                0x0000b5b2        0xa contiki-z1.a(uip6.o)
                0x0000b5b2                uip_tcpchksum
 .text.uip_udpchksum
                0x0000b5bc        0xa contiki-z1.a(uip6.o)
                0x0000b5bc                uip_udpchksum
 .text.uip_init
                0x0000b5c6       0x6c contiki-z1.a(uip6.o)
                0x0000b5c6                uip_init
 .text.remove_ext_hdr
                0x0000b632       0x58 contiki-z1.a(uip6.o)
                0x0000b632                remove_ext_hdr
 .text.uip_unlisten
                0x0000b68a       0x32 contiki-z1.a(uip6.o)
                0x0000b68a                uip_unlisten
 .text.uip_listen
                0x0000b6bc       0x34 contiki-z1.a(uip6.o)
                0x0000b6bc                uip_listen
 .text.uip_process
                0x0000b6f0      0xece contiki-z1.a(uip6.o)
                0x0000b6f0                uip_process
 .text.uip_htonl
                0x0000c5be       0x3e contiki-z1.a(uip6.o)
                0x0000c5be                uip_htonl
 .text.uip_send
                0x0000c5fc       0x28 contiki-z1.a(uip6.o)
                0x0000c5fc                uip_send
 .text.init_platform
                0x0000c624        0xc contiki-z1.a(contiki-z1-plat)
                0x0000c624                init_platform
 .text.msp430_quick_synch_dco
                0x0000c630       0x86 contiki-z1.a(msp430.o)
                0x0000c630                msp430_quick_synch_dco
 .text.msp430_cpu_init
                0x0000c6b6       0x26 contiki-z1.a(msp430.o)
                0x0000c6b6                msp430_cpu_init
 .text.splhigh_
                0x0000c6dc        0x8 contiki-z1.a(msp430.o)
                0x0000c6dc                splhigh_
 .text.show_leds
                0x0000c6e4      0x10c contiki-z1.a(leds.o)
 .text.leds_init
                0x0000c7f0        0xe contiki-z1.a(leds.o)
                0x0000c7f0                leds_init
 .text.leds_on  0x0000c7fe       0x14 contiki-z1.a(leds.o)
                0x0000c7fe                leds_on
 .text.leds_off
                0x0000c812       0x14 contiki-z1.a(leds.o)
                0x0000c812                leds_off
 .text.watchdog_interrupt
                0x0000c826        0x6 contiki-z1.a(watchdog.o)
                0x0000c826                __isr_26
                0x0000c826                watchdog_interrupt
 .text.watchdog_start
                0x0000c82c       0x14 contiki-z1.a(watchdog.o)
                0x0000c82c                watchdog_start
 .text.watchdog_periodic
                0x0000c840       0x12 contiki-z1.a(watchdog.o)
                0x0000c840                watchdog_periodic
 .text.watchdog_stop
                0x0000c852       0x16 contiki-z1.a(watchdog.o)
                0x0000c852                watchdog_stop
 .text.watchdog_init
                0x0000c868       0x14 contiki-z1.a(watchdog.o)
                0x0000c868                watchdog_init
 .text.wait_ready
                0x0000c87c       0x4e contiki-z1.a(xmem.o)
 .text.xmem_init
                0x0000c8ca       0x1e contiki-z1.a(xmem.o)
                0x0000c8ca                xmem_init
 .text.xmem_pread
                0x0000c8e8       0xe2 contiki-z1.a(xmem.o)
                0x0000c8e8                xmem_pread
 .text.spi_init
                0x0000c9ca       0x38 contiki-z1.a(spi.o)
                0x0000c9ca                spi_init
 .text.strobe   0x0000ca02       0x20 contiki-z1.a(cc2420.o)
 .text.status   0x0000ca22       0x26 contiki-z1.a(cc2420.o)
 .text.getreg   0x0000ca48       0x4e contiki-z1.a(cc2420.o)
 .text.setreg   0x0000ca96       0x50 contiki-z1.a(cc2420.o)
 .text.set_txpower
                0x0000cae6       0x2a contiki-z1.a(cc2420.o)
 .text.cc2420_receiving_packet
                0x0000cb10       0x10 contiki-z1.a(cc2420.o)
 .text.pending_packet
                0x0000cb20       0x10 contiki-z1.a(cc2420.o)
 .text.on       0x0000cb30       0x46 contiki-z1.a(cc2420.o)
 .text.flushrx  0x0000cb76       0x78 contiki-z1.a(cc2420.o)
 .text.off      0x0000cbee       0x78 contiki-z1.a(cc2420.o)
 .text.RELEASE_LOCK
                0x0000cc66       0x28 contiki-z1.a(cc2420.o)
 .text.cc2420_prepare
                0x0000cc8e       0x8e contiki-z1.a(cc2420.o)
 .text.cc2420_on
                0x0000cd1c       0x22 contiki-z1.a(cc2420.o)
                0x0000cd1c                cc2420_on
 .text.cc2420_off
                0x0000cd3e       0x30 contiki-z1.a(cc2420.o)
                0x0000cd3e                cc2420_off
 .text.cc2420_cca
                0x0000cd6e       0x7a contiki-z1.a(cc2420.o)
 .text.getrxdata
                0x0000cde8       0x4c contiki-z1.a(cc2420.o)
 .text.cc2420_read
                0x0000ce34       0xe6 contiki-z1.a(cc2420.o)
 .text.process_thread_cc2420_process
                0x0000cf1a       0x50 contiki-z1.a(cc2420.o)
 .text.cc2420_set_channel
                0x0000cf6a       0x7a contiki-z1.a(cc2420.o)
                0x0000cf6a                cc2420_set_channel
 .text.cc2420_set_pan_addr
                0x0000cfe4      0x14c contiki-z1.a(cc2420.o)
                0x0000cfe4                cc2420_set_pan_addr
 .text.cc2420_init
                0x0000d130       0xd4 contiki-z1.a(cc2420.o)
                0x0000d130                cc2420_init
 .text.cc2420_interrupt
                0x0000d204       0x20 contiki-z1.a(cc2420.o)
                0x0000d204                cc2420_interrupt
 .text.cc2420_get_txpower
                0x0000d224       0x1e contiki-z1.a(cc2420.o)
                0x0000d224                cc2420_get_txpower
 .text.cc2420_transmit
                0x0000d242      0x1aa contiki-z1.a(cc2420.o)
 .text.cc2420_send
                0x0000d3ec       0x12 contiki-z1.a(cc2420.o)
 .text.cc2420_arch_init
                0x0000d3fe       0x1a contiki-z1.a(cc2420-arch.o)
                0x0000d3fe                cc2420_arch_init
 .text.node_id_restore
                0x0000d418       0x4c contiki-z1.a(node-id.o)
                0x0000d418                node_id_restore
 .text.get_sensor_index
                0x0000d464       0x22 contiki-z1.a(sensors.o)
 .text.process_thread_sensors_process
                0x0000d486       0xc2 contiki-z1.a(sensors.o)
 .text.sensors_changed
                0x0000d548       0x14 contiki-z1.a(sensors.o)
                0x0000d548                sensors_changed
 .text.status   0x0000d55c       0x16 contiki-z1.a(button-sensor.o)
 .text.configure
                0x0000d572       0x4a contiki-z1.a(button-sensor.o)
 .text.value    0x0000d5bc       0x26 contiki-z1.a(button-sensor.o)
 .text.irq_p2   0x0000d5e2       0x92 contiki-z1.a(button-sensor.o)
                0x0000d5e2                irq_p2
                0x0000d5e2                __isr_19
 .text.uart0_active
                0x0000d674        0xc contiki-z1.a(uart0.o)
                0x0000d674                uart0_active
 .text.uart0_set_input
                0x0000d680        0x6 contiki-z1.a(uart0.o)
                0x0000d680                uart0_set_input
 .text.uart0_writeb
                0x0000d686       0x18 contiki-z1.a(uart0.o)
                0x0000d686                uart0_writeb
 .text.uart0_init
                0x0000d69e       0x46 contiki-z1.a(uart0.o)
                0x0000d69e                uart0_init
 .text.uart0_rx_interrupt
                0x0000d6e4       0x82 contiki-z1.a(uart0.o)
                0x0000d6e4                __isr_23
                0x0000d6e4                uart0_rx_interrupt
 .text.rxbuf_init
                0x0000d766       0x12 contiki-z1.a(slip.o)
 .text.process_thread_slip_process
                0x0000d778      0x148 contiki-z1.a(slip.o)
 .text.slip_set_input_callback
                0x0000d8c0        0x6 contiki-z1.a(slip.o)
                0x0000d8c0                slip_set_input_callback
 .text.slip_send
                0x0000d8c6       0x60 contiki-z1.a(slip.o)
                0x0000d8c6                slip_send
 .text.slip_input_byte
                0x0000d926       0xc0 contiki-z1.a(slip.o)
                0x0000d926                slip_input_byte
 .text.slip_arch_writeb
                0x0000d9e6        0x6 contiki-z1.a(slip_uart0.o)
                0x0000d9e6                slip_arch_writeb
 .text.slip_arch_init
                0x0000d9ec        0xa contiki-z1.a(slip_uart0.o)
                0x0000d9ec                slip_arch_init
 .text.accm_write_reg
                0x0000d9f6       0x2e contiki-z1.a(adxl345.o)
                0x0000d9f6                accm_write_reg
 .text.accm_write_stream
                0x0000da24       0x2e contiki-z1.a(adxl345.o)
                0x0000da24                accm_write_stream
 .text.accm_read_reg
                0x0000da52       0x52 contiki-z1.a(adxl345.o)
                0x0000da52                accm_read_reg
 .text.process_thread_accmeter_process
                0x0000daa4       0x5a contiki-z1.a(adxl345.o)
 .text.accm_init
                0x0000dafe       0x90 contiki-z1.a(adxl345.o)
                0x0000dafe                accm_init
 .text.port1_isr
                0x0000db8e       0xd6 contiki-z1.a(adxl345.o)
                0x0000db8e                port1_isr
                0x0000db8e                __isr_18
 .text.timera1  0x0000dc64       0xee contiki-z1.a(clock.o)
                0x0000dc64                __isr_24
                0x0000dc64                timera1
 .text.clock_time
                0x0000dd52       0x1a contiki-z1.a(clock.o)
                0x0000dd52                clock_time
 .text.clock_init
                0x0000dd6c       0x28 contiki-z1.a(clock.o)
                0x0000dd6c                clock_init
 .text.clock_delay
                0x0000dd94        0xc contiki-z1.a(clock.o)
                0x0000dd94                clock_delay
 .text.clock_wait
                0x0000dda0       0x36 contiki-z1.a(clock.o)
                0x0000dda0                clock_wait
 .text.clock_seconds
                0x0000ddd6       0x1a contiki-z1.a(clock.o)
                0x0000ddd6                clock_seconds
 .text.leds_arch_init
                0x0000ddf0        0xe contiki-z1.a(leds-arch.o)
                0x0000ddf0                leds_arch_init
 .text.leds_arch_set
                0x0000ddfe       0x3a contiki-z1.a(leds-arch.o)
                0x0000ddfe                leds_arch_set
 .text.rtimer_arch_init
                0x0000de38        0xe contiki-z1.a(rtimer-arch.o)
                0x0000de38                rtimer_arch_init
 .text.rtimer_arch_now
                0x0000de46        0xe contiki-z1.a(rtimer-arch.o)
                0x0000de46                rtimer_arch_now
 .text.timera0  0x0000de54       0x76 contiki-z1.a(rtimer-arch.o)
                0x0000de54                __isr_25
                0x0000de54                timera0
 .text.rtimer_arch_schedule
                0x0000deca        0x6 contiki-z1.a(rtimer-arch.o)
                0x0000deca                rtimer_arch_schedule
 .text.mac_call_sent_callback
                0x0000ded0       0x14 contiki-z1.a(mac.o)
                0x0000ded0                mac_call_sent_callback
 .text.parse    0x0000dee4       0xa8 contiki-z1.a(framer-802154.o)
 .text.create   0x0000df8c      0x10a contiki-z1.a(framer-802154.o)
 .text.rpl_purge_routes
                0x0000e096       0x96 contiki-z1.a(rpl.o)
                0x0000e096                rpl_purge_routes
 .text.rpl_remove_routes
                0x0000e12c       0x22 contiki-z1.a(rpl.o)
                0x0000e12c                rpl_remove_routes
 .text.rpl_remove_routes_by_nexthop
                0x0000e14e       0x46 contiki-z1.a(rpl.o)
                0x0000e14e                rpl_remove_routes_by_nexthop
 .text.rpl_add_route
                0x0000e194       0x46 contiki-z1.a(rpl.o)
                0x0000e194                rpl_add_route
 .text.rpl_link_neighbor_callback
                0x0000e1da       0x6a contiki-z1.a(rpl.o)
                0x0000e1da                rpl_link_neighbor_callback
 .text.rpl_ipv6_neighbor_callback
                0x0000e244       0x1e contiki-z1.a(rpl.o)
                0x0000e244                rpl_ipv6_neighbor_callback
 .text.rpl_init
                0x0000e262       0x40 contiki-z1.a(rpl.o)
                0x0000e262                rpl_init
 .text.rpl_verify_header
                0x0000e2a2       0xae contiki-z1.a(rpl-ext-header.)
                0x0000e2a2                rpl_verify_header
 .text.rpl_update_header_empty
                0x0000e350       0xf8 contiki-z1.a(rpl-ext-header.)
                0x0000e350                rpl_update_header_empty
 .text.rpl_update_header_final
                0x0000e448       0x84 contiki-z1.a(rpl-ext-header.)
                0x0000e448                rpl_update_header_final
 .text.rpl_invert_header
                0x0000e4cc       0x5c contiki-z1.a(rpl-ext-header.)
                0x0000e4cc                rpl_invert_header
 .text.rpl_insert_header
                0x0000e528       0x18 contiki-z1.a(rpl-ext-header.)
                0x0000e528                rpl_insert_header
 .text.i2c_receiveinit
                0x0000e540       0x36 contiki-z1.a(i2cmaster.o)
                0x0000e540                i2c_receiveinit
 .text.i2c_transmitinit
                0x0000e576       0x30 contiki-z1.a(i2cmaster.o)
                0x0000e576                i2c_transmitinit
 .text.i2c_receive_n
                0x0000e5a6       0x44 contiki-z1.a(i2cmaster.o)
                0x0000e5a6                i2c_receive_n
 .text.i2c_busy
                0x0000e5ea        0xa contiki-z1.a(i2cmaster.o)
                0x0000e5ea                i2c_busy
 .text.i2c_enable
                0x0000e5f4       0x24 contiki-z1.a(i2cmaster.o)
                0x0000e5f4                i2c_enable
 .text.i2c_transmit_n
                0x0000e618       0x14 contiki-z1.a(i2cmaster.o)
                0x0000e618                i2c_transmit_n
 .text.i2c_tx_interrupt
                0x0000e62c       0x84 contiki-z1.a(i2cmaster.o)
                0x0000e62c                __isr_16
                0x0000e62c                i2c_tx_interrupt
 .text.i2c_rx_interrupt
                0x0000e6b0       0x18 contiki-z1.a(i2cmaster.o)
                0x0000e6b0                i2c_rx_interrupt
                0x0000e6b0                __isr_17
 .text.field_len
                0x0000e6c8       0x98 contiki-z1.a(frame802154.o)
 .text.frame802154_hdrlen
                0x0000e760       0x2e contiki-z1.a(frame802154.o)
                0x0000e760                frame802154_hdrlen
 .text.frame802154_create
                0x0000e78e      0x16c contiki-z1.a(frame802154.o)
                0x0000e78e                frame802154_create
 .text.frame802154_parse
                0x0000e8fa      0x19e contiki-z1.a(frame802154.o)
                0x0000e8fa                frame802154_parse
 .text.libgcc   0x0000ea98       0x20 /usr/lib/gcc/msp430/4.5.3/mcpu-430x/mmpy-16/libgcc.a(_mulsi3.o)
                0x0000ea98                __mulsi3
 .text.libgcc   0x0000eab8       0x1c /usr/lib/gcc/msp430/4.5.3/mcpu-430x/mmpy-16/libgcc.a(_udivmodhi4.o)
                0x0000eab8                __udivmodhi4
 .text.libgcc   0x0000ead4       0x36 /usr/lib/gcc/msp430/4.5.3/mcpu-430x/mmpy-16/libgcc.a(_divmodhi4.o)
                0x0000ead4                __divmodhi4
 .text.libgcc   0x0000eb0a       0x2a /usr/lib/gcc/msp430/4.5.3/mcpu-430x/mmpy-16/libgcc.a(_udivmodsi4.o)
                0x0000eb0a                __udivmodsi4
 .text.crt0     0x0000eb34        0x2 /usr/lib/gcc/msp430/4.5.3/mcpu-430x/mmpy-16/libcrt0.a(_unexpected_.o)
                0x0000eb34                _unexpected_

.rodata         0x0000eb36        0x0
                0x0000eb36                . = ALIGN (0x2)
 *(.rodata .rodata.* .gnu.linkonce.r.*)
                0x0000eb36                . = ALIGN (0x2)
                0x0000eb36                _etext = .

.data           0x00001100      0x114 load address 0x0000eb36
                0x00001100                . = ALIGN (0x2)
                0x00001100                PROVIDE (__data_start, .)
 *(.data)
 .data          0x00001100       0x24 border-router.co
                0x00001100                dag_id
                0x00001110                border_router_process
                0x0000111a                webserver_nogui_process
 .data          0x00001124        0x8 obj_z1/httpd-simple.o
 .data          0x0000112c        0x4 obj_z1/contiki-z1-main.o
                0x0000112c                sensors
 .data          0x00001130       0x18 contiki-z1.a(csma.o)
 .data          0x00001148       0x10 contiki-z1.a(phase.o)
 .data          0x00001158        0x8 contiki-z1.a(rpl-dag.o)
 .data          0x00001160        0x1 contiki-z1.a(rpl-icmp6.o)
 *fill*         0x00001161        0x1 00
 .data          0x00001162        0xe contiki-z1.a(rpl-mrhof.o)
                0x00001162                rpl_mrhof
 .data          0x00001170        0xa contiki-z1.a(etimer.o)
                0x00001170                etimer_process
 .data          0x0000117a        0xa contiki-z1.a(ctimer.o)
                0x0000117a                ctimer_process
 .data          0x00001184        0x8 contiki-z1.a(nbr-table.o)
 .data          0x0000118c       0x18 contiki-z1.a(queuebuf.o)
 .data          0x000011a4        0xa contiki-z1.a(tcpip.o)
                0x000011a4                tcpip_process
 .data          0x000011ae       0x18 contiki-z1.a(uip-ds6-route.o)
 .data          0x000011c6        0xa contiki-z1.a(uip-ds6-nbr.o)
                0x000011c6                ds6_neighbors
 .data          0x000011d0        0x2 contiki-z1.a(msp430.o)
 .data          0x000011d2        0xa contiki-z1.a(cc2420.o)
                0x000011d2                cc2420_process
 .data          0x000011dc        0xa contiki-z1.a(sensors.o)
                0x000011dc                sensors_process
 .data          0x000011e6        0xa contiki-z1.a(slip.o)
                0x000011e6                slip_process
 .data          0x000011f0       0x20 contiki-z1.a(adxl345.o)
                0x000011f0                accmeter_process
 .data          0x00001210        0x4 /usr/lib/gcc/msp430/4.5.3/../../../../msp430/lib/mcpu-430x/mmpy-16/libc.a(rand.o)
 *(SORT(.data.*))
                0x00001214                . = ALIGN (0x2)
 *(.gnu.linkonce.d*)
                0x00001214                . = ALIGN (0x2)
                0x00001214                _edata = .
                0x0000eb36                PROVIDE (__data_load_start, LOADADDR (.data))
                0x00000114                PROVIDE (__data_size, SIZEOF (.data))

.bss            0x00001214     0x1770 load address 0x0000ec4a
                0x00001214                PROVIDE (__bss_start, .)
 *(.bss)
 .bss           0x00001214      0x124 border-router.co
 .bss           0x00001338       0x12 obj_z1/slip-bridge.o
 .bss           0x0000134a       0xae obj_z1/httpd-simple.o
 .bss           0x000013f8        0x4 obj_z1/contiki-z1-main.o
 .bss           0x000013fc       0x8a contiki-z1.a(csma.o)
 .bss           0x00001486       0xd0 contiki-z1.a(contikimac.o)
 .bss           0x00001556      0x19c contiki-z1.a(phase.o)
 .bss           0x000016f2       0x96 contiki-z1.a(rpl-dag.o)
 .bss           0x00001788       0x18 contiki-z1.a(rpl-timers.o)
 .bss           0x000017a0       0x42 contiki-z1.a(process.o)
                0x000017a0                process_list
                0x000017a2                process_current
 .bss           0x000017e2        0x6 contiki-z1.a(etimer.o)
 .bss           0x000017e8        0x4 contiki-z1.a(ctimer.o)
 .bss           0x000017ec        0x2 contiki-z1.a(rtimer.o)
 .bss           0x000017ee       0xda contiki-z1.a(nbr-table.o)
 .bss           0x000018c8       0xba contiki-z1.a(packetbuf.o)
 .bss           0x00001982      0x3c6 contiki-z1.a(queuebuf.o)
 .bss           0x00001d48       0xbe contiki-z1.a(sicslowpan.o)
 .bss           0x00001e06       0x36 contiki-z1.a(tcpip.o)
 .bss           0x00001e3c      0x24e contiki-z1.a(uip-ds6-route.o)
 .bss           0x0000208a      0x21c contiki-z1.a(uip-ds6-nbr.o)
 .bss           0x000022a6       0x18 contiki-z1.a(uip-ds6.o)
 .bss           0x000022be       0x10 contiki-z1.a(uip-icmp6.o)
 .bss           0x000022ce        0xa contiki-z1.a(uip-nd6.o)
 .bss           0x000022d8       0x10 contiki-z1.a(uip6.o)
                0x000022d8                uip_ext_bitmap
                0x000022da                uip_ext_len
                0x000022dc                uip_ext_opt_offset
 .bss           0x000022e8        0x2 contiki-z1.a(leds.o)
 .bss           0x000022ea        0x2 contiki-z1.a(watchdog.o)
 .bss           0x000022ec        0xa contiki-z1.a(cc2420.o)
 .bss           0x000022f6        0x2 contiki-z1.a(node-id.o)
                0x000022f6                node_id
 .bss           0x000022f8        0x6 contiki-z1.a(sensors.o)
 .bss           0x000022fe        0x8 contiki-z1.a(button-sensor.o)
 .bss           0x00002306        0x4 contiki-z1.a(uart0.o)
 .bss           0x0000230a       0xa6 contiki-z1.a(slip.o)
 .bss           0x000023b0       0x16 contiki-z1.a(adxl345.o)
 .bss           0x000023c6        0xa contiki-z1.a(clock.o)
 .bss           0x000023d0        0x2 contiki-z1.a(framer-802154.o)
 .bss           0x000023d2        0x2 contiki-z1.a(i2cmaster.o)
 .bss           0x000023d4        0x4 /usr/lib/gcc/msp430/4.5.3/../../../../msp430/lib/mcpu-430x/mmpy-16/libc.a(sprintf.o)
 *(SORT(.bss.*))
 *(COMMON)
 COMMON         0x000023d8        0x2 obj_z1/contiki-z1-main.o
                0x000023d8                sensors_flags
 COMMON         0x000023da        0x8 contiki-z1.a(rimeaddr.o)
                0x000023da                rimeaddr_node_addr
 COMMON         0x000023e2       0xbe contiki-z1.a(rpl-dag.o)
                0x000023e2                default_instance
                0x000023e4                instance_table
 COMMON         0x000024a0        0x1 contiki-z1.a(process.o)
                0x000024a0                process_maxevents
 *fill*         0x000024a1        0x1 00
 COMMON         0x000024a2       0x56 contiki-z1.a(energest.o)
                0x000024a2                energest_total_time
                0x000024d2                energest_total_count
                0x000024d4                energest_current_mode
                0x000024e0                energest_current_time
 COMMON         0x000024f8       0x50 contiki-z1.a(packetbuf.o)
                0x000024f8                packetbuf_addrs
                0x00002518                packetbuf_attrs
 COMMON         0x00002548        0x8 contiki-z1.a(sicslowpan.o)
                0x00002548                frag_sender
 COMMON         0x00002550        0x1 contiki-z1.a(tcpip.o)
                0x00002550                tcpip_event
 *fill*         0x00002551        0x1 00
 COMMON         0x00002552      0x15c contiki-z1.a(uip-ds6.o)
                0x00002552                uip_ds6_timer_ra
                0x0000255a                uip_ds6_if
                0x00002646                uip_ds6_netif_addr_list_offset
                0x00002647                uip_ds6_addr_size
                0x00002648                uip_ds6_prefix_list
                0x000026a2                uip_ds6_timer_periodic
 COMMON         0x000026ae      0x2a0 contiki-z1.a(uip6.o)
                0x000026ae                uip_len
                0x000026b0                uip_sappdata
                0x000026b2                uip_acc32
                0x000026b6                uip_lladdr
                0x000026be                uip_aligned_buf
                0x0000274a                uip_flags
                0x0000274c                uip_next_hdr
                0x0000274e                uip_udp_conn
                0x00002750                uip_appdata
                0x00002752                uip_conn
                0x00002754                uip_conns
                0x00002804                uip_listenports
                0x00002814                uip_slen
                0x00002816                uip_udp_conns
 COMMON         0x0000294e       0x14 contiki-z1.a(cc2420.o)
                0x0000294e                cc2420_last_rssi
                0x00002950                cc2420_packets_read
                0x00002952                cc2420_packets_seen
                0x00002954                cc2420_sfd_start_time
                0x00002956                cc2420_time_of_departure
                0x00002958                cc2420_time_of_arrival
                0x0000295a                cc2420_last_correlation
                0x0000295c                cc2420_authority_level_of_sender
                0x0000295e                cc2420_sfd_counter
                0x00002960                cc2420_sfd_end_time
 COMMON         0x00002962        0x8 contiki-z1.a(node-id.o)
                0x00002962                node_mac
 COMMON         0x0000296a        0x1 contiki-z1.a(sensors.o)
                0x0000296a                sensors_event
 COMMON         0x0000296b        0x1 contiki-z1.a(slip.o)
                0x0000296b                slip_active
 COMMON         0x0000296c        0x7 contiki-z1.a(adxl345.o)
                0x0000296c                accm_int2_cb
                0x0000296e                int2_event
                0x00002970                accm_int1_cb
                0x00002972                int1_event
 *fill*         0x00002973        0x1 00
 COMMON         0x00002974       0x10 contiki-z1.a(i2cmaster.o)
                0x00002974                transmit_data1
                0x00002975                rx_byte_ctr
                0x00002976                tx_buf_ptr
                0x00002978                tx_byte_ctr
                0x0000297a                i
                0x0000297c                receive_data
                0x0000297e                rx_buf
                0x00002980                transmit_data2
                0x00002982                rx_buf_ptr
                0x00002984                PROVIDE (__bss_end, .)
                0x00002984                _end = .
                0x00001770                PROVIDE (__bss_size, SIZEOF (.bss))

.noinit         0x00002984        0x0 load address 0x0000ec4a
                0x00002984                PROVIDE (__noinit_start, .)
 *(.noinit)
 *(.noinit.*)
 *(COMMON)
                0x00002984                PROVIDE (__noinit_end, .)
                0x00002984                _end = .

.infomem        0x00001000        0x0
 *(.infomem)
                0x00001000                . = ALIGN (0x2)
 *(.infomem.*)

.infomemnobits  0x00001000        0x0
                0x00001000                . = ALIGN (0x2)
 *(.infomemnobits)
                0x00001000                . = ALIGN (0x2)
 *(.infomemnobits.*)

.vectors        0x0000ffc0       0x40
                0x0000ffc0                PROVIDE (__vectors_start, .)
 *(.vectors*)
 .vectors       0x0000ffc0       0x40 /usr/lib/gcc/msp430/4.5.3/mcpu-430x/mmpy-16/crt0ivtbl32.o
                0x0000ffc0                __ivtbl_32
                0x00010000                _vectors_end = .

.fartext        0x00010000        0x0
                0x00010000                . = ALIGN (0x2)
 *(.fartext)
                0x00010000                . = ALIGN (0x2)
 *(.fartext.*)
                0x00010000                _efartext = .

.profiler
 *(.profiler)

.stab
 *(.stab)

.stabstr
 *(.stabstr)

.stab.excl
 *(.stab.excl)

.stab.exclstr
 *(.stab.exclstr)

.stab.index
 *(.stab.index)

.stab.indexstr
 *(.stab.indexstr)

.comment
 *(.comment)

.debug
 *(.debug)

.line
 *(.line)

.debug_srcinfo
 *(.debug_srcinfo)

.debug_sfnames
 *(.debug_sfnames)

.debug_aranges  0x00000000      0x1a4
 *(.debug_aranges)
 .debug_aranges
                0x00000000       0x14 /usr/lib/gcc/msp430/4.5.3/mcpu-430x/mmpy-16/libgcc.a(_mulsi3.o)
 .debug_aranges
                0x00000014       0x14 /usr/lib/gcc/msp430/4.5.3/mcpu-430x/mmpy-16/libgcc.a(_udivmodhi4.o)
 .debug_aranges
                0x00000028       0x14 /usr/lib/gcc/msp430/4.5.3/mcpu-430x/mmpy-16/libgcc.a(_divmodhi4.o)
 .debug_aranges
                0x0000003c       0x14 /usr/lib/gcc/msp430/4.5.3/mcpu-430x/mmpy-16/libgcc.a(_udivmodsi4.o)
 .debug_aranges
                0x00000050       0x14 /usr/lib/gcc/msp430/4.5.3/../../../../msp430/lib/mcpu-430x/mmpy-16/libc.a(strncmp.o)
 .debug_aranges
                0x00000064       0x14 /usr/lib/gcc/msp430/4.5.3/../../../../msp430/lib/mcpu-430x/mmpy-16/libc.a(memcmp.o)
 .debug_aranges
                0x00000078       0x14 /usr/lib/gcc/msp430/4.5.3/../../../../msp430/lib/mcpu-430x/mmpy-16/libc.a(strncpy.o)
 .debug_aranges
                0x0000008c       0x14 /usr/lib/gcc/msp430/4.5.3/../../../../msp430/lib/mcpu-430x/mmpy-16/libc.a(memcpy.o)
 .debug_aranges
                0x000000a0       0x14 /usr/lib/gcc/msp430/4.5.3/../../../../msp430/lib/mcpu-430x/mmpy-16/libc.a(memmove.o)
 .debug_aranges
                0x000000b4       0x14 /usr/lib/gcc/msp430/4.5.3/../../../../msp430/lib/mcpu-430x/mmpy-16/libc.a(memset.o)
 .debug_aranges
                0x000000c8       0x14 /usr/lib/gcc/msp430/4.5.3/../../../../msp430/lib/mcpu-430x/mmpy-16/libc.a(printf.o)
 .debug_aranges
                0x000000dc       0x14 /usr/lib/gcc/msp430/4.5.3/../../../../msp430/lib/mcpu-430x/mmpy-16/libc.a(sprintf.o)
 .debug_aranges
                0x000000f0       0x14 /usr/lib/gcc/msp430/4.5.3/../../../../msp430/lib/mcpu-430x/mmpy-16/libc.a(vuprintf.o)
 .debug_aranges
                0x00000104       0x14 /usr/lib/gcc/msp430/4.5.3/../../../../msp430/lib/mcpu-430x/mmpy-16/libc.a(puts.o)
 .debug_aranges
                0x00000118       0x14 /usr/lib/gcc/msp430/4.5.3/../../../../msp430/lib/mcpu-430x/mmpy-16/libc.a(rand.o)
 .debug_aranges
                0x0000012c       0x14 /usr/lib/gcc/msp430/4.5.3/mcpu-430x/mmpy-16/libcrt0.a(__init_stack.o)
 .debug_aranges
                0x00000140       0x14 /usr/lib/gcc/msp430/4.5.3/mcpu-430x/mmpy-16/libcrt0.a(__low_level_init.o)
 .debug_aranges
                0x00000154       0x14 /usr/lib/gcc/msp430/4.5.3/mcpu-430x/mmpy-16/libcrt0.a(_copy_data.o)
 .debug_aranges
                0x00000168       0x14 /usr/lib/gcc/msp430/4.5.3/mcpu-430x/mmpy-16/libcrt0.a(_clear_bss.o)
 .debug_aranges
                0x0000017c       0x14 /usr/lib/gcc/msp430/4.5.3/mcpu-430x/mmpy-16/libcrt0.a(_endless_loop__.o)
 .debug_aranges
                0x00000190       0x14 /usr/lib/gcc/msp430/4.5.3/mcpu-430x/mmpy-16/libcrt0.a(_unexpected_.o)

.debug_pubnames
                0x00000000      0x18a
 *(.debug_pubnames)
 .debug_pubnames
                0x00000000       0x1e /usr/lib/gcc/msp430/4.5.3/../../../../msp430/lib/mcpu-430x/mmpy-16/libc.a(strncmp.o)
 .debug_pubnames
                0x0000001e       0x1d /usr/lib/gcc/msp430/4.5.3/../../../../msp430/lib/mcpu-430x/mmpy-16/libc.a(memcmp.o)
 .debug_pubnames
                0x0000003b       0x1e /usr/lib/gcc/msp430/4.5.3/../../../../msp430/lib/mcpu-430x/mmpy-16/libc.a(strncpy.o)
 .debug_pubnames
                0x00000059       0x1d /usr/lib/gcc/msp430/4.5.3/../../../../msp430/lib/mcpu-430x/mmpy-16/libc.a(memcpy.o)
 .debug_pubnames
                0x00000076       0x1e /usr/lib/gcc/msp430/4.5.3/../../../../msp430/lib/mcpu-430x/mmpy-16/libc.a(memmove.o)
 .debug_pubnames
                0x00000094       0x1d /usr/lib/gcc/msp430/4.5.3/../../../../msp430/lib/mcpu-430x/mmpy-16/libc.a(memset.o)
 .debug_pubnames
                0x000000b1       0x29 /usr/lib/gcc/msp430/4.5.3/../../../../msp430/lib/mcpu-430x/mmpy-16/libc.a(printf.o)
 .debug_pubnames
                0x000000da       0x46 /usr/lib/gcc/msp430/4.5.3/../../../../msp430/lib/mcpu-430x/mmpy-16/libc.a(sprintf.o)
 .debug_pubnames
                0x00000120       0x1f /usr/lib/gcc/msp430/4.5.3/../../../../msp430/lib/mcpu-430x/mmpy-16/libc.a(vuprintf.o)
 .debug_pubnames
                0x0000013f       0x1b /usr/lib/gcc/msp430/4.5.3/../../../../msp430/lib/mcpu-430x/mmpy-16/libc.a(puts.o)
 .debug_pubnames
                0x0000015a       0x30 /usr/lib/gcc/msp430/4.5.3/../../../../msp430/lib/mcpu-430x/mmpy-16/libc.a(rand.o)

.debug_info     0x00000000     0x167c
 *(.debug_info)
 .debug_info    0x00000000       0xe1 /usr/lib/gcc/msp430/4.5.3/mcpu-430x/mmpy-16/libgcc.a(_mulsi3.o)
 .debug_info    0x000000e1       0xe1 /usr/lib/gcc/msp430/4.5.3/mcpu-430x/mmpy-16/libgcc.a(_udivmodhi4.o)
 .debug_info    0x000001c2       0xe1 /usr/lib/gcc/msp430/4.5.3/mcpu-430x/mmpy-16/libgcc.a(_divmodhi4.o)
 .debug_info    0x000002a3       0xe1 /usr/lib/gcc/msp430/4.5.3/mcpu-430x/mmpy-16/libgcc.a(_udivmodsi4.o)
 .debug_info    0x00000384       0xbd /usr/lib/gcc/msp430/4.5.3/../../../../msp430/lib/mcpu-430x/mmpy-16/libc.a(strncmp.o)
 .debug_info    0x00000441       0xe2 /usr/lib/gcc/msp430/4.5.3/../../../../msp430/lib/mcpu-430x/mmpy-16/libc.a(memcmp.o)
 .debug_info    0x00000523       0xe3 /usr/lib/gcc/msp430/4.5.3/../../../../msp430/lib/mcpu-430x/mmpy-16/libc.a(strncpy.o)
 .debug_info    0x00000606      0x113 /usr/lib/gcc/msp430/4.5.3/../../../../msp430/lib/mcpu-430x/mmpy-16/libc.a(memcpy.o)
 .debug_info    0x00000719      0x113 /usr/lib/gcc/msp430/4.5.3/../../../../msp430/lib/mcpu-430x/mmpy-16/libc.a(memmove.o)
 .debug_info    0x0000082c       0xfe /usr/lib/gcc/msp430/4.5.3/../../../../msp430/lib/mcpu-430x/mmpy-16/libc.a(memset.o)
 .debug_info    0x0000092a      0x103 /usr/lib/gcc/msp430/4.5.3/../../../../msp430/lib/mcpu-430x/mmpy-16/libc.a(printf.o)
 .debug_info    0x00000a2d      0x277 /usr/lib/gcc/msp430/4.5.3/../../../../msp430/lib/mcpu-430x/mmpy-16/libc.a(sprintf.o)
 .debug_info    0x00000ca4      0x3b5 /usr/lib/gcc/msp430/4.5.3/../../../../msp430/lib/mcpu-430x/mmpy-16/libc.a(vuprintf.o)
 .debug_info    0x00001059       0x96 /usr/lib/gcc/msp430/4.5.3/../../../../msp430/lib/mcpu-430x/mmpy-16/libc.a(puts.o)
 .debug_info    0x000010ef      0x137 /usr/lib/gcc/msp430/4.5.3/../../../../msp430/lib/mcpu-430x/mmpy-16/libc.a(rand.o)
 .debug_info    0x00001226       0xb9 /usr/lib/gcc/msp430/4.5.3/mcpu-430x/mmpy-16/libcrt0.a(__init_stack.o)
 .debug_info    0x000012df       0xb9 /usr/lib/gcc/msp430/4.5.3/mcpu-430x/mmpy-16/libcrt0.a(__low_level_init.o)
 .debug_info    0x00001398       0xb9 /usr/lib/gcc/msp430/4.5.3/mcpu-430x/mmpy-16/libcrt0.a(_copy_data.o)
 .debug_info    0x00001451       0xb9 /usr/lib/gcc/msp430/4.5.3/mcpu-430x/mmpy-16/libcrt0.a(_clear_bss.o)
 .debug_info    0x0000150a       0xb9 /usr/lib/gcc/msp430/4.5.3/mcpu-430x/mmpy-16/libcrt0.a(_endless_loop__.o)
 .debug_info    0x000015c3       0xb9 /usr/lib/gcc/msp430/4.5.3/mcpu-430x/mmpy-16/libcrt0.a(_unexpected_.o)
 *(.gnu.linkonce.wi.*)

.debug_abbrev   0x00000000      0x8e8
 *(.debug_abbrev)
 .debug_abbrev  0x00000000       0x14 /usr/lib/gcc/msp430/4.5.3/mcpu-430x/mmpy-16/libgcc.a(_mulsi3.o)
 .debug_abbrev  0x00000014       0x14 /usr/lib/gcc/msp430/4.5.3/mcpu-430x/mmpy-16/libgcc.a(_udivmodhi4.o)
 .debug_abbrev  0x00000028       0x14 /usr/lib/gcc/msp430/4.5.3/mcpu-430x/mmpy-16/libgcc.a(_divmodhi4.o)
 .debug_abbrev  0x0000003c       0x14 /usr/lib/gcc/msp430/4.5.3/mcpu-430x/mmpy-16/libgcc.a(_udivmodsi4.o)
 .debug_abbrev  0x00000050       0x6d /usr/lib/gcc/msp430/4.5.3/../../../../msp430/lib/mcpu-430x/mmpy-16/libc.a(strncmp.o)
 .debug_abbrev  0x000000bd       0x8a /usr/lib/gcc/msp430/4.5.3/../../../../msp430/lib/mcpu-430x/mmpy-16/libc.a(memcmp.o)
 .debug_abbrev  0x00000147       0x94 /usr/lib/gcc/msp430/4.5.3/../../../../msp430/lib/mcpu-430x/mmpy-16/libc.a(strncpy.o)
 .debug_abbrev  0x000001db       0x97 /usr/lib/gcc/msp430/4.5.3/../../../../msp430/lib/mcpu-430x/mmpy-16/libc.a(memcpy.o)
 .debug_abbrev  0x00000272       0x97 /usr/lib/gcc/msp430/4.5.3/../../../../msp430/lib/mcpu-430x/mmpy-16/libc.a(memmove.o)
 .debug_abbrev  0x00000309       0x8d /usr/lib/gcc/msp430/4.5.3/../../../../msp430/lib/mcpu-430x/mmpy-16/libc.a(memset.o)
 .debug_abbrev  0x00000396       0xce /usr/lib/gcc/msp430/4.5.3/../../../../msp430/lib/mcpu-430x/mmpy-16/libc.a(printf.o)
 .debug_abbrev  0x00000464      0x105 /usr/lib/gcc/msp430/4.5.3/../../../../msp430/lib/mcpu-430x/mmpy-16/libc.a(sprintf.o)
 .debug_abbrev  0x00000569      0x1cb /usr/lib/gcc/msp430/4.5.3/../../../../msp430/lib/mcpu-430x/mmpy-16/libc.a(vuprintf.o)
 .debug_abbrev  0x00000734       0x60 /usr/lib/gcc/msp430/4.5.3/../../../../msp430/lib/mcpu-430x/mmpy-16/libc.a(puts.o)
 .debug_abbrev  0x00000794       0xdc /usr/lib/gcc/msp430/4.5.3/../../../../msp430/lib/mcpu-430x/mmpy-16/libc.a(rand.o)
 .debug_abbrev  0x00000870       0x14 /usr/lib/gcc/msp430/4.5.3/mcpu-430x/mmpy-16/libcrt0.a(__init_stack.o)
 .debug_abbrev  0x00000884       0x14 /usr/lib/gcc/msp430/4.5.3/mcpu-430x/mmpy-16/libcrt0.a(__low_level_init.o)
 .debug_abbrev  0x00000898       0x14 /usr/lib/gcc/msp430/4.5.3/mcpu-430x/mmpy-16/libcrt0.a(_copy_data.o)
 .debug_abbrev  0x000008ac       0x14 /usr/lib/gcc/msp430/4.5.3/mcpu-430x/mmpy-16/libcrt0.a(_clear_bss.o)
 .debug_abbrev  0x000008c0       0x14 /usr/lib/gcc/msp430/4.5.3/mcpu-430x/mmpy-16/libcrt0.a(_endless_loop__.o)
 .debug_abbrev  0x000008d4       0x14 /usr/lib/gcc/msp430/4.5.3/mcpu-430x/mmpy-16/libcrt0.a(_unexpected_.o)

.debug_line     0x00000000      0xcea
 *(.debug_line)
 .debug_line    0x00000000       0x9d /usr/lib/gcc/msp430/4.5.3/mcpu-430x/mmpy-16/libgcc.a(_mulsi3.o)